../Core/Src/fc/managers/position/PositionManager.c:20:9:initPositionManager	8	static
../Core/Src/fc/managers/position/PositionManager.c:39:6:upadatePositionVelocity	32	static
../Core/Src/fc/managers/position/PositionManager.c:58:6:upadatePositionAcceleration	32	static
../Core/Src/fc/managers/position/PositionManager.c:78:6:managePositionTask	32	static
../Core/Src/fc/managers/position/PositionManager.c:109:6:resetPositionManager	8	static
../Core/Src/fc/managers/position/PositionManager.c:117:6:updatePositionManagerZPosition	8	static
../Core/Src/fc/managers/position/PositionManager.c:124:6:updatePositionManagerXYPosition	0	static
../Core/Src/fc/managers/position/PositionManager.c:130:6:dampPositionManagerXYVelocity	0	static
