../Core/Src/fc/util/MathUtil.c:57:7:sinApprox	0	static
../Core/Src/fc/util/MathUtil.c:78:7:cosApprox	0	static
../Core/Src/fc/util/MathUtil.c:86:7:tanApprox	0	static
../Core/Src/fc/util/MathUtil.c:99:7:atanApprox	0	static
../Core/Src/fc/util/MathUtil.c:117:7:atan2Approx	0	static
../Core/Src/fc/util/MathUtil.c:148:7:acosApproxFast	0	static
../Core/Src/fc/util/MathUtil.c:166:7:asinApprox	0	static
../Core/Src/fc/util/MathUtil.c:183:7:asinApproxFast	0	static
../Core/Src/fc/util/MathUtil.c:207:7:fastInvSqrtf	0	static
../Core/Src/fc/util/MathUtil.c:226:7:fastSqrtf	0	static
../Core/Src/fc/util/MathUtil.c:246:7:mapToRangeFloat	0	static
../Core/Src/fc/util/MathUtil.c:259:9:constrainToRange	0	static
../Core/Src/fc/util/MathUtil.c:272:7:constrainToRangeF	0	static
../Core/Src/fc/util/MathUtil.c:288:9:applyDeadBandInt16	0	static
../Core/Src/fc/util/MathUtil.c:299:7:applyDeadBandFloat	0	static
../Core/Src/fc/util/MathUtil.c:314:7:convertRadToDeg	0	static
../Core/Src/fc/util/MathUtil.c:321:7:convertDegToRad	0	static
../Core/Src/fc/util/MathUtil.c:333:9:shiftBitsRight	0	static
../Core/Src/fc/util/MathUtil.c:345:9:shiftBitsLeft32	0	static
../Core/Src/fc/util/MathUtil.c:352:9:isInRangeF	0	static
