../Core/Src/fc/io/uart/UART7.c:22:6:DMA1_Stream5_IRQHandler	0	static
../Core/Src/fc/io/uart/UART7.c:31:6:DMA1_Stream4_IRQHandler	16	static,ignoring_inline_asm
../Core/Src/fc/io/uart/UART7.c:70:6:uart7DMAConfigTX	8	static,ignoring_inline_asm
../Core/Src/fc/io/uart/UART7.c:102:6:uart7DMAConfigRX	12	static,ignoring_inline_asm
../Core/Src/fc/io/uart/UART7.c:134:6:uart7DMAConfig	16	static,ignoring_inline_asm
../Core/Src/fc/io/uart/UART7.c:146:6:uart7Config	80	static,ignoring_inline_asm
../Core/Src/fc/io/uart/UART7.c:181:9:uart7Init	16	static,ignoring_inline_asm
../Core/Src/fc/io/uart/UART7.c:195:6:uart7WriteDMA	4	static,ignoring_inline_asm
../Core/Src/fc/io/uart/UART7.c:209:6:uart7Write	0	static
../Core/Src/fc/io/uart/UART7.c:222:9:uart7ReadStart	4	static,ignoring_inline_asm
