../Core/Src/fc/sensors/altitude/devices/bmp390/BMP390.c:319:6:__deviceBaroBMP390Callback	4	static
../Core/Src/fc/sensors/altitude/devices/bmp390/BMP390.c:26:9:baroCheckConnection	64	static
../Core/Src/fc/sensors/altitude/devices/bmp390/BMP390.c:75:9:bmpReadCalib	16	static
../Core/Src/fc/sensors/altitude/devices/bmp390/BMP390.c:137:9:bmp390SoftReset	8	static
../Core/Src/fc/sensors/altitude/devices/bmp390/BMP390.c:145:9:bmp390SetOSR	8	static
../Core/Src/fc/sensors/altitude/devices/bmp390/BMP390.c:175:9:bmp390SetIIRFilter	8	static
../Core/Src/fc/sensors/altitude/devices/bmp390/BMP390.c:199:9:bmp390SetODR	8	static
../Core/Src/fc/sensors/altitude/devices/bmp390/BMP390.c:221:9:bmp390SetPWRControl	8	static
../Core/Src/fc/sensors/altitude/devices/bmp390/BMP390.c:231:9:bmp390Configure	16	static
../Core/Src/fc/sensors/altitude/devices/bmp390/BMP390.c:38:9:deviceBaroInit	64	static
../Core/Src/fc/sensors/altitude/devices/bmp390/BMP390.c:245:6:bmp390CalculateTemp	0	static
../Core/Src/fc/sensors/altitude/devices/bmp390/BMP390.c:251:6:bmp390CalculatePressure	0	static
../Core/Src/fc/sensors/altitude/devices/bmp390/BMP390.c:280:6:bmp390Caliberate	0	static
../Core/Src/fc/sensors/altitude/devices/bmp390/BMP390.c:289:6:bmp390CalculateAltitude	8	static
../Core/Src/fc/sensors/altitude/devices/bmp390/BMP390.c:299:6:deviceBaroBMP390DataProcess	8	static
../Core/Src/fc/sensors/altitude/devices/bmp390/BMP390.c:305:9:deviceBaroLoadData	16	static
../Core/Src/fc/sensors/altitude/devices/bmp390/BMP390.c:327:9:deviceBaroRead	8	static
../Core/Src/fc/sensors/altitude/devices/bmp390/BMP390.c:343:9:deviceBaroReset	8	static
