../Core/Src/fc/io/indicator/led/LED.c:19:9:deviceLedsInit	8	static
../Core/Src/fc/io/indicator/led/LED.c:42:6:deviceLed1On	0	static
../Core/Src/fc/io/indicator/led/LED.c:46:6:deviceLed1Off	0	static
../Core/Src/fc/io/indicator/led/LED.c:50:6:deviceLed1Toggle	0	static
../Core/Src/fc/io/indicator/led/LED.c:54:6:deviceLed2On	0	static
../Core/Src/fc/io/indicator/led/LED.c:58:6:deviceLed2Off	0	static
../Core/Src/fc/io/indicator/led/LED.c:62:6:deviceLed2Toggle	0	static
../Core/Src/fc/io/indicator/led/LED.c:66:6:deviceLed3On	0	static
../Core/Src/fc/io/indicator/led/LED.c:70:6:deviceLed3Off	0	static
../Core/Src/fc/io/indicator/led/LED.c:74:6:deviceLed3Toggle	0	static
