../Core/Src/fc/managers/altitude/AltitudeManager.c:80:6:readBaroSensorTimerCallback	0	static
../Core/Src/fc/managers/altitude/AltitudeManager.c:48:9:initAltitudeManager	8	static
../Core/Src/fc/managers/altitude/AltitudeManager.c:84:6:startAltitudeSensorsRead	8	static
../Core/Src/fc/managers/altitude/AltitudeManager.c:90:6:manageAltControlSettings	24	static
../Core/Src/fc/managers/altitude/AltitudeManager.c:129:6:handleThrottleChange	8	static
../Core/Src/fc/managers/altitude/AltitudeManager.c:145:6:calculateTiltCompThrottle	24	static
../Core/Src/fc/managers/altitude/AltitudeManager.c:169:6:updateAltitudeRefernces	0	static
../Core/Src/fc/managers/altitude/AltitudeManager.c:177:7:getClampedCurrentAltitude	8	static
../Core/Src/fc/managers/altitude/AltitudeManager.c:184:6:manageAltitude	40	static
../Core/Src/fc/managers/altitude/AltitudeManager.c:237:6:manageAltitudeTask	16	static
../Core/Src/fc/managers/altitude/AltitudeManager.c:212:6:resetAltMgrStates	4	static
../Core/Src/fc/managers/altitude/AltitudeManager.c:250:6:doAltitudeManagement	16	static
../Core/Src/fc/managers/altitude/AltitudeManager.c:266:6:resetAltitudeManager	8	static
