../Core/Src/fc/managers/altitude/AltitudeManager.c:83:6:readBaroSensorTimerCallback	0	static
../Core/Src/fc/managers/altitude/AltitudeManager.c:50:9:initAltitudeManager	8	static
../Core/Src/fc/managers/altitude/AltitudeManager.c:87:6:startAltitudeSensorsRead	8	static
../Core/Src/fc/managers/altitude/AltitudeManager.c:93:6:manageAltControlSettings	24	static
../Core/Src/fc/managers/altitude/AltitudeManager.c:132:6:handleThrottleChange	8	static
../Core/Src/fc/managers/altitude/AltitudeManager.c:148:6:updateTiltCompThDelta	24	static
../Core/Src/fc/managers/altitude/AltitudeManager.c:192:6:updateAltitudeRefernces	0	static
../Core/Src/fc/managers/altitude/AltitudeManager.c:200:7:getClampedCurrentAltitude	8	static
../Core/Src/fc/managers/altitude/AltitudeManager.c:207:6:manageAltitude	32	static
../Core/Src/fc/managers/altitude/AltitudeManager.c:262:6:manageAltitudeTask	16	static
../Core/Src/fc/managers/altitude/AltitudeManager.c:237:6:resetAltMgrStates	4	static
../Core/Src/fc/managers/altitude/AltitudeManager.c:275:6:doAltitudeManagement	16	static
../Core/Src/fc/managers/altitude/AltitudeManager.c:291:6:resetAltitudeManager	8	static
