../Core/Src/fc/managers/altitude/AltitudeManager.c:85:6:readBaroSensorTimerCallback	0	static
../Core/Src/fc/managers/altitude/AltitudeManager.c:52:9:initAltitudeManager	16	static
../Core/Src/fc/managers/altitude/AltitudeManager.c:89:6:startAltitudeSensorsRead	8	static
../Core/Src/fc/managers/altitude/AltitudeManager.c:95:6:manageAltControlSettings	24	static
../Core/Src/fc/managers/altitude/AltitudeManager.c:134:6:handleThrottleChange	8	static
../Core/Src/fc/managers/altitude/AltitudeManager.c:150:6:calculateTiltCompThrottle	24	static
../Core/Src/fc/managers/altitude/AltitudeManager.c:174:6:updateAltitudeRefernces	0	static
../Core/Src/fc/managers/altitude/AltitudeManager.c:182:7:getClampedCurrentAltitude	8	static
../Core/Src/fc/managers/altitude/AltitudeManager.c:189:6:calculateVenturiBias	32	static
../Core/Src/fc/managers/altitude/AltitudeManager.c:215:6:calculateVenturiBiasBackup	0	static
../Core/Src/fc/managers/altitude/AltitudeManager.c:240:6:calculateVenturiBiasAI	24	static
../Core/Src/fc/managers/altitude/AltitudeManager.c:266:6:manageAltitude	40	static
../Core/Src/fc/managers/altitude/AltitudeManager.c:326:6:manageAltitudeTask	16	static
../Core/Src/fc/managers/altitude/AltitudeManager.c:297:6:resetAltMgrStates	4	static
../Core/Src/fc/managers/altitude/AltitudeManager.c:339:6:doAltitudeManagement	16	static
../Core/Src/fc/managers/altitude/AltitudeManager.c:355:6:resetAltitudeManager	8	static
