../Core/Src/fc/managers/altitude/AltitudeManager.c:81:6:readBaroSensorTimerCallback	0	static
../Core/Src/fc/managers/altitude/AltitudeManager.c:50:9:initAltitudeManager	8	static
../Core/Src/fc/managers/altitude/AltitudeManager.c:85:6:startAltitudeSensorsRead	8	static
../Core/Src/fc/managers/altitude/AltitudeManager.c:91:6:manageAltControlSettings	24	static
../Core/Src/fc/managers/altitude/AltitudeManager.c:130:6:handleThrottleChange	8	static
../Core/Src/fc/managers/altitude/AltitudeManager.c:146:6:calculateTiltCompThrottle	24	static
../Core/Src/fc/managers/altitude/AltitudeManager.c:170:6:updateAltitudeRefernces	0	static
../Core/Src/fc/managers/altitude/AltitudeManager.c:178:7:getClampedCurrentAltitude	8	static
../Core/Src/fc/managers/altitude/AltitudeManager.c:185:6:calculateVenturiBiasOld	16	static
../Core/Src/fc/managers/altitude/AltitudeManager.c:220:6:calculateVenturiBias	16	static
../Core/Src/fc/managers/altitude/AltitudeManager.c:248:6:manageAltitude	40	static
../Core/Src/fc/managers/altitude/AltitudeManager.c:308:6:manageAltitudeTask	16	static
../Core/Src/fc/managers/altitude/AltitudeManager.c:279:6:resetAltMgrStates	4	static
../Core/Src/fc/managers/altitude/AltitudeManager.c:321:6:doAltitudeManagement	16	static
../Core/Src/fc/managers/altitude/AltitudeManager.c:337:6:resetAltitudeManager	8	static
