../Core/Src/fc/control/altitude/AltitudeControl.c:18:9:initAltitudeControl	16	static
../Core/Src/fc/control/altitude/AltitudeControl.c:47:6:resetAltitudeControlMPLimits	0	static
../Core/Src/fc/control/altitude/AltitudeControl.c:51:6:resetAltitudeControlRILimits	0	static
../Core/Src/fc/control/altitude/AltitudeControl.c:55:7:getAltitudeControlMPValue	0	static
../Core/Src/fc/control/altitude/AltitudeControl.c:59:7:getAltitudeControlRIValue	0	static
../Core/Src/fc/control/altitude/AltitudeControl.c:63:6:applyAltitudeControlMPMinLimitToValue	8	static
../Core/Src/fc/control/altitude/AltitudeControl.c:68:6:applyAltitudeControlRIMinLimitToValue	8	static
../Core/Src/fc/control/altitude/AltitudeControl.c:73:6:resetAltitudeControlMaster	0	static
../Core/Src/fc/control/altitude/AltitudeControl.c:77:6:resetAltitudeControlRate	0	static
../Core/Src/fc/control/altitude/AltitudeControl.c:81:6:resetAltitudeControl	8	static
../Core/Src/fc/control/altitude/AltitudeControl.c:93:6:suspendAltitudeRIControl	0	static
../Core/Src/fc/control/altitude/AltitudeControl.c:97:6:resumeAltitudeRIControl	0	static
../Core/Src/fc/control/altitude/AltitudeControl.c:101:6:setAltitudeRIControl	8	static
../Core/Src/fc/control/altitude/AltitudeControl.c:105:6:resetAltitudeRateControl	8	static
../Core/Src/fc/control/altitude/AltitudeControl.c:110:6:resetAltitudeRIControl	0	static
../Core/Src/fc/control/altitude/AltitudeControl.c:114:6:resetAltitudeMasterControl	8	static
../Core/Src/fc/control/altitude/AltitudeControl.c:119:6:resetAltitudeControlMPMinLimit	0	static
../Core/Src/fc/control/altitude/AltitudeControl.c:131:6:controlAltitude	24	static
../Core/Src/fc/control/altitude/AltitudeControl.c:145:6:controlAltitudeWithGains	24	static
