Archive member included to satisfy reference by file (symbol)

C:/ST/STM32CubeIDE_1.19.0/STM32CubeIDE/plugins/com.st.stm32cube.ide.mcu.externaltools.gnu-tools-for-stm32.13.3.rel1.win32_1.0.0.202411081344/tools/bin/../lib/gcc/arm-none-eabi/13.3.1/../../../../arm-none-eabi/lib/thumb/v7e-m+dp/hard\libc_nano.a(libc_a-exit.o)
                              C:/ST/STM32CubeIDE_1.19.0/STM32CubeIDE/plugins/com.st.stm32cube.ide.mcu.externaltools.gnu-tools-for-stm32.13.3.rel1.win32_1.0.0.202411081344/tools/bin/../lib/gcc/arm-none-eabi/13.3.1/../../../../arm-none-eabi/lib/thumb/v7e-m+dp/hard/crt0.o (exit)
C:/ST/STM32CubeIDE_1.19.0/STM32CubeIDE/plugins/com.st.stm32cube.ide.mcu.externaltools.gnu-tools-for-stm32.13.3.rel1.win32_1.0.0.202411081344/tools/bin/../lib/gcc/arm-none-eabi/13.3.1/../../../../arm-none-eabi/lib/thumb/v7e-m+dp/hard\libc_nano.a(libc_a-malloc.o)
                              ./Core/Src/fc/dsp/CircularQueue.o (malloc)
C:/ST/STM32CubeIDE_1.19.0/STM32CubeIDE/plugins/com.st.stm32cube.ide.mcu.externaltools.gnu-tools-for-stm32.13.3.rel1.win32_1.0.0.202411081344/tools/bin/../lib/gcc/arm-none-eabi/13.3.1/../../../../arm-none-eabi/lib/thumb/v7e-m+dp/hard\libc_nano.a(libc_a-mallocr.o)
                              C:/ST/STM32CubeIDE_1.19.0/STM32CubeIDE/plugins/com.st.stm32cube.ide.mcu.externaltools.gnu-tools-for-stm32.13.3.rel1.win32_1.0.0.202411081344/tools/bin/../lib/gcc/arm-none-eabi/13.3.1/../../../../arm-none-eabi/lib/thumb/v7e-m+dp/hard\libc_nano.a(libc_a-malloc.o) (_malloc_r)
C:/ST/STM32CubeIDE_1.19.0/STM32CubeIDE/plugins/com.st.stm32cube.ide.mcu.externaltools.gnu-tools-for-stm32.13.3.rel1.win32_1.0.0.202411081344/tools/bin/../lib/gcc/arm-none-eabi/13.3.1/../../../../arm-none-eabi/lib/thumb/v7e-m+dp/hard\libc_nano.a(libc_a-mlock.o)
                              C:/ST/STM32CubeIDE_1.19.0/STM32CubeIDE/plugins/com.st.stm32cube.ide.mcu.externaltools.gnu-tools-for-stm32.13.3.rel1.win32_1.0.0.202411081344/tools/bin/../lib/gcc/arm-none-eabi/13.3.1/../../../../arm-none-eabi/lib/thumb/v7e-m+dp/hard\libc_nano.a(libc_a-mallocr.o) (__malloc_lock)
C:/ST/STM32CubeIDE_1.19.0/STM32CubeIDE/plugins/com.st.stm32cube.ide.mcu.externaltools.gnu-tools-for-stm32.13.3.rel1.win32_1.0.0.202411081344/tools/bin/../lib/gcc/arm-none-eabi/13.3.1/../../../../arm-none-eabi/lib/thumb/v7e-m+dp/hard\libc_nano.a(libc_a-nano-vfprintf_float.o)
                              (_printf_float)
C:/ST/STM32CubeIDE_1.19.0/STM32CubeIDE/plugins/com.st.stm32cube.ide.mcu.externaltools.gnu-tools-for-stm32.13.3.rel1.win32_1.0.0.202411081344/tools/bin/../lib/gcc/arm-none-eabi/13.3.1/../../../../arm-none-eabi/lib/thumb/v7e-m+dp/hard\libc_nano.a(libc_a-nano-vfprintf_i.o)
                              C:/ST/STM32CubeIDE_1.19.0/STM32CubeIDE/plugins/com.st.stm32cube.ide.mcu.externaltools.gnu-tools-for-stm32.13.3.rel1.win32_1.0.0.202411081344/tools/bin/../lib/gcc/arm-none-eabi/13.3.1/../../../../arm-none-eabi/lib/thumb/v7e-m+dp/hard\libc_nano.a(libc_a-nano-vfprintf_float.o) (_printf_common)
C:/ST/STM32CubeIDE_1.19.0/STM32CubeIDE/plugins/com.st.stm32cube.ide.mcu.externaltools.gnu-tools-for-stm32.13.3.rel1.win32_1.0.0.202411081344/tools/bin/../lib/gcc/arm-none-eabi/13.3.1/../../../../arm-none-eabi/lib/thumb/v7e-m+dp/hard\libc_nano.a(libc_a-nano-vfscanf_float.o)
                              (_scanf_float)
C:/ST/STM32CubeIDE_1.19.0/STM32CubeIDE/plugins/com.st.stm32cube.ide.mcu.externaltools.gnu-tools-for-stm32.13.3.rel1.win32_1.0.0.202411081344/tools/bin/../lib/gcc/arm-none-eabi/13.3.1/../../../../arm-none-eabi/lib/thumb/v7e-m+dp/hard\libc_nano.a(libc_a-findfp.o)
                              C:/ST/STM32CubeIDE_1.19.0/STM32CubeIDE/plugins/com.st.stm32cube.ide.mcu.externaltools.gnu-tools-for-stm32.13.3.rel1.win32_1.0.0.202411081344/tools/bin/../lib/gcc/arm-none-eabi/13.3.1/../../../../arm-none-eabi/lib/thumb/v7e-m+dp/hard\libc_nano.a(libc_a-exit.o) (__stdio_exit_handler)
C:/ST/STM32CubeIDE_1.19.0/STM32CubeIDE/plugins/com.st.stm32cube.ide.mcu.externaltools.gnu-tools-for-stm32.13.3.rel1.win32_1.0.0.202411081344/tools/bin/../lib/gcc/arm-none-eabi/13.3.1/../../../../arm-none-eabi/lib/thumb/v7e-m+dp/hard\libc_nano.a(libc_a-fwalk.o)
                              C:/ST/STM32CubeIDE_1.19.0/STM32CubeIDE/plugins/com.st.stm32cube.ide.mcu.externaltools.gnu-tools-for-stm32.13.3.rel1.win32_1.0.0.202411081344/tools/bin/../lib/gcc/arm-none-eabi/13.3.1/../../../../arm-none-eabi/lib/thumb/v7e-m+dp/hard\libc_nano.a(libc_a-findfp.o) (_fwalk_sglue)
C:/ST/STM32CubeIDE_1.19.0/STM32CubeIDE/plugins/com.st.stm32cube.ide.mcu.externaltools.gnu-tools-for-stm32.13.3.rel1.win32_1.0.0.202411081344/tools/bin/../lib/gcc/arm-none-eabi/13.3.1/../../../../arm-none-eabi/lib/thumb/v7e-m+dp/hard\libc_nano.a(libc_a-sprintf.o)
                              ./Core/Src/fc/sensors/altitude/devices/bmp390/BMP390.o (sprintf)
[...]
Memory Configuration

Name             Origin             Length             Attributes
ITCMRAM          0x00000000         0x00010000         xrw
DTCMRAM          0x20000000         0x00020000         xrw
FLASH            0x08000000         0x00100000         xr
RAM_D1           0x24000000         0x00050000         xrw
RAM_D2           0x30000000         0x00008000         xrw
RAM_D3           0x38000000         0x00004000         xrw
*default*        0x00000000         0xffffffff

Linker script and memory map

LOAD C:/ST/STM32CubeIDE_1.19.0/STM32CubeIDE/plugins/com.st.stm32cube.ide.mcu.externaltools.gnu-tools-for-stm32.13.3.rel1.win32_1.0.0.202411081344/tools/bin/../lib/gcc/arm-none-eabi/13.3.1/thumb/v7e-m+dp/hard/crti.o
LOAD C:/ST/STM32CubeIDE_1.19.0/STM32CubeIDE/plugins/com.st.stm32cube.ide.mcu.externaltools.gnu-tools-for-stm32.13.3.rel1.win32_1.0.0.202411081344/tools/bin/../lib/gcc/arm-none-eabi/13.3.1/thumb/v7e-m+dp/hard/crtbegin.o
LOAD C:/ST/STM32CubeIDE_1.19.0/STM32CubeIDE/plugins/com.st.stm32cube.ide.mcu.externaltools.gnu-tools-for-stm32.13.3.rel1.win32_1.0.0.202411081344/tools/bin/../lib/gcc/arm-none-eabi/13.3.1/../../../../arm-none-eabi/lib/thumb/v7e-m+dp/hard/crt0.o
LOAD ./Core/Src/fc/calibration/Calibration.o
LOAD ./Core/Src/fc/control/ControlData.o
LOAD ./Core/Src/fc/control/Pid.o
LOAD ./Core/Src/fc/control/altitude/AltitudeControl.o
LOAD ./Core/Src/fc/control/attitude/AttitudeControl.o
LOAD ./Core/Src/fc/dsp/BiQuadFilter.o
LOAD ./Core/Src/fc/dsp/CircularQueue.o
LOAD ./Core/Src/fc/dsp/CircularQueue2D.o
LOAD ./Core/Src/fc/dsp/FFT.o
LOAD ./Core/Src/fc/dsp/HighPassFilter.o
LOAD ./Core/Src/fc/dsp/LeakyIntegrationFilter.o
LOAD ./Core/Src/fc/dsp/LowPassFilter.o
LOAD ./Core/Src/fc/dsp/TimeDecayFilter.o
LOAD ./Core/Src/fc/imu/IMU.o
LOAD ./Core/Src/fc/imu/MadgwickFilter.o
LOAD ./Core/Src/fc/imu/MahonyFilter.o
LOAD ./Core/Src/fc/io/indicator/Indicator.o
LOAD ./Core/Src/fc/io/indicator/led/LED.o
LOAD ./Core/Src/fc/io/pwm/PWM.o
LOAD ./Core/Src/fc/io/spi/SPI2.o
LOAD ./Core/Src/fc/io/spi/SPI4.o
LOAD ./Core/Src/fc/io/spi/SPI6.o
LOAD ./Core/Src/fc/io/uart/UART4.o
LOAD ./Core/Src/fc/io/uart/UART5.o
LOAD ./Core/Src/fc/io/uart/UART7.o
LOAD ./Core/Src/fc/logger/Logger.o
LOAD ./Core/Src/fc/managers/FCManager.o
LOAD ./Core/Src/fc/managers/altitude/AltitudeManager.o
LOAD ./Core/Src/fc/managers/attitude/AttitudeManager.o
LOAD ./Core/Src/fc/managers/config/ConfigHelper.o
LOAD ./Core/Src/fc/managers/config/ConfigManager.o
LOAD ./Core/Src/fc/managers/debug/DebugManager.o
LOAD ./Core/Src/fc/managers/indicator/IndicatorManager.o
LOAD ./Core/Src/fc/managers/output/OutputManager.o
LOAD ./Core/Src/fc/managers/position/PositionManager.o
LOAD ./Core/Src/fc/managers/position/estimator/PositionEstimator.o
LOAD ./Core/Src/fc/managers/rc/RCManager.o
LOAD ./Core/Src/fc/memory/Memory.o
LOAD ./Core/Src/fc/sensors/altitude/AltitudeSensor.o
LOAD ./Core/Src/fc/sensors/altitude/devices/AltitudeDevice.o
LOAD ./Core/Src/fc/sensors/altitude/devices/bmp390/BMP390.o
LOAD ./Core/Src/fc/sensors/altitude/devices/bmp581/BMP581.o
LOAD ./Core/Src/fc/sensors/attitude/AttitudeSensor.o
LOAD ./Core/Src/fc/sensors/attitude/devices/AttitudeDevice.o
LOAD ./Core/Src/fc/sensors/attitude/devices/ism330/ISM330.o
LOAD ./Core/Src/fc/sensors/attitude/devices/rm3100/RM3100.o
LOAD ./Core/Src/fc/sensors/attitude/noisefilter/AdaptiveNotchFilter.o
LOAD ./Core/Src/fc/sensors/attitude/noisefilter/AttitudeNoiseFilter.o
LOAD ./Core/Src/fc/sensors/rc/RCSensor.o
LOAD ./Core/Src/fc/sensors/rc/devices/FSIA.o
LOAD ./Core/Src/fc/status/FCStatus.o
LOAD ./Core/Src/fc/storage/flash/Flash.o
LOAD ./Core/Src/fc/timers/DWTTimer.o
LOAD ./Core/Src/fc/timers/DelayTimer.o
LOAD ./Core/Src/fc/timers/DeltaTimer.o
LOAD ./Core/Src/fc/timers/GPTimer24.o
LOAD ./Core/Src/fc/timers/GPTimer3.o
LOAD ./Core/Src/fc/timers/GPTimer4.o
LOAD ./Core/Src/fc/timers/GPTimer6.o
LOAD ./Core/Src/fc/timers/GPTimer7.o
LOAD ./Core/Src/fc/timers/Scheduler.o
LOAD ./Core/Src/fc/util/CommonUtil.o
LOAD ./Core/Src/fc/util/MathUtil.o
LOAD ./Core/Src/main.o
LOAD ./Core/Src/stm32h7xx_hal_msp.o
LOAD ./Core/Src/stm32h7xx_hal_timebase_tim.o
LOAD ./Core/Src/stm32h7xx_it.o
LOAD ./Core/Src/syscalls.o
LOAD ./Core/Src/sysmem.o
LOAD ./Core/Src/system_stm32h7xx.o
LOAD ./Core/Startup/startup_stm32h723vgtx.o
LOAD ./Core/ThreadSafe/newlib_lock_glue.o
LOAD ./Drivers/STM32H7xx_HAL_Driver/Src/stm32h7xx_hal.o
LOAD ./Drivers/STM32H7xx_HAL_Driver/Src/stm32h7xx_hal_cortex.o
LOAD ./Drivers/STM32H7xx_HAL_Driver/Src/stm32h7xx_hal_dma.o
LOAD ./Drivers/STM32H7xx_HAL_Driver/Src/stm32h7xx_hal_dma_ex.o
LOAD ./Drivers/STM32H7xx_HAL_Driver/Src/stm32h7xx_hal_exti.o
LOAD ./Drivers/STM32H7xx_HAL_Driver/Src/stm32h7xx_hal_flash.o
LOAD ./Drivers/STM32H7xx_HAL_Driver/Src/stm32h7xx_hal_flash_ex.o
LOAD ./Drivers/STM32H7xx_HAL_Driver/Src/stm32h7xx_hal_gpio.o
LOAD ./Drivers/STM32H7xx_HAL_Driver/Src/stm32h7xx_hal_hsem.o
LOAD ./Drivers/STM32H7xx_HAL_Driver/Src/stm32h7xx_hal_i2c.o
LOAD ./Drivers/STM32H7xx_HAL_Driver/Src/stm32h7xx_hal_i2c_ex.o
LOAD ./Drivers/STM32H7xx_HAL_Driver/Src/stm32h7xx_hal_mdma.o
LOAD ./Drivers/STM32H7xx_HAL_Driver/Src/stm32h7xx_hal_pwr.o
LOAD ./Drivers/STM32H7xx_HAL_Driver/Src/stm32h7xx_hal_pwr_ex.o
LOAD ./Drivers/STM32H7xx_HAL_Driver/Src/stm32h7xx_hal_rcc.o
LOAD ./Drivers/STM32H7xx_HAL_Driver/Src/stm32h7xx_hal_rcc_ex.o
LOAD ./Drivers/STM32H7xx_HAL_Driver/Src/stm32h7xx_hal_tim.o
LOAD ./Drivers/STM32H7xx_HAL_Driver/Src/stm32h7xx_hal_tim_ex.o
LOAD ./Drivers/STM32H7xx_HAL_Driver/Src/stm32h7xx_ll_bdma.o
LOAD ./Drivers/STM32H7xx_HAL_Driver/Src/stm32h7xx_ll_dma.o
LOAD ./Drivers/STM32H7xx_HAL_Driver/Src/stm32h7xx_ll_exti.o
LOAD ./Drivers/STM32H7xx_HAL_Driver/Src/stm32h7xx_ll_gpio.o
LOAD ./Drivers/STM32H7xx_HAL_Driver/Src/stm32h7xx_ll_rcc.o
LOAD ./Drivers/STM32H7xx_HAL_Driver/Src/stm32h7xx_ll_spi.o
LOAD ./Drivers/STM32H7xx_HAL_Driver/Src/stm32h7xx_ll_tim.o
LOAD ./Drivers/STM32H7xx_HAL_Driver/Src/stm32h7xx_ll_usart.o
LOAD ./Drivers/STM32H7xx_HAL_Driver/Src/stm32h7xx_ll_utils.o
START GROUP
LOAD C:/ST/STM32CubeIDE_1.19.0/STM32CubeIDE/plugins/com.st.stm32cube.ide.mcu.externaltools.gnu-tools-for-stm32.13.3.rel1.win32_1.0.0.202411081344/tools/bin/../lib/gcc/arm-none-eabi/13.3.1/../../../../arm-none-eabi/lib/thumb/v7e-m+dp/hard\libc_nano.a
LOAD C:/ST/STM32CubeIDE_1.19.0/STM32CubeIDE/plugins/com.st.stm32cube.ide.mcu.externaltools.gnu-tools-for-stm32.13.3.rel1.win32_1.0.0.202411081344/tools/bin/../lib/gcc/arm-none-eabi/13.3.1/../../../../arm-none-eabi/lib/thumb/v7e-m+dp/hard\libm.a
END GROUP
START GROUP
LOAD C:/ST/STM32CubeIDE_1.19.0/STM32CubeIDE/plugins/com.st.stm32cube.ide.mcu.externaltools.gnu-tools-for-stm32.13.3.rel1.win32_1.0.0.202411081344/tools/bin/../lib/gcc/arm-none-eabi/13.3.1/thumb/v7e-m+dp/hard\libgcc.a
LOAD C:/ST/STM32CubeIDE_1.19.0/STM32CubeIDE/plugins/com.st.stm32cube.ide.mcu.externaltools.gnu-tools-for-stm32.13.3.rel1.win32_1.0.0.202411081344/tools/bin/../lib/gcc/arm-none-eabi/13.3.1/../../../../arm-none-eabi/lib/thumb/v7e-m+dp/hard\libc_nano.a
END GROUP
START GROUP
LOAD C:/ST/STM32CubeIDE_1.19.0/STM32CubeIDE/plugins/com.st.stm32cube.ide.mcu.externaltools.gnu-tools-for-stm32.13.3.rel1.win32_1.0.0.202411081344/tools/bin/../lib/gcc/arm-none-eabi/13.3.1/thumb/v7e-m+dp/hard\libgcc.a
LOAD C:/ST/STM32CubeIDE_1.19.0/STM32CubeIDE/plugins/com.st.stm32cube.ide.mcu.externaltools.gnu-tools-for-stm32.13.3.rel1.win32_1.0.0.202411081344/tools/bin/../lib/gcc/arm-none-eabi/13.3.1/../../../../arm-none-eabi/lib/thumb/v7e-m+dp/hard\libc_nano.a
LOAD C:/ST/STM32CubeIDE_1.19.0/STM32CubeIDE/plugins/com.st.stm32cube.ide.mcu.externaltools.gnu-tools-for-stm32.13.3.rel1.win32_1.0.0.202411081344/tools/bin/../lib/gcc/arm-none-eabi/13.3.1/../../../../arm-none-eabi/lib/thumb/v7e-m+dp/hard\libnosys.a
END GROUP
START GROUP
LOAD C:/ST/STM32CubeIDE_1.19.0/STM32CubeIDE/plugins/com.st.stm32cube.ide.mcu.externaltools.gnu-tools-for-stm32.13.3.rel1.win32_1.0.0.202411081344/tools/bin/../lib/gcc/arm-none-eabi/13.3.1/thumb/v7e-m+dp/hard\libgcc.a
LOAD C:/ST/STM32CubeIDE_1.19.0/STM32CubeIDE/plugins/com.st.stm32cube.ide.mcu.externaltools.gnu-tools-for-stm32.13.3.rel1.win32_1.0.0.202411081344/tools/bin/../lib/gcc/arm-none-eabi/13.3.1/../../../../arm-none-eabi/lib/thumb/v7e-m+dp/hard\libc_nano.a
LOAD C:/ST/STM32CubeIDE_1.19.0/STM32CubeIDE/plugins/com.st.stm32cube.ide.mcu.externaltools.gnu-tools-for-stm32.13.3.rel1.win32_1.0.0.202411081344/tools/bin/../lib/gcc/arm-none-eabi/13.3.1/../../../../arm-none-eabi/lib/thumb/v7e-m+dp/hard\libnosys.a
END GROUP
LOAD C:/ST/STM32CubeIDE_1.19.0/STM32CubeIDE/plugins/com.st.stm32cube.ide.mcu.externaltools.gnu-tools-for-stm32.13.3.rel1.win32_1.0.0.202411081344/tools/bin/../lib/gcc/arm-none-eabi/13.3.1/thumb/v7e-m+dp/hard/crtend.o
LOAD C:/ST/STM32CubeIDE_1.19.0/STM32CubeIDE/plugins/com.st.stm32cube.ide.mcu.externaltools.gnu-tools-for-stm32.13.3.rel1.win32_1.0.0.202411081344/tools/bin/../lib/gcc/arm-none-eabi/13.3.1/thumb/v7e-m+dp/hard/crtn.o
                0x24050000                        _estack = (ORIGIN (RAM_D1) + LENGTH (RAM_D1))
                0x00001000                        _Min_Heap_Size = 0x1000
                0x00002000                        _Min_Stack_Size = 0x2000

.isr_vector     0x08000000      0x2cc
                0x08000000                        . = ALIGN (0x4)
 *(.isr_vector)
 .isr_vector    0x08000000      0x2cc ./Core/Startup/startup_stm32h723vgtx.o
                0x08000000                g_pfnVectors
                0x080002cc                        . = ALIGN (0x4)

.text           0x080002d0     0xf100
                0x080002d0                        . = ALIGN (0x4)
 *(.text)
 .text          0x080002d0       0x40 C:/ST/STM32CubeIDE_1.19.0/STM32CubeIDE/plugins/com.st.stm32cube.ide.mcu.externaltools.gnu-tools-for-stm32.13.3.rel1.win32_1.0.0.202411081344/tools/bin/../lib/gcc/arm-none-eabi/13.3.1/thumb/v7e-m+dp/hard/crtbegin.o
 .text          0x08000310       0xa0 C:/ST/STM32CubeIDE_1.19.0/STM32CubeIDE/plugins/com.st.stm32cube.ide.mcu.externaltools.gnu-tools-for-stm32.13.3.rel1.win32_1.0.0.202411081344/tools/bin/../lib/gcc/arm-none-eabi/13.3.1/../../../../arm-none-eabi/lib/thumb/v7e-m+dp/hard\libc_nano.a(libc_a-memchr.o)
                0x08000310                memchr
 .text          0x080003b0       0x10 C:/ST/STM32CubeIDE_1.19.0/STM32CubeIDE/plugins/com.st.stm32cube.ide.mcu.externaltools.gnu-tools-for-stm32.13.3.rel1.win32_1.0.0.202411081344/tools/bin/../lib/gcc/arm-none-eabi/13.3.1/../../../../arm-none-eabi/lib/thumb/v7e-m+dp/hard\libc_nano.a(libc_a-strlen.o)
                0x080003b0                strlen
 .text          0x080003c0      0x378 C:/ST/STM32CubeIDE_1.19.0/STM32CubeIDE/plugins/com.st.stm32cube.ide.mcu.externaltools.gnu-tools-for-stm32.13.3.rel1.win32_1.0.0.202411081344/tools/bin/../lib/gcc/arm-none-eabi/13.3.1/thumb/v7e-m+dp/hard\libgcc.a(_arm_addsubdf3.o)
                0x080003c0                __aeabi_drsub
                0x080003c8                __aeabi_dsub
                0x080003c8                __subdf3
                0x080003cc                __aeabi_dadd
                0x080003cc                __adddf3
                0x08000644                __floatunsidf
                0x08000644                __aeabi_ui2d
                0x08000664                __floatsidf
                0x08000664                __aeabi_i2d
                0x08000688                __aeabi_f2d
                0x08000688                __extendsfdf2
                0x080006cc                __floatundidf
                0x080006cc                __aeabi_ul2d
                0x080006dc                __floatdidf
                0x080006dc                __aeabi_l2d
 .text          0x08000738       0x30 C:/ST/STM32CubeIDE_1.19.0/STM32CubeIDE/plugins/com.st.stm32cube.ide.mcu.externaltools.gnu-tools-for-stm32.13.3.rel1.win32_1.0.0.202411081344/tools/bin/../lib/gcc/arm-none-eabi/13.3.1/thumb/v7e-m+dp/hard\libgcc.a(_fixdfdi.o)
                0x08000738                __fixdfdi
                0x08000738                __aeabi_d2lz
 .text          0x08000768       0x40 C:/ST/STM32CubeIDE_1.19.0/STM32CubeIDE/plugins/com.st.stm32cube.ide.mcu.externaltools.gnu-tools-for-stm32.13.3.rel1.win32_1.0.0.202411081344/tools/bin/../lib/gcc/arm-none-eabi/13.3.1/thumb/v7e-m+dp/hard\libgcc.a(_fixunsdfdi.o)
                0x08000768                __fixunsdfdi
                0x08000768                __aeabi_d2ulz
 *(.text*)
 .text.initCalibration
                0x080007a8        0x4 ./Core/Src/fc/calibration/Calibration.o
                0x080007a8                initCalibration
 .text.getCalibrationScalableValue
                0x080007ac       0x18 ./Core/Src/fc/calibration/Calibration.o
                0x080007ac                getCalibrationScalableValue
 .text.getCalibrationData
                0x080007c4        0x8 ./Core/Src/fc/calibration/Calibration.o
                0x080007c4                getCalibrationData
 .text.getCalibrationValue
                0x080007cc        0xc ./Core/Src/fc/calibration/Calibration.o
                0x080007cc                getCalibrationValue
 .text.setCalibrationValue
                0x080007d8        0xc ./Core/Src/fc/calibration/Calibration.o
                0x080007d8                setCalibrationValue
 .text.getScaledCalibrationValue
                0x080007e4       0x24 ./Core/Src/fc/calibration/Calibration.o
                0x080007e4                getScaledCalibrationValue
 .text.setDefaultCalibration
                0x08000808      0x224 ./Core/Src/fc/calibration/Calibration.o
                0x08000808                setDefaultCalibration
 .text.saveCalibration
                0x08000a2c       0x14 ./Core/Src/fc/calibration/Calibration.o
                0x08000a2c                saveCalibration
 .text.loadCalibration
                0x08000a40       0x1c ./Core/Src/fc/calibration/Calibration.o
                0x08000a40                loadCalibration
 .text.isCalibrated
                0x08000a5c       0x14 ./Core/Src/fc/calibration/Calibration.o
                0x08000a5c                isCalibrated
 .text.pidInit  0x08000a70       0x3c ./Core/Src/fc/control/Pid.o
                0x08000a70                pidInit
 .text.pidSetPIDOutputLimits
                0x08000aac       0x24 ./Core/Src/fc/control/Pid.o
                0x08000aac                pidSetPIDOutputLimits
 .text.pidSetPOutputLimits
                0x08000ad0        0xc ./Core/Src/fc/control/Pid.o
                0x08000ad0                pidSetPOutputLimits
 .text.pidSetIOutputLimits
                0x08000adc        0xc ./Core/Src/fc/control/Pid.o
                0x08000adc                pidSetIOutputLimits
 .text.pidSetDOutputLimits
                0x08000ae8        0xc ./Core/Src/fc/control/Pid.o
                0x08000ae8                pidSetDOutputLimits
 .text.pidReset
                0x08000af4       0x20 ./Core/Src/fc/control/Pid.o
                0x08000af4                pidReset
 .text.pidResetI
                0x08000b14        0x8 ./Core/Src/fc/control/Pid.o
                0x08000b14                pidResetI
 .text.initAltitudeControl
                0x08000b1c      0x22c ./Core/Src/fc/control/altitude/AltitudeControl.o
                0x08000b1c                initAltitudeControl
 .text.resetAltitudeControl
                0x08000d48       0x44 ./Core/Src/fc/control/altitude/AltitudeControl.o
                0x08000d48                resetAltitudeControl
 .text.resetAltitudeRateIControl
                0x08000d8c        0xc ./Core/Src/fc/control/altitude/AltitudeControl.o
                0x08000d8c                resetAltitudeRateIControl
 .text.initAttitudeControl
                0x08000d98      0x3c8 ./Core/Src/fc/control/attitude/AttitudeControl.o
                0x08000d98                initAttitudeControl
 .text.resetAttitudeControl
                0x08001160       0x78 ./Core/Src/fc/control/attitude/AttitudeControl.o
                0x08001160                resetAttitudeControl
 .text.biQuadFilterReset
                0x080011d8        0xc ./Core/Src/fc/dsp/BiQuadFilter.o
                0x080011d8                biQuadFilterReset
 .text.biQuadCalculateCoeffs
                0x080011e4      0x294 ./Core/Src/fc/dsp/BiQuadFilter.o
                0x080011e4                biQuadCalculateCoeffs
 .text.biQuadFilterInit
                0x08001478       0x34 ./Core/Src/fc/dsp/BiQuadFilter.o
                0x08001478                biQuadFilterInit
 .text.biQuadFilterSetCenterFreq
                0x080014ac        0x8 ./Core/Src/fc/dsp/BiQuadFilter.o
                0x080014ac                biQuadFilterSetCenterFreq
 .text.biQuadFilterUpdate
                0x080014b4       0x54 ./Core/Src/fc/dsp/BiQuadFilter.o
                0x080014b4                biQuadFilterUpdate
 .text.circularQueueInit
                0x08001508       0x30 ./Core/Src/fc/dsp/CircularQueue.o
                0x08001508                circularQueueInit
 .text.circularQueueWrite
                0x08001538       0x64 ./Core/Src/fc/dsp/CircularQueue.o
                0x08001538                circularQueueWrite
 .text.circularQueueRead
                0x0800159c       0x54 ./Core/Src/fc/dsp/CircularQueue.o
                0x0800159c                circularQueueRead
 .text.circularQueueAvailableData
                0x080015f0        0x8 ./Core/Src/fc/dsp/CircularQueue.o
                0x080015f0                circularQueueAvailableData
 .text.initFFT  0x080015f8       0xe0 ./Core/Src/fc/dsp/FFT.o
                0x080015f8                initFFT
 .text.initFFTContext
                0x080016d8       0xd4 ./Core/Src/fc/dsp/FFT.o
                0x080016d8                initFFTContext
 .text.lowPassFilterInit
                0x080017ac       0x1c ./Core/Src/fc/dsp/LowPassFilter.o
                0x080017ac                lowPassFilterInit
 .text.lowPassFilterReset
                0x080017c8        0x8 ./Core/Src/fc/dsp/LowPassFilter.o
                0x080017c8                lowPassFilterReset
 .text.lowPassFilterResetToValue
                0x080017d0        0x8 ./Core/Src/fc/dsp/LowPassFilter.o
                0x080017d0                lowPassFilterResetToValue
 .text.lowPassFilterUpdate
                0x080017d8       0x24 ./Core/Src/fc/dsp/LowPassFilter.o
                0x080017d8                lowPassFilterUpdate
 .text.imuInit  0x080017fc       0x60 ./Core/Src/fc/imu/IMU.o
                0x080017fc                imuInit
 .text.imuSetMode
                0x0800185c        0x4 ./Core/Src/fc/imu/IMU.o
                0x0800185c                imuSetMode
 .text.imuFilterSetMode
                0x08001860       0x3c ./Core/Src/fc/imu/MahonyFilter.o
                0x08001860                imuFilterSetMode
 .text.imuFilterInit
                0x0800189c       0x7c ./Core/Src/fc/imu/MahonyFilter.o
                0x0800189c                imuFilterInit
 .text.imuFilterReset
                0x08001918       0x28 ./Core/Src/fc/imu/MahonyFilter.o
                0x08001918                imuFilterReset
 .text.initIndicators
                0x08001940        0x4 ./Core/Src/fc/io/indicator/Indicator.o
                0x08001940                initIndicators
 .text.startUpIndicatorBlink
                0x08001944        0x4 ./Core/Src/fc/io/indicator/Indicator.o
                0x08001944                startUpIndicatorBlink
 .text.startUpIndicatorOn
                0x08001948        0x4 ./Core/Src/fc/io/indicator/Indicator.o
                0x08001948                startUpIndicatorOn
 .text.processingIndicatorOff
                0x0800194c        0x4 ./Core/Src/fc/io/indicator/Indicator.o
                0x0800194c                processingIndicatorOff
 .text.processingIndicatorBlink
                0x08001950        0x4 ./Core/Src/fc/io/indicator/Indicator.o
                0x08001950                processingIndicatorBlink
 .text.processingIndicatorOn
                0x08001954        0x4 ./Core/Src/fc/io/indicator/Indicator.o
                0x08001954                processingIndicatorOn
 .text.errorIndicatorOff
                0x08001958        0x4 ./Core/Src/fc/io/indicator/Indicator.o
                0x08001958                errorIndicatorOff
 .text.errorIndicatorBlink
                0x0800195c        0x4 ./Core/Src/fc/io/indicator/Indicator.o
                0x0800195c                errorIndicatorBlink
 .text.errorIndicatorOn
                0x08001960        0x4 ./Core/Src/fc/io/indicator/Indicator.o
                0x08001960                errorIndicatorOn
 .text.deviceLedsInit
                0x08001964       0xa4 ./Core/Src/fc/io/indicator/led/LED.o
                0x08001964                deviceLedsInit
 .text.deviceLed1On
                0x08001a08        0xc ./Core/Src/fc/io/indicator/led/LED.o
                0x08001a08                deviceLed1On
 .text.deviceLed1Toggle
                0x08001a14       0x1c ./Core/Src/fc/io/indicator/led/LED.o
                0x08001a14                deviceLed1Toggle
 .text.deviceLed2On
                0x08001a30        0xc ./Core/Src/fc/io/indicator/led/LED.o
                0x08001a30                deviceLed2On
 .text.deviceLed2Off
                0x08001a3c       0x10 ./Core/Src/fc/io/indicator/led/LED.o
                0x08001a3c                deviceLed2Off
 .text.deviceLed2Toggle
                0x08001a4c       0x1c ./Core/Src/fc/io/indicator/led/LED.o
                0x08001a4c                deviceLed2Toggle
 .text.deviceLed3On
                0x08001a68        0xc ./Core/Src/fc/io/indicator/led/LED.o
                0x08001a68                deviceLed3On
 .text.deviceLed3Off
                0x08001a74       0x10 ./Core/Src/fc/io/indicator/led/LED.o
                0x08001a74                deviceLed3Off
 .text.deviceLed3Toggle
                0x08001a84       0x1c ./Core/Src/fc/io/indicator/led/LED.o
                0x08001a84                deviceLed3Toggle
 .text.initPWM  0x08001aa0      0x198 ./Core/Src/fc/io/pwm/PWM.o
                0x08001aa0                initPWM
 .text.spi2ClearDMAFlags
                0x08001c38       0x98 ./Core/Src/fc/io/spi/SPI2.o
 .text.spi2InitDMA
                0x08001cd0      0x174 ./Core/Src/fc/io/spi/SPI2.o
                0x08001cd0                spi2InitDMA
 .text.spi2Init
                0x08001e44      0x12c ./Core/Src/fc/io/spi/SPI2.o
                0x08001e44                spi2Init
 .text.DMA1_Stream6_IRQHandler
                0x08001f70      0x108 ./Core/Src/fc/io/spi/SPI2.o
                0x08001f70                DMA1_Stream6_IRQHandler
 .text.spi2ReadRegisterAsync
                0x08002078      0x118 ./Core/Src/fc/io/spi/SPI2.o
                0x08002078                spi2ReadRegisterAsync
 .text.spi2ReadRegister
                0x08002190       0x80 ./Core/Src/fc/io/spi/SPI2.o
                0x08002190                spi2ReadRegister
 .text.spi2WriteRegister
                0x08002210      0x160 ./Core/Src/fc/io/spi/SPI2.o
                0x08002210                spi2WriteRegister
 .text.spi4ClearDMAFlags
                0x08002370       0x84 ./Core/Src/fc/io/spi/SPI4.o
 .text.DMA1_Stream0_IRQHandler
                0x080023f4       0xf0 ./Core/Src/fc/io/spi/SPI4.o
                0x080023f4                DMA1_Stream0_IRQHandler
 .text.spi4Init
                0x080024e4      0x248 ./Core/Src/fc/io/spi/SPI4.o
                0x080024e4                spi4Init
 .text.spi4ReadRegisterAsync
                0x0800272c       0xfc ./Core/Src/fc/io/spi/SPI4.o
                0x0800272c                spi4ReadRegisterAsync
 .text.spi4ReadRegister
                0x08002828       0x80 ./Core/Src/fc/io/spi/SPI4.o
                0x08002828                spi4ReadRegister
 .text.spi4WriteRegister
                0x080028a8      0x13c ./Core/Src/fc/io/spi/SPI4.o
                0x080028a8                spi4WriteRegister
 .text.BDMA_Channel0_IRQHandler
                0x080029e4       0xe4 ./Core/Src/fc/io/spi/SPI6.o
                0x080029e4                BDMA_Channel0_IRQHandler
 .text.spi6InitDMA
                0x08002ac8      0x14c ./Core/Src/fc/io/spi/SPI6.o
                0x08002ac8                spi6InitDMA
 .text.spi6Init
                0x08002c14      0x120 ./Core/Src/fc/io/spi/SPI6.o
                0x08002c14                spi6Init
 .text.spi6ReadRegisterAsync
                0x08002d34      0x144 ./Core/Src/fc/io/spi/SPI6.o
                0x08002d34                spi6ReadRegisterAsync
 .text.spi6ReadRegister
                0x08002e78       0x80 ./Core/Src/fc/io/spi/SPI6.o
                0x08002e78                spi6ReadRegister
 .text.spi6WriteRegister
                0x08002ef8      0x170 ./Core/Src/fc/io/spi/SPI6.o
                0x08002ef8                spi6WriteRegister
 .text.DMA2_Stream1_IRQHandler
                0x08003068       0x2c ./Core/Src/fc/io/uart/UART4.o
                0x08003068                DMA2_Stream1_IRQHandler
 .text.DMA2_Stream0_IRQHandler
                0x08003094       0xec ./Core/Src/fc/io/uart/UART4.o
                0x08003094                DMA2_Stream0_IRQHandler
 .text.uart4DMAConfigTX
                0x08003180       0xf4 ./Core/Src/fc/io/uart/UART4.o
                0x08003180                uart4DMAConfigTX
 .text.uart4DMAConfigRX
                0x08003274       0xf0 ./Core/Src/fc/io/uart/UART4.o
                0x08003274                uart4DMAConfigRX
 .text.uart4Config
                0x08003364      0x100 ./Core/Src/fc/io/uart/UART4.o
                0x08003364                uart4Config
 .text.uart4Init
                0x08003464       0x7c ./Core/Src/fc/io/uart/UART4.o
                0x08003464                uart4Init
 .text.uart4ReadStart
                0x080034e0       0xec ./Core/Src/fc/io/uart/UART4.o
                0x080034e0                uart4ReadStart
 .text.DMA1_Stream3_IRQHandler
                0x080035cc       0x2c ./Core/Src/fc/io/uart/UART5.o
                0x080035cc                DMA1_Stream3_IRQHandler
 .text.DMA1_Stream2_IRQHandler
                0x080035f8       0xf8 ./Core/Src/fc/io/uart/UART5.o
                0x080035f8                DMA1_Stream2_IRQHandler
 .text.uart5DMAConfigTX
                0x080036f0       0xdc ./Core/Src/fc/io/uart/UART5.o
                0x080036f0                uart5DMAConfigTX
 .text.uart5DMAConfigRX
                0x080037cc       0xe4 ./Core/Src/fc/io/uart/UART5.o
                0x080037cc                uart5DMAConfigRX
 .text.uart5Config
                0x080038b0       0xfc ./Core/Src/fc/io/uart/UART5.o
                0x080038b0                uart5Config
 .text.uart5Init
                0x080039ac       0x7c ./Core/Src/fc/io/uart/UART5.o
                0x080039ac                uart5Init
 .text.uart5WriteDMA
                0x08003a28       0x68 ./Core/Src/fc/io/uart/UART5.o
                0x08003a28                uart5WriteDMA
 .text.uart5Write
                0x08003a90       0x24 ./Core/Src/fc/io/uart/UART5.o
                0x08003a90                uart5Write
 .text.uart5ReadStart
                0x08003ab4       0xf4 ./Core/Src/fc/io/uart/UART5.o
                0x08003ab4                uart5ReadStart
 .text.DMA1_Stream5_IRQHandler
                0x08003ba8       0x24 ./Core/Src/fc/io/uart/UART7.o
                0x08003ba8                DMA1_Stream5_IRQHandler
 .text.DMA1_Stream4_IRQHandler
                0x08003bcc       0xec ./Core/Src/fc/io/uart/UART7.o
                0x08003bcc                DMA1_Stream4_IRQHandler
 .text.initLogger
                0x08003cb8       0x20 ./Core/Src/fc/logger/Logger.o
                0x08003cb8                initLogger
 .text.logString
                0x08003cd8       0x18 ./Core/Src/fc/logger/Logger.o
                0x08003cd8                logString
 .text.runFC    0x08003cf0       0x2c ./Core/Src/fc/managers/FCManager.o
                0x08003cf0                runFC
 .text.initManagers
                0x08003d1c       0xec ./Core/Src/fc/managers/FCManager.o
                0x08003d1c                initManagers
 .text.initFC   0x08003e08       0xbc ./Core/Src/fc/managers/FCManager.o
                0x08003e08                initFC
 .text.initAltitudeManager
                0x08003ec4      0x10c ./Core/Src/fc/managers/altitude/AltitudeManager.o
                0x08003ec4                initAltitudeManager
 .text.initAttitudeManager
                0x08003fd0       0xa8 ./Core/Src/fc/managers/attitude/AttitudeManager.o
                0x08003fd0                initAttitudeManager
 .text.initConfigHelper
                0x08004078       0x54 ./Core/Src/fc/managers/config/ConfigHelper.o
                0x08004078                initConfigHelper
 .text.unmarshalConfigDataPacket
                0x080040cc       0xa4 ./Core/Src/fc/managers/config/ConfigHelper.o
                0x080040cc                unmarshalConfigDataPacket
 .text.updateConfigPacketData
                0x08004170      0x144 ./Core/Src/fc/managers/config/ConfigHelper.o
                0x08004170                updateConfigPacketData
 .text._processConfigData
                0x080042b4        0x8 ./Core/Src/fc/managers/config/ConfigHelper.o
                0x080042b4                _processConfigData
 .text.marshalConfigDataPacket
                0x080042bc      0x130 ./Core/Src/fc/managers/config/ConfigHelper.o
                0x080042bc                marshalConfigDataPacket
 .text.hasConfigDataPacket
                0x080043ec       0x14 ./Core/Src/fc/managers/config/ConfigHelper.o
                0x080043ec                hasConfigDataPacket
 .text.getConfigDataPacket
                0x08004400       0x48 ./Core/Src/fc/managers/config/ConfigHelper.o
                0x08004400                getConfigDataPacket
 .text.sendConfigData
                0x08004448       0x5c ./Core/Src/fc/managers/config/ConfigHelper.o
                0x08004448                sendConfigData
 .text.initConfigManager
                0x080044a4       0x98 ./Core/Src/fc/managers/config/ConfigManager.o
                0x080044a4                initConfigManager
 .text.manageConfigDataPacket
                0x0800453c      0x108 ./Core/Src/fc/managers/config/ConfigManager.o
                0x0800453c                manageConfigDataPacket
 .text.doConfigManagement
                0x08004644       0x14 ./Core/Src/fc/managers/config/ConfigManager.o
                0x08004644                doConfigManagement
 .text.updateIndictors
                0x08004658       0xd8 ./Core/Src/fc/managers/indicator/IndicatorManager.o
                0x08004658                updateIndictors
 .text.initIndicatorManager
                0x08004730       0x30 ./Core/Src/fc/managers/indicator/IndicatorManager.o
                0x08004730                initIndicatorManager
 .text.indicateStartUpSuccess
                0x08004760       0x10 ./Core/Src/fc/managers/indicator/IndicatorManager.o
                0x08004760                indicateStartUpSuccess
 .text.indicateStartUpFailed
                0x08004770       0x10 ./Core/Src/fc/managers/indicator/IndicatorManager.o
                0x08004770                indicateStartUpFailed
 .text.initOutputManager
                0x08004780       0x98 ./Core/Src/fc/managers/output/OutputManager.o
                0x08004780                initOutputManager
 .text.initPositionManager
                0x08004818       0x80 ./Core/Src/fc/managers/position/PositionManager.o
                0x08004818                initPositionManager
 .text._axisVelocityUpdate.constprop.0
                0x08004898      0x1cc ./Core/Src/fc/managers/position/estimator/PositionEstimator.o
 .text.positionEKFInit
                0x08004a64       0xb4 ./Core/Src/fc/managers/position/estimator/PositionEstimator.o
                0x08004a64                positionEKFInit
 .text.positionEKFPredict
                0x08004b18      0x3dc ./Core/Src/fc/managers/position/estimator/PositionEstimator.o
                0x08004b18                positionEKFPredict
 .text.positionEKFUpdateZMeasure
                0x08004ef4      0x140 ./Core/Src/fc/managers/position/estimator/PositionEstimator.o
                0x08004ef4                positionEKFUpdateZMeasure
 .text.positionEKFUpdateXYMeasure
                0x08005034      0x250 ./Core/Src/fc/managers/position/estimator/PositionEstimator.o
                0x08005034                positionEKFUpdateXYMeasure
 .text.positionEKFApplyXYDamping
                0x08005284       0x20 ./Core/Src/fc/managers/position/estimator/PositionEstimator.o
                0x08005284                positionEKFApplyXYDamping
 .text.rcTask   0x080052a4       0x78 ./Core/Src/fc/managers/rc/RCManager.o
                0x080052a4                rcTask
 .text.initRCManager
                0x0800531c       0xc0 ./Core/Src/fc/managers/rc/RCManager.o
                0x0800531c                initRCManager
 .text.determineFCState
                0x080053dc       0x98 ./Core/Src/fc/managers/rc/RCManager.o
                0x080053dc                determineFCState
 .text.loadRCStickDelta
                0x08005474       0xa0 ./Core/Src/fc/managers/rc/RCManager.o
                0x08005474                loadRCStickDelta
 .text.processRCData
                0x08005514      0x208 ./Core/Src/fc/managers/rc/RCManager.o
                0x08005514                processRCData
 .text.doRCManagement
                0x0800571c       0x2c ./Core/Src/fc/managers/rc/RCManager.o
                0x0800571c                doRCManagement
 .text.initMemory
                0x08005748       0x70 ./Core/Src/fc/memory/Memory.o
                0x08005748                initMemory
 .text.initAltitudeSensors
                0x080057b8       0x44 ./Core/Src/fc/sensors/altitude/AltitudeSensor.o
                0x080057b8                initAltitudeSensors
 .text.readAltitudeSensors
                0x080057fc        0x4 ./Core/Src/fc/sensors/altitude/AltitudeSensor.o
                0x080057fc                readAltitudeSensors
 .text.__deviceBaroBMP390Callback
                0x08005800       0x48 ./Core/Src/fc/sensors/altitude/devices/bmp390/BMP390.o
                0x08005800                __deviceBaroBMP390Callback
 .text.bmpReadCalib
                0x08005848      0x190 ./Core/Src/fc/sensors/altitude/devices/bmp390/BMP390.o
                0x08005848                bmpReadCalib
 .text.bmp390Configure
                0x080059d8       0x78 ./Core/Src/fc/sensors/altitude/devices/bmp390/BMP390.o
                0x080059d8                bmp390Configure
 .text.deviceBaroInit
                0x08005a50       0xe4 ./Core/Src/fc/sensors/altitude/devices/bmp390/BMP390.o
                0x08005a50                deviceBaroInit
 *fill*         0x08005b34        0x4 
 .text.bmp390CalculatePressure
                0x08005b38       0x98 ./Core/Src/fc/sensors/altitude/devices/bmp390/BMP390.o
                0x08005b38                bmp390CalculatePressure
 .text.deviceBaroLoadData
                0x08005bd0      0x110 ./Core/Src/fc/sensors/altitude/devices/bmp390/BMP390.o
                0x08005bd0                deviceBaroLoadData
 .text.deviceBaroRead
                0x08005ce0       0x1c ./Core/Src/fc/sensors/altitude/devices/bmp390/BMP390.o
                0x08005ce0                deviceBaroRead
 .text.resetAttitudeSensors
                0x08005cfc       0x2c ./Core/Src/fc/sensors/attitude/AttitudeSensor.o
                0x08005cfc                resetAttitudeSensors
 .text.loadAttitudeSensorConfig
                0x08005d28      0x354 ./Core/Src/fc/sensors/attitude/AttitudeSensor.o
                0x08005d28                loadAttitudeSensorConfig
 .text.initAttitudeSensors
                0x0800607c      0x15c ./Core/Src/fc/sensors/attitude/AttitudeSensor.o
                0x0800607c                initAttitudeSensors
 .text.getMaxValidG
                0x080061d8        0x4 ./Core/Src/fc/sensors/attitude/AttitudeSensor.o
                0x080061d8                getMaxValidG
 .text.updateGyroSensorData
                0x080061dc       0x88 ./Core/Src/fc/sensors/attitude/AttitudeSensor.o
                0x080061dc                updateGyroSensorData
 .text.updateAGTSensorData
                0x08006264       0x38 ./Core/Src/fc/sensors/attitude/AttitudeSensor.o
                0x08006264                updateAGTSensorData
 .text.updateMagSensorData
                0x0800629c       0x40 ./Core/Src/fc/sensors/attitude/AttitudeSensor.o
                0x0800629c                updateMagSensorData
 .text.loadAccGyroTempSensorData
                0x080062dc        0x4 ./Core/Src/fc/sensors/attitude/AttitudeSensor.o
                0x080062dc                loadAccGyroTempSensorData
 .text.loadMagSensorData
                0x080062e0        0x4 ./Core/Src/fc/sensors/attitude/AttitudeSensor.o
                0x080062e0                loadMagSensorData
 .text.calculateAccAndGyroBias
                0x080062e4      0x224 ./Core/Src/fc/sensors/attitude/AttitudeSensor.o
                0x080062e4                calculateAccAndGyroBias
 .text.calculateMagBias
                0x08006508      0x1cc ./Core/Src/fc/sensors/attitude/AttitudeSensor.o
                0x08006508                calculateMagBias
 .text.calculateAccAndGyroTempCoeff
                0x080066d4      0x2a4 ./Core/Src/fc/sensors/attitude/AttitudeSensor.o
                0x080066d4                calculateAccAndGyroTempCoeff
 .text.__deviceAGTCallback
                0x08006978       0x24 ./Core/Src/fc/sensors/attitude/devices/ism330/ISM330.o
                0x08006978                __deviceAGTCallback
 .text.deviceAGInit
                0x0800699c      0x130 ./Core/Src/fc/sensors/attitude/devices/ism330/ISM330.o
                0x0800699c                deviceAGInit
 .text.deviceAccRead
                0x08006acc       0x30 ./Core/Src/fc/sensors/attitude/devices/ism330/ISM330.o
                0x08006acc                deviceAccRead
 .text.deviceGyroRead
                0x08006afc       0x2c ./Core/Src/fc/sensors/attitude/devices/ism330/ISM330.o
                0x08006afc                deviceGyroRead
 .text.deviceTempRead
                0x08006b28       0x28 ./Core/Src/fc/sensors/attitude/devices/ism330/ISM330.o
                0x08006b28                deviceTempRead
 .text.deviceTempApplyDataScaling
                0x08006b50       0x28 ./Core/Src/fc/sensors/attitude/devices/ism330/ISM330.o
                0x08006b50                deviceTempApplyDataScaling
 .text.deviceAccGetMaxValidG
                0x08006b78       0x18 ./Core/Src/fc/sensors/attitude/devices/ism330/ISM330.o
                0x08006b78                deviceAccGetMaxValidG
 .text.deviceGyroGetMaxValidDS
                0x08006b90       0x18 ./Core/Src/fc/sensors/attitude/devices/ism330/ISM330.o
                0x08006b90                deviceGyroGetMaxValidDS
 .text.__deviceRM3100Callback
                0x08006ba8       0x24 ./Core/Src/fc/sensors/attitude/devices/rm3100/RM3100.o
                0x08006ba8                __deviceRM3100Callback
 .text.deviceMAGInit
                0x08006bcc       0xd4 ./Core/Src/fc/sensors/attitude/devices/rm3100/RM3100.o
                0x08006bcc                deviceMAGInit
 .text.deviceMagReadOffset
                0x08006ca0        0x4 ./Core/Src/fc/sensors/attitude/devices/rm3100/RM3100.o
                0x08006ca0                deviceMagReadOffset
 .text.deviceMagRead
                0x08006ca4       0x1c ./Core/Src/fc/sensors/attitude/devices/rm3100/RM3100.o
                0x08006ca4                deviceMagRead
 .text.deviceMagApplyOrientationForImu
                0x08006cc0       0x14 ./Core/Src/fc/sensors/attitude/devices/rm3100/RM3100.o
                0x08006cc0                deviceMagApplyOrientationForImu
 .text.deviceMagApplyOffsetCorrection
                0x08006cd4       0x50 ./Core/Src/fc/sensors/attitude/devices/rm3100/RM3100.o
                0x08006cd4                deviceMagApplyOffsetCorrection
 .text.deviceMagApplyDataScaling
                0x08006d24       0x3c ./Core/Src/fc/sensors/attitude/devices/rm3100/RM3100.o
                0x08006d24                deviceMagApplyDataScaling
 .text.processAdaptiveNotchFilter
                0x08006d60      0x178 ./Core/Src/fc/sensors/attitude/noisefilter/AdaptiveNotchFilter.o
                0x08006d60                processAdaptiveNotchFilter
 .text.initAttitudeNoiseFilter
                0x08006ed8      0x160 ./Core/Src/fc/sensors/attitude/noisefilter/AttitudeNoiseFilter.o
                0x08006ed8                initAttitudeNoiseFilter
 .text.resetNoiseFilter
                0x08007038       0xd4 ./Core/Src/fc/sensors/attitude/noisefilter/AttitudeNoiseFilter.o
                0x08007038                resetNoiseFilter
 .text.initRCSensor
                0x0800710c       0x28 ./Core/Src/fc/sensors/rc/RCSensor.o
                0x0800710c                initRCSensor
 .text.readRCSensor
                0x08007134        0x4 ./Core/Src/fc/sensors/rc/RCSensor.o
                0x08007134                readRCSensor
 .text.isRCTXxActive
                0x08007138        0x4 ./Core/Src/fc/sensors/rc/RCSensor.o
                0x08007138                isRCTXxActive
 .text.getRCValue
                0x0800713c        0x4 ./Core/Src/fc/sensors/rc/RCSensor.o
                0x0800713c                getRCValue
 .text.calibrateRCSensor
                0x08007140       0x8c ./Core/Src/fc/sensors/rc/RCSensor.o
                0x08007140                calibrateRCSensor
 .text._processFSAIData
                0x080071cc       0x1c ./Core/Src/fc/sensors/rc/devices/FSIA.o
                0x080071cc                _processFSAIData
 .text.initFSIA
                0x080071e8       0x64 ./Core/Src/fc/sensors/rc/devices/FSIA.o
                0x080071e8                initFSIA
 .text.updateFSIAData
                0x0800724c      0x120 ./Core/Src/fc/sensors/rc/devices/FSIA.o
                0x0800724c                updateFSIAData
 .text.readFSIA
                0x0800736c       0x2c ./Core/Src/fc/sensors/rc/devices/FSIA.o
                0x0800736c                readFSIA
 .text.getFSIAChannelValue
                0x08007398        0xc ./Core/Src/fc/sensors/rc/devices/FSIA.o
                0x08007398                getFSIAChannelValue
 .text.isFSIAActive
                0x080073a4       0x18 ./Core/Src/fc/sensors/rc/devices/FSIA.o
                0x080073a4                isFSIAActive
 .text.initFlash
                0x080073bc        0x4 ./Core/Src/fc/storage/flash/Flash.o
                0x080073bc                initFlash
 .text.writeWordsToFlash
                0x080073c0       0xc8 ./Core/Src/fc/storage/flash/Flash.o
                0x080073c0                writeWordsToFlash
 .text.readWordFromFlash
                0x08007488       0x10 ./Core/Src/fc/storage/flash/Flash.o
                0x08007488                readWordFromFlash
 .text.initDeltaTimer
                0x08007498       0x8c ./Core/Src/fc/timers/DWTTimer.o
                0x08007498                initDeltaTimer
 .text.getDeltaTime
                0x08007524       0x44 ./Core/Src/fc/timers/DWTTimer.o
                0x08007524                getDeltaTime
 .text.resetAllDeltaTimes
                0x08007568       0x30 ./Core/Src/fc/timers/DWTTimer.o
                0x08007568                resetAllDeltaTimes
 .text.delayMs  0x08007598        0x4 ./Core/Src/fc/timers/DelayTimer.o
                0x08007598                delayMs
 .text.initDelayTimer
                0x0800759c        0x4 ./Core/Src/fc/timers/DelayTimer.o
                0x0800759c                initDelayTimer
 .text.initGPTimer24
                0x080075a0       0xb0 ./Core/Src/fc/timers/GPTimer24.o
                0x080075a0                initGPTimer24
 .text.startGPTimer24
                0x08007650       0x14 ./Core/Src/fc/timers/GPTimer24.o
                0x08007650                startGPTimer24
 .text.TIM24_IRQHandler
                0x08007664       0x20 ./Core/Src/fc/timers/GPTimer24.o
                0x08007664                TIM24_IRQHandler
 .text.initGPTimer3
                0x08007684       0xb0 ./Core/Src/fc/timers/GPTimer3.o
                0x08007684                initGPTimer3
 .text.startGPTimer3
                0x08007734       0x14 ./Core/Src/fc/timers/GPTimer3.o
                0x08007734                startGPTimer3
 .text.TIM3_IRQHandler
                0x08007748       0x20 ./Core/Src/fc/timers/GPTimer3.o
                0x08007748                TIM3_IRQHandler
 .text.initGPTimer4
                0x08007768       0xb0 ./Core/Src/fc/timers/GPTimer4.o
                0x08007768                initGPTimer4
 .text.startGPTimer4
                0x08007818       0x14 ./Core/Src/fc/timers/GPTimer4.o
                0x08007818                startGPTimer4
 .text.TIM4_IRQHandler
                0x0800782c       0x20 ./Core/Src/fc/timers/GPTimer4.o
                0x0800782c                TIM4_IRQHandler
 .text.initGPTimer6
                0x0800784c       0xac ./Core/Src/fc/timers/GPTimer6.o
                0x0800784c                initGPTimer6
 .text.startGPTimer6
                0x080078f8       0x14 ./Core/Src/fc/timers/GPTimer6.o
                0x080078f8                startGPTimer6
 .text.TIM6_DAC_IRQHandler
                0x0800790c       0x20 ./Core/Src/fc/timers/GPTimer6.o
                0x0800790c                TIM6_DAC_IRQHandler
 .text.TIM7_IRQHandler
                0x0800792c       0x20 ./Core/Src/fc/timers/GPTimer7.o
                0x0800792c                TIM7_IRQHandler
 .text.schedulerInit
                0x0800794c       0xbc ./Core/Src/fc/timers/Scheduler.o
                0x0800794c                schedulerInit
 .text.TIM5_IRQHandler
                0x08007a08       0x20 ./Core/Src/fc/timers/Scheduler.o
                0x08007a08                TIM5_IRQHandler
 .text.schedulerAddTask
                0x08007a28      0x2c4 ./Core/Src/fc/timers/Scheduler.o
                0x08007a28                schedulerAddTask
 .text.dispatchScheduler
                0x08007cec       0x40 ./Core/Src/fc/timers/Scheduler.o
                0x08007cec                dispatchScheduler
 .text.sinApprox
                0x08007d2c       0xd8 ./Core/Src/fc/util/MathUtil.o
                0x08007d2c                sinApprox
 .text.cosApprox
                0x08007e04       0xe4 ./Core/Src/fc/util/MathUtil.o
                0x08007e04                cosApprox
 .text.atan2Approx
                0x08007ee8       0xd8 ./Core/Src/fc/util/MathUtil.o
                0x08007ee8                atan2Approx
 .text.asinApproxFast
                0x08007fc0       0xac ./Core/Src/fc/util/MathUtil.o
                0x08007fc0                asinApproxFast
 .text.fastInvSqrtf
                0x0800806c       0x40 ./Core/Src/fc/util/MathUtil.o
                0x0800806c                fastInvSqrtf
 .text.fastSqrtf
                0x080080ac       0x44 ./Core/Src/fc/util/MathUtil.o
                0x080080ac                fastSqrtf
 .text.constrainToRange
                0x080080f0       0x10 ./Core/Src/fc/util/MathUtil.o
                0x080080f0                constrainToRange
 .text.constrainToRangeF
                0x08008100       0x18 ./Core/Src/fc/util/MathUtil.o
                0x08008100                constrainToRangeF
 .text.applyDeadBandInt16
                0x08008118       0x2c ./Core/Src/fc/util/MathUtil.o
                0x08008118                applyDeadBandInt16
 .text.applyDeadBandFloat
                0x08008144       0x2c ./Core/Src/fc/util/MathUtil.o
                0x08008144                applyDeadBandFloat
 .text.convertRadToDeg
                0x08008170       0x10 ./Core/Src/fc/util/MathUtil.o
                0x08008170                convertRadToDeg
 .text.convertDegToRad
                0x08008180       0x10 ./Core/Src/fc/util/MathUtil.o
                0x08008180                convertDegToRad
 .text.shiftBitsLeft32
                0x08008190        0x4 ./Core/Src/fc/util/MathUtil.o
                0x08008190                shiftBitsLeft32
 .text.MPU_Config_D2_NoCache
                0x08008194       0x34 ./Core/Src/main.o
                0x08008194                MPU_Config_D2_NoCache
 .text.SystemClock_Config
                0x080081c8      0x16c ./Core/Src/main.o
                0x080081c8                SystemClock_Config
 .text.startup.main
                0x08008334       0xc4 ./Core/Src/main.o
                0x08008334                main
 .text.HAL_TIM_PeriodElapsedCallback
                0x080083f8       0x10 ./Core/Src/main.o
                0x080083f8                HAL_TIM_PeriodElapsedCallback
 .text.Error_Handler
                0x08008408        0x4 ./Core/Src/main.o
                0x08008408                Error_Handler
 .text.HAL_MspInit
                0x0800840c       0x24 ./Core/Src/stm32h7xx_hal_msp.o
                0x0800840c                HAL_MspInit
 .text.HAL_InitTick
                0x08008430       0x9c ./Core/Src/stm32h7xx_hal_timebase_tim.o
                0x08008430                HAL_InitTick
 .text.NMI_Handler
                0x080084cc        0x4 ./Core/Src/stm32h7xx_it.o
                0x080084cc                NMI_Handler
 .text.HardFault_Handler
                0x080084d0        0x4 ./Core/Src/stm32h7xx_it.o
                0x080084d0                HardFault_Handler
 .text.MemManage_Handler
                0x080084d4        0x4 ./Core/Src/stm32h7xx_it.o
                0x080084d4                MemManage_Handler
 .text.BusFault_Handler
                0x080084d8        0x4 ./Core/Src/stm32h7xx_it.o
                0x080084d8                BusFault_Handler
 .text.UsageFault_Handler
                0x080084dc        0x4 ./Core/Src/stm32h7xx_it.o
                0x080084dc                UsageFault_Handler
 .text.SVC_Handler
                0x080084e0        0x4 ./Core/Src/stm32h7xx_it.o
                0x080084e0                SVC_Handler
 .text.DebugMon_Handler
                0x080084e4        0x4 ./Core/Src/stm32h7xx_it.o
                0x080084e4                DebugMon_Handler
 .text.PendSV_Handler
                0x080084e8        0x4 ./Core/Src/stm32h7xx_it.o
                0x080084e8                PendSV_Handler
 .text.SysTick_Handler
                0x080084ec        0x4 ./Core/Src/stm32h7xx_it.o
                0x080084ec                SysTick_Handler
 .text.TIM2_IRQHandler
                0x080084f0        0xc ./Core/Src/stm32h7xx_it.o
                0x080084f0                TIM2_IRQHandler
 .text._getpid  0x080084fc        0x4 ./Core/Src/syscalls.o
                0x080084fc                _getpid
 .text._kill    0x08008500       0x14 ./Core/Src/syscalls.o
                0x08008500                _kill
 .text._exit    0x08008514        0xc ./Core/Src/syscalls.o
                0x08008514                _exit
 .text._read    0x08008520       0x1c ./Core/Src/syscalls.o
                0x08008520                _read
 .text._write   0x0800853c       0x1c ./Core/Src/syscalls.o
                0x0800853c                _write
 .text._close   0x08008558        0x8 ./Core/Src/syscalls.o
                0x08008558                _close
 .text._fstat   0x08008560        0xc ./Core/Src/syscalls.o
                0x08008560                _fstat
 .text._isatty  0x0800856c        0x4 ./Core/Src/syscalls.o
                0x0800856c                _isatty
 .text._lseek   0x08008570        0x4 ./Core/Src/syscalls.o
                0x08008570                _lseek
 .text._sbrk    0x08008574       0x48 ./Core/Src/sysmem.o
                0x08008574                _sbrk
 .text.SystemInit
                0x080085bc       0xcc ./Core/Src/system_stm32h7xx.o
                0x080085bc                SystemInit
 .text.ExitRun0Mode
                0x08008688       0x18 ./Core/Src/system_stm32h7xx.o
                0x08008688                ExitRun0Mode
 .text.Reset_Handler
                0x080086a0       0x54 ./Core/Startup/startup_stm32h723vgtx.o
                0x080086a0                Reset_Handler
 .text.Default_Handler
                0x080086f4        0x2 ./Core/Startup/startup_stm32h723vgtx.o
                0x080086f4                RTC_Alarm_IRQHandler
                0x080086f4                EXTI2_IRQHandler
                0x080086f4                TIM8_CC_IRQHandler
                0x080086f4                UART8_IRQHandler
                0x080086f4                SPI4_IRQHandler
                0x080086f4                FDCAN3_IT0_IRQHandler
                0x080086f4                TIM1_CC_IRQHandler
                0x080086f4                BDMA_Channel6_IRQHandler
                0x080086f4                DMA2_Stream5_IRQHandler
                0x080086f4                CORDIC_IRQHandler
                0x080086f4                BDMA_Channel1_IRQHandler
                0x080086f4                TAMP_STAMP_IRQHandler
                0x080086f4                EXTI3_IRQHandler
                0x080086f4                LPTIM4_IRQHandler
                0x080086f4                TIM8_TRG_COM_TIM14_IRQHandler
                0x080086f4                LPTIM2_IRQHandler
                0x080086f4                DFSDM1_FLT1_IRQHandler
                0x080086f4                DMAMUX2_OVR_IRQHandler
                0x080086f4                TIM8_UP_TIM13_IRQHandler
                0x080086f4                I2C3_ER_IRQHandler
                0x080086f4                DFSDM1_FLT2_IRQHandler
                0x080086f4                I2C5_EV_IRQHandler
                0x080086f4                USART10_IRQHandler
                0x080086f4                MDMA_IRQHandler
                0x080086f4                LPTIM3_IRQHandler
                0x080086f4                HSEM1_IRQHandler
                0x080086f4                EXTI0_IRQHandler
                0x080086f4                I2C2_EV_IRQHandler
                0x080086f4                FPU_IRQHandler
                0x080086f4                OTG_HS_WKUP_IRQHandler
                0x080086f4                FDCAN1_IT1_IRQHandler
                0x080086f4                LTDC_ER_IRQHandler
                0x080086f4                DMA2_Stream2_IRQHandler
                0x080086f4                SPI1_IRQHandler
                0x080086f4                OCTOSPI1_IRQHandler
                0x080086f4                DMA2_Stream3_IRQHandler
                0x080086f4                OCTOSPI2_IRQHandler
                0x080086f4                DFSDM1_FLT3_IRQHandler
                0x080086f4                TIM23_IRQHandler
                0x080086f4                USART6_IRQHandler
                0x080086f4                TIM17_IRQHandler
                0x080086f4                USART3_IRQHandler
                0x080086f4                BDMA_Channel7_IRQHandler
                0x080086f4                LPTIM5_IRQHandler
                0x080086f4                UART5_IRQHandler
                0x080086f4                ADC3_IRQHandler
                0x080086f4                BDMA_Channel2_IRQHandler
                0x080086f4                I2C1_EV_IRQHandler
                0x080086f4                DMAMUX1_OVR_IRQHandler
                0x080086f4                DMA1_Stream1_IRQHandler
                0x080086f4                TIM16_IRQHandler
                0x080086f4                UART4_IRQHandler
                0x080086f4                BDMA_Channel5_IRQHandler
                0x080086f4                RCC_IRQHandler
                0x080086f4                UART9_IRQHandler
                0x080086f4                TIM8_BRK_TIM12_IRQHandler
                0x080086f4                TIM1_TRG_COM_IRQHandler
                0x080086f4                Default_Handler
                0x080086f4                ECC_IRQHandler
                0x080086f4                FMAC_IRQHandler
                0x080086f4                CEC_IRQHandler
                0x080086f4                EXTI15_10_IRQHandler
                0x080086f4                ADC_IRQHandler
                0x080086f4                I2C5_ER_IRQHandler
                0x080086f4                DMA1_Stream7_IRQHandler
                0x080086f4                SPI5_IRQHandler
                0x080086f4                FDCAN3_IT1_IRQHandler
                0x080086f4                SDMMC1_IRQHandler
                0x080086f4                DMA2_Stream7_IRQHandler
                0x080086f4                TIM15_IRQHandler
                0x080086f4                PVD_AVD_IRQHandler
                0x080086f4                I2C3_EV_IRQHandler
                0x080086f4                EXTI9_5_IRQHandler
                0x080086f4                RTC_WKUP_IRQHandler
                0x080086f4                LTDC_IRQHandler
                0x080086f4                ETH_WKUP_IRQHandler
                0x080086f4                SPDIF_RX_IRQHandler
                0x080086f4                SPI2_IRQHandler
                0x080086f4                OTG_HS_EP1_IN_IRQHandler
                0x080086f4                CRS_IRQHandler
                0x080086f4                EXTI4_IRQHandler
                0x080086f4                RNG_IRQHandler
                0x080086f4                FDCAN2_IT1_IRQHandler
                0x080086f4                ETH_IRQHandler
                0x080086f4                TIM1_UP_IRQHandler
                0x080086f4                BDMA_Channel4_IRQHandler
                0x080086f4                OTG_HS_EP1_OUT_IRQHandler
                0x080086f4                WWDG_IRQHandler
                0x080086f4                SPI6_IRQHandler
                0x080086f4                MDIOS_IRQHandler
                0x080086f4                I2C4_EV_IRQHandler
                0x080086f4                FDCAN2_IT0_IRQHandler
                0x080086f4                LPUART1_IRQHandler
                0x080086f4                FDCAN1_IT0_IRQHandler
                0x080086f4                OTG_HS_IRQHandler
                0x080086f4                DMA2D_IRQHandler
                0x080086f4                TIM1_BRK_IRQHandler
                0x080086f4                EXTI1_IRQHandler
                0x080086f4                SDMMC2_IRQHandler
                0x080086f4                BDMA_Channel3_IRQHandler
                0x080086f4                DTS_IRQHandler
                0x080086f4                UART7_IRQHandler
                0x080086f4                MDIOS_WKUP_IRQHandler
                0x080086f4                USART2_IRQHandler
                0x080086f4                DFSDM1_FLT0_IRQHandler
                0x080086f4                SAI4_IRQHandler
                0x080086f4                I2C2_ER_IRQHandler
                0x080086f4                FLASH_IRQHandler
                0x080086f4                DMA2_Stream4_IRQHandler
                0x080086f4                USART1_IRQHandler
                0x080086f4                SPI3_IRQHandler
                0x080086f4                WAKEUP_PIN_IRQHandler
                0x080086f4                I2C1_ER_IRQHandler
                0x080086f4                FMC_IRQHandler
                0x080086f4                FDCAN_CAL_IRQHandler
                0x080086f4                SWPMI1_IRQHandler
                0x080086f4                COMP1_IRQHandler
                0x080086f4                LPTIM1_IRQHandler
                0x080086f4                DCMI_PSSI_IRQHandler
                0x080086f4                I2C4_ER_IRQHandler
                0x080086f4                DMA2_Stream6_IRQHandler
                0x080086f4                SAI1_IRQHandler
 *fill*         0x080086f6        0x2 
 .text.__retarget_lock_init_recursive
                0x080086f8       0x28 ./Core/ThreadSafe/newlib_lock_glue.o
                0x080086f8                __retarget_lock_init_recursive
 .text.__retarget_lock_acquire_recursive
                0x08008720       0x3c ./Core/ThreadSafe/newlib_lock_glue.o
                0x08008720                __retarget_lock_acquire_recursive
 .text.__retarget_lock_release_recursive
                0x0800875c       0x28 ./Core/ThreadSafe/newlib_lock_glue.o
                0x0800875c                __retarget_lock_release_recursive
 .text.HAL_Init
                0x08008784       0x60 ./Drivers/STM32H7xx_HAL_Driver/Src/stm32h7xx_hal.o
                0x08008784                HAL_Init
 .text.HAL_IncTick
                0x080087e4       0x18 ./Drivers/STM32H7xx_HAL_Driver/Src/stm32h7xx_hal.o
                0x080087e4                HAL_IncTick
 .text.HAL_GetTick
                0x080087fc        0xc ./Drivers/STM32H7xx_HAL_Driver/Src/stm32h7xx_hal.o
                0x080087fc                HAL_GetTick
 .text.HAL_NVIC_SetPriorityGrouping
                0x08008808       0x24 ./Drivers/STM32H7xx_HAL_Driver/Src/stm32h7xx_hal_cortex.o
                0x08008808                HAL_NVIC_SetPriorityGrouping
 .text.HAL_NVIC_SetPriority
                0x0800882c       0x78 ./Drivers/STM32H7xx_HAL_Driver/Src/stm32h7xx_hal_cortex.o
                0x0800882c                HAL_NVIC_SetPriority
 .text.HAL_NVIC_EnableIRQ
                0x080088a4       0x1c ./Drivers/STM32H7xx_HAL_Driver/Src/stm32h7xx_hal_cortex.o
                0x080088a4                HAL_NVIC_EnableIRQ
 .text.HAL_MPU_Disable
                0x080088c0       0x1c ./Drivers/STM32H7xx_HAL_Driver/Src/stm32h7xx_hal_cortex.o
                0x080088c0                HAL_MPU_Disable
 .text.HAL_MPU_Enable
                0x080088dc       0x20 ./Drivers/STM32H7xx_HAL_Driver/Src/stm32h7xx_hal_cortex.o
                0x080088dc                HAL_MPU_Enable
 .text.HAL_MPU_ConfigRegion
                0x080088fc       0x60 ./Drivers/STM32H7xx_HAL_Driver/Src/stm32h7xx_hal_cortex.o
                0x080088fc                HAL_MPU_ConfigRegion
 .text.HAL_FLASH_Program
                0x0800895c      0x12c ./Drivers/STM32H7xx_HAL_Driver/Src/stm32h7xx_hal_flash.o
                0x0800895c                HAL_FLASH_Program
 .text.HAL_FLASH_Unlock
                0x08008a88       0x28 ./Drivers/STM32H7xx_HAL_Driver/Src/stm32h7xx_hal_flash.o
                0x08008a88                HAL_FLASH_Unlock
 .text.HAL_FLASH_Lock
                0x08008ab0       0x18 ./Drivers/STM32H7xx_HAL_Driver/Src/stm32h7xx_hal_flash.o
                0x08008ab0                HAL_FLASH_Lock
 .text.FLASH_WaitForLastOperation
                0x08008ac8       0x6c ./Drivers/STM32H7xx_HAL_Driver/Src/stm32h7xx_hal_flash.o
                0x08008ac8                FLASH_WaitForLastOperation
 .text.HAL_FLASHEx_Erase
                0x08008b34       0xec ./Drivers/STM32H7xx_HAL_Driver/Src/stm32h7xx_hal_flash_ex.o
                0x08008b34                HAL_FLASHEx_Erase
 .text.HAL_RCC_GetSysClockFreq.part.0
                0x08008c20       0xe4 ./Drivers/STM32H7xx_HAL_Driver/Src/stm32h7xx_hal_rcc.o
 .text.HAL_RCC_GetSysClockFreq
                0x08008d04      0x11c ./Drivers/STM32H7xx_HAL_Driver/Src/stm32h7xx_hal_rcc.o
                0x08008d04                HAL_RCC_GetSysClockFreq
 .text.HAL_RCC_GetPCLK1Freq
                0x08008e20       0x90 ./Drivers/STM32H7xx_HAL_Driver/Src/stm32h7xx_hal_rcc.o
                0x08008e20                HAL_RCC_GetPCLK1Freq
 .text.HAL_RCC_GetClockConfig
                0x08008eb0       0x58 ./Drivers/STM32H7xx_HAL_Driver/Src/stm32h7xx_hal_rcc.o
                0x08008eb0                HAL_RCC_GetClockConfig
 .text.HAL_TIM_Base_MspInit
                0x08008f08        0x4 ./Drivers/STM32H7xx_HAL_Driver/Src/stm32h7xx_hal_tim.o
                0x08008f08                HAL_TIM_Base_MspInit
 .text.HAL_TIM_PeriodElapsedHalfCpltCallback
                0x08008f0c        0x4 ./Drivers/STM32H7xx_HAL_Driver/Src/stm32h7xx_hal_tim.o
                0x08008f0c                HAL_TIM_PeriodElapsedHalfCpltCallback
 .text.HAL_TIM_OC_DelayElapsedCallback
                0x08008f10        0x4 ./Drivers/STM32H7xx_HAL_Driver/Src/stm32h7xx_hal_tim.o
                0x08008f10                HAL_TIM_OC_DelayElapsedCallback
 .text.HAL_TIM_IC_CaptureCallback
                0x08008f14        0x4 ./Drivers/STM32H7xx_HAL_Driver/Src/stm32h7xx_hal_tim.o
                0x08008f14                HAL_TIM_IC_CaptureCallback
 .text.HAL_TIM_IC_CaptureHalfCpltCallback
                0x08008f18        0x4 ./Drivers/STM32H7xx_HAL_Driver/Src/stm32h7xx_hal_tim.o
                0x08008f18                HAL_TIM_IC_CaptureHalfCpltCallback
 .text.HAL_TIM_PWM_PulseFinishedCallback
                0x08008f1c        0x4 ./Drivers/STM32H7xx_HAL_Driver/Src/stm32h7xx_hal_tim.o
                0x08008f1c                HAL_TIM_PWM_PulseFinishedCallback
 .text.HAL_TIM_PWM_PulseFinishedHalfCpltCallback
                0x08008f20        0x4 ./Drivers/STM32H7xx_HAL_Driver/Src/stm32h7xx_hal_tim.o
                0x08008f20                HAL_TIM_PWM_PulseFinishedHalfCpltCallback
 .text.HAL_TIM_TriggerCallback
                0x08008f24        0x4 ./Drivers/STM32H7xx_HAL_Driver/Src/stm32h7xx_hal_tim.o
                0x08008f24                HAL_TIM_TriggerCallback
 .text.HAL_TIM_TriggerHalfCpltCallback
                0x08008f28        0x4 ./Drivers/STM32H7xx_HAL_Driver/Src/stm32h7xx_hal_tim.o
                0x08008f28                HAL_TIM_TriggerHalfCpltCallback
 .text.HAL_TIM_ErrorCallback
                0x08008f2c        0x4 ./Drivers/STM32H7xx_HAL_Driver/Src/stm32h7xx_hal_tim.o
                0x08008f2c                HAL_TIM_ErrorCallback
 .text.HAL_TIM_Base_Init
                0x08008f30      0x1e0 ./Drivers/STM32H7xx_HAL_Driver/Src/stm32h7xx_hal_tim.o
                0x08008f30                HAL_TIM_Base_Init
 .text.HAL_TIM_Base_Start_IT
                0x08009110       0xbc ./Drivers/STM32H7xx_HAL_Driver/Src/stm32h7xx_hal_tim.o
                0x08009110                HAL_TIM_Base_Start_IT
 .text.HAL_TIM_IRQHandler
                0x080091cc      0x184 ./Drivers/STM32H7xx_HAL_Driver/Src/stm32h7xx_hal_tim.o
                0x080091cc                HAL_TIM_IRQHandler
 .text.HAL_TIMEx_CommutCallback
                0x08009350        0x4 ./Drivers/STM32H7xx_HAL_Driver/Src/stm32h7xx_hal_tim_ex.o
                0x08009350                HAL_TIMEx_CommutCallback
 .text.HAL_TIMEx_CommutHalfCpltCallback
                0x08009354        0x4 ./Drivers/STM32H7xx_HAL_Driver/Src/stm32h7xx_hal_tim_ex.o
                0x08009354                HAL_TIMEx_CommutHalfCpltCallback
 .text.HAL_TIMEx_BreakCallback
                0x08009358        0x4 ./Drivers/STM32H7xx_HAL_Driver/Src/stm32h7xx_hal_tim_ex.o
                0x08009358                HAL_TIMEx_BreakCallback
 .text.HAL_TIMEx_Break2Callback
                0x0800935c        0x4 ./Drivers/STM32H7xx_HAL_Driver/Src/stm32h7xx_hal_tim_ex.o
                0x0800935c                HAL_TIMEx_Break2Callback
 .text.LL_BDMA_DeInit
                0x08009360      0x210 ./Drivers/STM32H7xx_HAL_Driver/Src/stm32h7xx_ll_bdma.o
                0x08009360                LL_BDMA_DeInit
 .text.LL_DMA_DeInit
                0x08009570      0x1e8 ./Drivers/STM32H7xx_HAL_Driver/Src/stm32h7xx_ll_dma.o
                0x08009570                LL_DMA_DeInit
 .text.LL_GPIO_Init
                0x08009758       0xf4 ./Drivers/STM32H7xx_HAL_Driver/Src/stm32h7xx_ll_gpio.o
                0x08009758                LL_GPIO_Init
 .text.LL_RCC_GetPLL1ClockFreq
                0x0800984c      0x190 ./Drivers/STM32H7xx_HAL_Driver/Src/stm32h7xx_ll_rcc.o
                0x0800984c                LL_RCC_GetPLL1ClockFreq
 .text.LL_RCC_GetPLL2ClockFreq
                0x080099dc      0x190 ./Drivers/STM32H7xx_HAL_Driver/Src/stm32h7xx_ll_rcc.o
                0x080099dc                LL_RCC_GetPLL2ClockFreq
 .text.LL_RCC_GetPLL3ClockFreq
                0x08009b6c      0x184 ./Drivers/STM32H7xx_HAL_Driver/Src/stm32h7xx_ll_rcc.o
                0x08009b6c                LL_RCC_GetPLL3ClockFreq
 .text.LL_RCC_GetUSARTClockFreq
                0x08009cf0      0x1f4 ./Drivers/STM32H7xx_HAL_Driver/Src/stm32h7xx_ll_rcc.o
                0x08009cf0                LL_RCC_GetUSARTClockFreq
 .text.LL_SPI_DeInit
                0x08009ee4       0xf4 ./Drivers/STM32H7xx_HAL_Driver/Src/stm32h7xx_ll_spi.o
                0x08009ee4                LL_SPI_DeInit
 .text.LL_SPI_Init
                0x08009fd8       0xb0 ./Drivers/STM32H7xx_HAL_Driver/Src/stm32h7xx_ll_spi.o
                0x08009fd8                LL_SPI_Init
 .text.LL_TIM_Init
                0x0800a088       0xfc ./Drivers/STM32H7xx_HAL_Driver/Src/stm32h7xx_ll_tim.o
                0x0800a088                LL_TIM_Init
 .text.LL_TIM_OC_Init
                0x0800a184      0x310 ./Drivers/STM32H7xx_HAL_Driver/Src/stm32h7xx_ll_tim.o
                0x0800a184                LL_TIM_OC_Init
 .text.LL_TIM_BDTR_Init
                0x0800a494       0x8c ./Drivers/STM32H7xx_HAL_Driver/Src/stm32h7xx_ll_tim.o
                0x0800a494                LL_TIM_BDTR_Init
 .text.LL_USART_Init
                0x0800a520      0x118 ./Drivers/STM32H7xx_HAL_Driver/Src/stm32h7xx_ll_usart.o
                0x0800a520                LL_USART_Init
 .text.LL_mDelay
                0x0800a638       0x24 ./Drivers/STM32H7xx_HAL_Driver/Src/stm32h7xx_ll_utils.o
                0x0800a638                LL_mDelay
 .text.LL_SetSystemCoreClock
                0x0800a65c        0xc ./Drivers/STM32H7xx_HAL_Driver/Src/stm32h7xx_ll_utils.o
                0x0800a65c                LL_SetSystemCoreClock
 .text.malloc   0x0800a668       0x10 C:/ST/STM32CubeIDE_1.19.0/STM32CubeIDE/plugins/com.st.stm32cube.ide.mcu.externaltools.gnu-tools-for-stm32.13.3.rel1.win32_1.0.0.202411081344/tools/bin/../lib/gcc/arm-none-eabi/13.3.1/../../../../arm-none-eabi/lib/thumb/v7e-m+dp/hard\libc_nano.a(libc_a-malloc.o)
                0x0800a668                malloc
 .text.sbrk_aligned
                0x0800a678       0x44 C:/ST/STM32CubeIDE_1.19.0/STM32CubeIDE/plugins/com.st.stm32cube.ide.mcu.externaltools.gnu-tools-for-stm32.13.3.rel1.win32_1.0.0.202411081344/tools/bin/../lib/gcc/arm-none-eabi/13.3.1/../../../../arm-none-eabi/lib/thumb/v7e-m+dp/hard\libc_nano.a(libc_a-mallocr.o)
 .text._malloc_r
                0x0800a6bc      0x100 C:/ST/STM32CubeIDE_1.19.0/STM32CubeIDE/plugins/com.st.stm32cube.ide.mcu.externaltools.gnu-tools-for-stm32.13.3.rel1.win32_1.0.0.202411081344/tools/bin/../lib/gcc/arm-none-eabi/13.3.1/../../../../arm-none-eabi/lib/thumb/v7e-m+dp/hard\libc_nano.a(libc_a-mallocr.o)
                0x0800a6bc                _malloc_r
 .text.__malloc_lock
                0x0800a7bc        0xc C:/ST/STM32CubeIDE_1.19.0/STM32CubeIDE/plugins/com.st.stm32cube.ide.mcu.externaltools.gnu-tools-for-stm32.13.3.rel1.win32_1.0.0.202411081344/tools/bin/../lib/gcc/arm-none-eabi/13.3.1/../../../../arm-none-eabi/lib/thumb/v7e-m+dp/hard\libc_nano.a(libc_a-mlock.o)
                0x0800a7bc                __malloc_lock
 .text.__malloc_unlock
                0x0800a7c8        0xc C:/ST/STM32CubeIDE_1.19.0/STM32CubeIDE/plugins/com.st.stm32cube.ide.mcu.externaltools.gnu-tools-for-stm32.13.3.rel1.win32_1.0.0.202411081344/tools/bin/../lib/gcc/arm-none-eabi/13.3.1/../../../../arm-none-eabi/lib/thumb/v7e-m+dp/hard\libc_nano.a(libc_a-mlock.o)
                0x0800a7c8                __malloc_unlock
 .text.__cvt    0x0800a7d4       0xa8 C:/ST/STM32CubeIDE_1.19.0/STM32CubeIDE/plugins/com.st.stm32cube.ide.mcu.externaltools.gnu-tools-for-stm32.13.3.rel1.win32_1.0.0.202411081344/tools/bin/../lib/gcc/arm-none-eabi/13.3.1/../../../../arm-none-eabi/lib/thumb/v7e-m+dp/hard\libc_nano.a(libc_a-nano-vfprintf_float.o)
                0x0800a7d4                __cvt
 .text.__exponent
                0x0800a87c       0x74 C:/ST/STM32CubeIDE_1.19.0/STM32CubeIDE/plugins/com.st.stm32cube.ide.mcu.externaltools.gnu-tools-for-stm32.13.3.rel1.win32_1.0.0.202411081344/tools/bin/../lib/gcc/arm-none-eabi/13.3.1/../../../../arm-none-eabi/lib/thumb/v7e-m+dp/hard\libc_nano.a(libc_a-nano-vfprintf_float.o)
                0x0800a87c                __exponent
 .text._printf_float
                0x0800a8f0      0x434 C:/ST/STM32CubeIDE_1.19.0/STM32CubeIDE/plugins/com.st.stm32cube.ide.mcu.externaltools.gnu-tools-for-stm32.13.3.rel1.win32_1.0.0.202411081344/tools/bin/../lib/gcc/arm-none-eabi/13.3.1/../../../../arm-none-eabi/lib/thumb/v7e-m+dp/hard\libc_nano.a(libc_a-nano-vfprintf_float.o)
                0x0800a8f0                _printf_float
 .text._printf_common
                0x0800ad24       0xda C:/ST/STM32CubeIDE_1.19.0/STM32CubeIDE/plugins/com.st.stm32cube.ide.mcu.externaltools.gnu-tools-for-stm32.13.3.rel1.win32_1.0.0.202411081344/tools/bin/../lib/gcc/arm-none-eabi/13.3.1/../../../../arm-none-eabi/lib/thumb/v7e-m+dp/hard\libc_nano.a(libc_a-nano-vfprintf_i.o)
                0x0800ad24                _printf_common
 *fill*         0x0800adfe        0x2 
 .text._printf_i
                0x0800ae00      0x23c C:/ST/STM32CubeIDE_1.19.0/STM32CubeIDE/plugins/com.st.stm32cube.ide.mcu.externaltools.gnu-tools-for-stm32.13.3.rel1.win32_1.0.0.202411081344/tools/bin/../lib/gcc/arm-none-eabi/13.3.1/../../../../arm-none-eabi/lib/thumb/v7e-m+dp/hard\libc_nano.a(libc_a-nano-vfprintf_i.o)
                0x0800ae00                _printf_i
 .text._scanf_float
                0x0800b03c      0x40c C:/ST/STM32CubeIDE_1.19.0/STM32CubeIDE/plugins/com.st.stm32cube.ide.mcu.externaltools.gnu-tools-for-stm32.13.3.rel1.win32_1.0.0.202411081344/tools/bin/../lib/gcc/arm-none-eabi/13.3.1/../../../../arm-none-eabi/lib/thumb/v7e-m+dp/hard\libc_nano.a(libc_a-nano-vfscanf_float.o)
                0x0800b03c                _scanf_float
 .text.std      0x0800b448       0x6c C:/ST/STM32CubeIDE_1.19.0/STM32CubeIDE/plugins/com.st.stm32cube.ide.mcu.externaltools.gnu-tools-for-stm32.13.3.rel1.win32_1.0.0.202411081344/tools/bin/../lib/gcc/arm-none-eabi/13.3.1/../../../../arm-none-eabi/lib/thumb/v7e-m+dp/hard\libc_nano.a(libc_a-findfp.o)
 .text.stdio_exit_handler
                0x0800b4b4       0x18 C:/ST/STM32CubeIDE_1.19.0/STM32CubeIDE/plugins/com.st.stm32cube.ide.mcu.externaltools.gnu-tools-for-stm32.13.3.rel1.win32_1.0.0.202411081344/tools/bin/../lib/gcc/arm-none-eabi/13.3.1/../../../../arm-none-eabi/lib/thumb/v7e-m+dp/hard\libc_nano.a(libc_a-findfp.o)
 .text.cleanup_stdio
                0x0800b4cc       0x40 C:/ST/STM32CubeIDE_1.19.0/STM32CubeIDE/plugins/com.st.stm32cube.ide.mcu.externaltools.gnu-tools-for-stm32.13.3.rel1.win32_1.0.0.202411081344/tools/bin/../lib/gcc/arm-none-eabi/13.3.1/../../../../arm-none-eabi/lib/thumb/v7e-m+dp/hard\libc_nano.a(libc_a-findfp.o)
 .text.global_stdio_init.part.0
                0x0800b50c       0x3c C:/ST/STM32CubeIDE_1.19.0/STM32CubeIDE/plugins/com.st.stm32cube.ide.mcu.externaltools.gnu-tools-for-stm32.13.3.rel1.win32_1.0.0.202411081344/tools/bin/../lib/gcc/arm-none-eabi/13.3.1/../../../../arm-none-eabi/lib/thumb/v7e-m+dp/hard\libc_nano.a(libc_a-findfp.o)
 .text.__sfp_lock_acquire
                0x0800b548        0xc C:/ST/STM32CubeIDE_1.19.0/STM32CubeIDE/plugins/com.st.stm32cube.ide.mcu.externaltools.gnu-tools-for-stm32.13.3.rel1.win32_1.0.0.202411081344/tools/bin/../lib/gcc/arm-none-eabi/13.3.1/../../../../arm-none-eabi/lib/thumb/v7e-m+dp/hard\libc_nano.a(libc_a-findfp.o)
                0x0800b548                __sfp_lock_acquire
 .text.__sfp_lock_release
                0x0800b554        0xc C:/ST/STM32CubeIDE_1.19.0/STM32CubeIDE/plugins/com.st.stm32cube.ide.mcu.externaltools.gnu-tools-for-stm32.13.3.rel1.win32_1.0.0.202411081344/tools/bin/../lib/gcc/arm-none-eabi/13.3.1/../../../../arm-none-eabi/lib/thumb/v7e-m+dp/hard\libc_nano.a(libc_a-findfp.o)
                0x0800b554                __sfp_lock_release
 .text.__sinit  0x0800b560       0x30 C:/ST/STM32CubeIDE_1.19.0/STM32CubeIDE/plugins/com.st.stm32cube.ide.mcu.externaltools.gnu-tools-for-stm32.13.3.rel1.win32_1.0.0.202411081344/tools/bin/../lib/gcc/arm-none-eabi/13.3.1/../../../../arm-none-eabi/lib/thumb/v7e-m+dp/hard\libc_nano.a(libc_a-findfp.o)
                0x0800b560                __sinit
 .text._fwalk_sglue
                0x0800b590       0x3c C:/ST/STM32CubeIDE_1.19.0/STM32CubeIDE/plugins/com.st.stm32cube.ide.mcu.externaltools.gnu-tools-for-stm32.13.3.rel1.win32_1.0.0.202411081344/tools/bin/../lib/gcc/arm-none-eabi/13.3.1/../../../../arm-none-eabi/lib/thumb/v7e-m+dp/hard\libc_nano.a(libc_a-fwalk.o)
                0x0800b590                _fwalk_sglue
 .text.sprintf  0x0800b5cc       0x44 C:/ST/STM32CubeIDE_1.19.0/STM32CubeIDE/plugins/com.st.stm32cube.ide.mcu.externaltools.gnu-tools-for-stm32.13.3.rel1.win32_1.0.0.202411081344/tools/bin/../lib/gcc/arm-none-eabi/13.3.1/../../../../arm-none-eabi/lib/thumb/v7e-m+dp/hard\libc_nano.a(libc_a-sprintf.o)
                0x0800b5cc                siprintf
                0x0800b5cc                sprintf
 .text.__sread  0x0800b610       0x22 C:/ST/STM32CubeIDE_1.19.0/STM32CubeIDE/plugins/com.st.stm32cube.ide.mcu.externaltools.gnu-tools-for-stm32.13.3.rel1.win32_1.0.0.202411081344/tools/bin/../lib/gcc/arm-none-eabi/13.3.1/../../../../arm-none-eabi/lib/thumb/v7e-m+dp/hard\libc_nano.a(libc_a-stdio.o)
                0x0800b610                __sread
 .text.__swrite
                0x0800b632       0x38 C:/ST/STM32CubeIDE_1.19.0/STM32CubeIDE/plugins/com.st.stm32cube.ide.mcu.externaltools.gnu-tools-for-stm32.13.3.rel1.win32_1.0.0.202411081344/tools/bin/../lib/gcc/arm-none-eabi/13.3.1/../../../../arm-none-eabi/lib/thumb/v7e-m+dp/hard\libc_nano.a(libc_a-stdio.o)
                0x0800b632                __swrite
 .text.__sseek  0x0800b66a       0x24 C:/ST/STM32CubeIDE_1.19.0/STM32CubeIDE/plugins/com.st.stm32cube.ide.mcu.externaltools.gnu-tools-for-stm32.13.3.rel1.win32_1.0.0.202411081344/tools/bin/../lib/gcc/arm-none-eabi/13.3.1/../../../../arm-none-eabi/lib/thumb/v7e-m+dp/hard\libc_nano.a(libc_a-stdio.o)
                0x0800b66a                __sseek
 .text.__sclose
                0x0800b68e        0x8 C:/ST/STM32CubeIDE_1.19.0/STM32CubeIDE/plugins/com.st.stm32cube.ide.mcu.externaltools.gnu-tools-for-stm32.13.3.rel1.win32_1.0.0.202411081344/tools/bin/../lib/gcc/arm-none-eabi/13.3.1/../../../../arm-none-eabi/lib/thumb/v7e-m+dp/hard\libc_nano.a(libc_a-stdio.o)
                0x0800b68e                __sclose
 .text.memmove  0x0800b696       0x34 C:/ST/STM32CubeIDE_1.19.0/STM32CubeIDE/plugins/com.st.stm32cube.ide.mcu.externaltools.gnu-tools-for-stm32.13.3.rel1.win32_1.0.0.202411081344/tools/bin/../lib/gcc/arm-none-eabi/13.3.1/../../../../arm-none-eabi/lib/thumb/v7e-m+dp/hard\libc_nano.a(libc_a-memmove.o)
                0x0800b696                memmove
 .text.memset   0x0800b6ca       0x10 C:/ST/STM32CubeIDE_1.19.0/STM32CubeIDE/plugins/com.st.stm32cube.ide.mcu.externaltools.gnu-tools-for-stm32.13.3.rel1.win32_1.0.0.202411081344/tools/bin/../lib/gcc/arm-none-eabi/13.3.1/../../../../arm-none-eabi/lib/thumb/v7e-m+dp/hard\libc_nano.a(libc_a-memset.o)
                0x0800b6ca                memset
 *fill*         0x0800b6da        0x2 
 .text._localeconv_r
                0x0800b6dc        0x8 C:/ST/STM32CubeIDE_1.19.0/STM32CubeIDE/plugins/com.st.stm32cube.ide.mcu.externaltools.gnu-tools-for-stm32.13.3.rel1.win32_1.0.0.202411081344/tools/bin/../lib/gcc/arm-none-eabi/13.3.1/../../../../arm-none-eabi/lib/thumb/v7e-m+dp/hard\libc_nano.a(libc_a-localeconv.o)
                0x0800b6dc                _localeconv_r
 .text._close_r
                0x0800b6e4       0x20 C:/ST/STM32CubeIDE_1.19.0/STM32CubeIDE/plugins/com.st.stm32cube.ide.mcu.externaltools.gnu-tools-for-stm32.13.3.rel1.win32_1.0.0.202411081344/tools/bin/../lib/gcc/arm-none-eabi/13.3.1/../../../../arm-none-eabi/lib/thumb/v7e-m+dp/hard\libc_nano.a(libc_a-closer.o)
                0x0800b6e4                _close_r
 .text._lseek_r
                0x0800b704       0x24 C:/ST/STM32CubeIDE_1.19.0/STM32CubeIDE/plugins/com.st.stm32cube.ide.mcu.externaltools.gnu-tools-for-stm32.13.3.rel1.win32_1.0.0.202411081344/tools/bin/../lib/gcc/arm-none-eabi/13.3.1/../../../../arm-none-eabi/lib/thumb/v7e-m+dp/hard\libc_nano.a(libc_a-lseekr.o)
                0x0800b704                _lseek_r
 .text._read_r  0x0800b728       0x24 C:/ST/STM32CubeIDE_1.19.0/STM32CubeIDE/plugins/com.st.stm32cube.ide.mcu.externaltools.gnu-tools-for-stm32.13.3.rel1.win32_1.0.0.202411081344/tools/bin/../lib/gcc/arm-none-eabi/13.3.1/../../../../arm-none-eabi/lib/thumb/v7e-m+dp/hard\libc_nano.a(libc_a-readr.o)
                0x0800b728                _read_r
 .text._sbrk_r  0x0800b74c       0x20 C:/ST/STM32CubeIDE_1.19.0/STM32CubeIDE/plugins/com.st.stm32cube.ide.mcu.externaltools.gnu-tools-for-stm32.13.3.rel1.win32_1.0.0.202411081344/tools/bin/../lib/gcc/arm-none-eabi/13.3.1/../../../../arm-none-eabi/lib/thumb/v7e-m+dp/hard\libc_nano.a(libc_a-sbrkr.o)
                0x0800b74c                _sbrk_r
 .text._write_r
                0x0800b76c       0x24 C:/ST/STM32CubeIDE_1.19.0/STM32CubeIDE/plugins/com.st.stm32cube.ide.mcu.externaltools.gnu-tools-for-stm32.13.3.rel1.win32_1.0.0.202411081344/tools/bin/../lib/gcc/arm-none-eabi/13.3.1/../../../../arm-none-eabi/lib/thumb/v7e-m+dp/hard\libc_nano.a(libc_a-writer.o)
                0x0800b76c                _write_r
 .text.__errno  0x0800b790        0xc C:/ST/STM32CubeIDE_1.19.0/STM32CubeIDE/plugins/com.st.stm32cube.ide.mcu.externaltools.gnu-tools-for-stm32.13.3.rel1.win32_1.0.0.202411081344/tools/bin/../lib/gcc/arm-none-eabi/13.3.1/../../../../arm-none-eabi/lib/thumb/v7e-m+dp/hard\libc_nano.a(libc_a-errno.o)
                0x0800b790                __errno
 .text.__libc_init_array
                0x0800b79c       0x48 C:/ST/STM32CubeIDE_1.19.0/STM32CubeIDE/plugins/com.st.stm32cube.ide.mcu.externaltools.gnu-tools-for-stm32.13.3.rel1.win32_1.0.0.202411081344/tools/bin/../lib/gcc/arm-none-eabi/13.3.1/../../../../arm-none-eabi/lib/thumb/v7e-m+dp/hard\libc_nano.a(libc_a-init.o)
                0x0800b79c                __libc_init_array
 .text.memcpy   0x0800b7e4       0x1c C:/ST/STM32CubeIDE_1.19.0/STM32CubeIDE/plugins/com.st.stm32cube.ide.mcu.externaltools.gnu-tools-for-stm32.13.3.rel1.win32_1.0.0.202411081344/tools/bin/../lib/gcc/arm-none-eabi/13.3.1/../../../../arm-none-eabi/lib/thumb/v7e-m+dp/hard\libc_nano.a(libc_a-memcpy-stub.o)
                0x0800b7e4                memcpy
 .text.nanf     0x0800b800        0xc C:/ST/STM32CubeIDE_1.19.0/STM32CubeIDE/plugins/com.st.stm32cube.ide.mcu.externaltools.gnu-tools-for-stm32.13.3.rel1.win32_1.0.0.202411081344/tools/bin/../lib/gcc/arm-none-eabi/13.3.1/../../../../arm-none-eabi/lib/thumb/v7e-m+dp/hard\libc_nano.a(libm_a-sf_nan.o)
                0x0800b800                nanf
 .text.quorem   0x0800b80c      0x110 C:/ST/STM32CubeIDE_1.19.0/STM32CubeIDE/plugins/com.st.stm32cube.ide.mcu.externaltools.gnu-tools-for-stm32.13.3.rel1.win32_1.0.0.202411081344/tools/bin/../lib/gcc/arm-none-eabi/13.3.1/../../../../arm-none-eabi/lib/thumb/v7e-m+dp/hard\libc_nano.a(libc_a-dtoa.o)
 *fill*         0x0800b91c        0x4 
 .text._dtoa_r  0x0800b920      0xabc C:/ST/STM32CubeIDE_1.19.0/STM32CubeIDE/plugins/com.st.stm32cube.ide.mcu.externaltools.gnu-tools-for-stm32.13.3.rel1.win32_1.0.0.202411081344/tools/bin/../lib/gcc/arm-none-eabi/13.3.1/../../../../arm-none-eabi/lib/thumb/v7e-m+dp/hard\libc_nano.a(libc_a-dtoa.o)
                0x0800b920                _dtoa_r
 .text._free_r  0x0800c3dc       0x94 C:/ST/STM32CubeIDE_1.19.0/STM32CubeIDE/plugins/com.st.stm32cube.ide.mcu.externaltools.gnu-tools-for-stm32.13.3.rel1.win32_1.0.0.202411081344/tools/bin/../lib/gcc/arm-none-eabi/13.3.1/../../../../arm-none-eabi/lib/thumb/v7e-m+dp/hard\libc_nano.a(libc_a-freer.o)
                0x0800c3dc                _free_r
 .text._Balloc  0x0800c470       0x80 C:/ST/STM32CubeIDE_1.19.0/STM32CubeIDE/plugins/com.st.stm32cube.ide.mcu.externaltools.gnu-tools-for-stm32.13.3.rel1.win32_1.0.0.202411081344/tools/bin/../lib/gcc/arm-none-eabi/13.3.1/../../../../arm-none-eabi/lib/thumb/v7e-m+dp/hard\libc_nano.a(libc_a-mprec.o)
                0x0800c470                _Balloc
 .text._Bfree   0x0800c4f0       0x44 C:/ST/STM32CubeIDE_1.19.0/STM32CubeIDE/plugins/com.st.stm32cube.ide.mcu.externaltools.gnu-tools-for-stm32.13.3.rel1.win32_1.0.0.202411081344/tools/bin/../lib/gcc/arm-none-eabi/13.3.1/../../../../arm-none-eabi/lib/thumb/v7e-m+dp/hard\libc_nano.a(libc_a-mprec.o)
                0x0800c4f0                _Bfree
 .text.__multadd
                0x0800c534       0x8c C:/ST/STM32CubeIDE_1.19.0/STM32CubeIDE/plugins/com.st.stm32cube.ide.mcu.externaltools.gnu-tools-for-stm32.13.3.rel1.win32_1.0.0.202411081344/tools/bin/../lib/gcc/arm-none-eabi/13.3.1/../../../../arm-none-eabi/lib/thumb/v7e-m+dp/hard\libc_nano.a(libc_a-mprec.o)
                0x0800c534                __multadd
 .text.__s2b    0x0800c5c0       0x94 C:/ST/STM32CubeIDE_1.19.0/STM32CubeIDE/plugins/com.st.stm32cube.ide.mcu.externaltools.gnu-tools-for-stm32.13.3.rel1.win32_1.0.0.202411081344/tools/bin/../lib/gcc/arm-none-eabi/13.3.1/../../../../arm-none-eabi/lib/thumb/v7e-m+dp/hard\libc_nano.a(libc_a-mprec.o)
                0x0800c5c0                __s2b
 .text.__hi0bits
                0x0800c654       0x3e C:/ST/STM32CubeIDE_1.19.0/STM32CubeIDE/plugins/com.st.stm32cube.ide.mcu.externaltools.gnu-tools-for-stm32.13.3.rel1.win32_1.0.0.202411081344/tools/bin/../lib/gcc/arm-none-eabi/13.3.1/../../../../arm-none-eabi/lib/thumb/v7e-m+dp/hard\libc_nano.a(libc_a-mprec.o)
                0x0800c654                __hi0bits
 .text.__lo0bits
                0x0800c692       0x5a C:/ST/STM32CubeIDE_1.19.0/STM32CubeIDE/plugins/com.st.stm32cube.ide.mcu.externaltools.gnu-tools-for-stm32.13.3.rel1.win32_1.0.0.202411081344/tools/bin/../lib/gcc/arm-none-eabi/13.3.1/../../../../arm-none-eabi/lib/thumb/v7e-m+dp/hard\libc_nano.a(libc_a-mprec.o)
                0x0800c692                __lo0bits
 .text.__i2b    0x0800c6ec       0x2c C:/ST/STM32CubeIDE_1.19.0/STM32CubeIDE/plugins/com.st.stm32cube.ide.mcu.externaltools.gnu-tools-for-stm32.13.3.rel1.win32_1.0.0.202411081344/tools/bin/../lib/gcc/arm-none-eabi/13.3.1/../../../../arm-none-eabi/lib/thumb/v7e-m+dp/hard\libc_nano.a(libc_a-mprec.o)
                0x0800c6ec                __i2b
 .text.__multiply
                0x0800c718      0x144 C:/ST/STM32CubeIDE_1.19.0/STM32CubeIDE/plugins/com.st.stm32cube.ide.mcu.externaltools.gnu-tools-for-stm32.13.3.rel1.win32_1.0.0.202411081344/tools/bin/../lib/gcc/arm-none-eabi/13.3.1/../../../../arm-none-eabi/lib/thumb/v7e-m+dp/hard\libc_nano.a(libc_a-mprec.o)
                0x0800c718                __multiply
 .text.__pow5mult
                0x0800c85c       0xb4 C:/ST/STM32CubeIDE_1.19.0/STM32CubeIDE/plugins/com.st.stm32cube.ide.mcu.externaltools.gnu-tools-for-stm32.13.3.rel1.win32_1.0.0.202411081344/tools/bin/../lib/gcc/arm-none-eabi/13.3.1/../../../../arm-none-eabi/lib/thumb/v7e-m+dp/hard\libc_nano.a(libc_a-mprec.o)
                0x0800c85c                __pow5mult
 .text.__lshift
                0x0800c910       0xd8 C:/ST/STM32CubeIDE_1.19.0/STM32CubeIDE/plugins/com.st.stm32cube.ide.mcu.externaltools.gnu-tools-for-stm32.13.3.rel1.win32_1.0.0.202411081344/tools/bin/../lib/gcc/arm-none-eabi/13.3.1/../../../../arm-none-eabi/lib/thumb/v7e-m+dp/hard\libc_nano.a(libc_a-mprec.o)
                0x0800c910                __lshift
 .text.__mcmp   0x0800c9e8       0x36 C:/ST/STM32CubeIDE_1.19.0/STM32CubeIDE/plugins/com.st.stm32cube.ide.mcu.externaltools.gnu-tools-for-stm32.13.3.rel1.win32_1.0.0.202411081344/tools/bin/../lib/gcc/arm-none-eabi/13.3.1/../../../../arm-none-eabi/lib/thumb/v7e-m+dp/hard\libc_nano.a(libc_a-mprec.o)
                0x0800c9e8                __mcmp
 *fill*         0x0800ca1e        0x2 
 .text.__mdiff  0x0800ca20      0x128 C:/ST/STM32CubeIDE_1.19.0/STM32CubeIDE/plugins/com.st.stm32cube.ide.mcu.externaltools.gnu-tools-for-stm32.13.3.rel1.win32_1.0.0.202411081344/tools/bin/../lib/gcc/arm-none-eabi/13.3.1/../../../../arm-none-eabi/lib/thumb/v7e-m+dp/hard\libc_nano.a(libc_a-mprec.o)
                0x0800ca20                __mdiff
 .text.__ulp    0x0800cb48       0x4c C:/ST/STM32CubeIDE_1.19.0/STM32CubeIDE/plugins/com.st.stm32cube.ide.mcu.externaltools.gnu-tools-for-stm32.13.3.rel1.win32_1.0.0.202411081344/tools/bin/../lib/gcc/arm-none-eabi/13.3.1/../../../../arm-none-eabi/lib/thumb/v7e-m+dp/hard\libc_nano.a(libc_a-mprec.o)
                0x0800cb48                __ulp
 .text.__b2d    0x0800cb94       0x94 C:/ST/STM32CubeIDE_1.19.0/STM32CubeIDE/plugins/com.st.stm32cube.ide.mcu.externaltools.gnu-tools-for-stm32.13.3.rel1.win32_1.0.0.202411081344/tools/bin/../lib/gcc/arm-none-eabi/13.3.1/../../../../arm-none-eabi/lib/thumb/v7e-m+dp/hard\libc_nano.a(libc_a-mprec.o)
                0x0800cb94                __b2d
 .text.__d2b    0x0800cc28       0xb0 C:/ST/STM32CubeIDE_1.19.0/STM32CubeIDE/plugins/com.st.stm32cube.ide.mcu.externaltools.gnu-tools-for-stm32.13.3.rel1.win32_1.0.0.202411081344/tools/bin/../lib/gcc/arm-none-eabi/13.3.1/../../../../arm-none-eabi/lib/thumb/v7e-m+dp/hard\libc_nano.a(libc_a-mprec.o)
                0x0800cc28                __d2b
 .text.__ratio  0x0800ccd8       0x5e C:/ST/STM32CubeIDE_1.19.0/STM32CubeIDE/plugins/com.st.stm32cube.ide.mcu.externaltools.gnu-tools-for-stm32.13.3.rel1.win32_1.0.0.202411081344/tools/bin/../lib/gcc/arm-none-eabi/13.3.1/../../../../arm-none-eabi/lib/thumb/v7e-m+dp/hard\libc_nano.a(libc_a-mprec.o)
                0x0800ccd8                __ratio
 .text.__copybits
                0x0800cd36       0x46 C:/ST/STM32CubeIDE_1.19.0/STM32CubeIDE/plugins/com.st.stm32cube.ide.mcu.externaltools.gnu-tools-for-stm32.13.3.rel1.win32_1.0.0.202411081344/tools/bin/../lib/gcc/arm-none-eabi/13.3.1/../../../../arm-none-eabi/lib/thumb/v7e-m+dp/hard\libc_nano.a(libc_a-mprec.o)
                0x0800cd36                __copybits
 .text.__any_on
                0x0800cd7c       0x42 C:/ST/STM32CubeIDE_1.19.0/STM32CubeIDE/plugins/com.st.stm32cube.ide.mcu.externaltools.gnu-tools-for-stm32.13.3.rel1.win32_1.0.0.202411081344/tools/bin/../lib/gcc/arm-none-eabi/13.3.1/../../../../arm-none-eabi/lib/thumb/v7e-m+dp/hard\libc_nano.a(libc_a-mprec.o)
                0x0800cd7c                __any_on
 .text.sulp     0x0800cdbe       0x34 C:/ST/STM32CubeIDE_1.19.0/STM32CubeIDE/plugins/com.st.stm32cube.ide.mcu.externaltools.gnu-tools-for-stm32.13.3.rel1.win32_1.0.0.202411081344/tools/bin/../lib/gcc/arm-none-eabi/13.3.1/../../../../arm-none-eabi/lib/thumb/v7e-m+dp/hard\libc_nano.a(libc_a-strtod.o)
 *fill*         0x0800cdf2        0x6 
 .text._strtod_l
                0x0800cdf8      0xb34 C:/ST/STM32CubeIDE_1.19.0/STM32CubeIDE/plugins/com.st.stm32cube.ide.mcu.externaltools.gnu-tools-for-stm32.13.3.rel1.win32_1.0.0.202411081344/tools/bin/../lib/gcc/arm-none-eabi/13.3.1/../../../../arm-none-eabi/lib/thumb/v7e-m+dp/hard\libc_nano.a(libc_a-strtod.o)
                0x0800cdf8                _strtod_l
 .text._strtod_r
                0x0800d92c        0xc C:/ST/STM32CubeIDE_1.19.0/STM32CubeIDE/plugins/com.st.stm32cube.ide.mcu.externaltools.gnu-tools-for-stm32.13.3.rel1.win32_1.0.0.202411081344/tools/bin/../lib/gcc/arm-none-eabi/13.3.1/../../../../arm-none-eabi/lib/thumb/v7e-m+dp/hard\libc_nano.a(libc_a-strtod.o)
                0x0800d92c                _strtod_r
 .text._strtol_l.isra.0
                0x0800d938       0xf4 C:/ST/STM32CubeIDE_1.19.0/STM32CubeIDE/plugins/com.st.stm32cube.ide.mcu.externaltools.gnu-tools-for-stm32.13.3.rel1.win32_1.0.0.202411081344/tools/bin/../lib/gcc/arm-none-eabi/13.3.1/../../../../arm-none-eabi/lib/thumb/v7e-m+dp/hard\libc_nano.a(libc_a-strtol.o)
 .text._strtol_r
                0x0800da2c        0x4 C:/ST/STM32CubeIDE_1.19.0/STM32CubeIDE/plugins/com.st.stm32cube.ide.mcu.externaltools.gnu-tools-for-stm32.13.3.rel1.win32_1.0.0.202411081344/tools/bin/../lib/gcc/arm-none-eabi/13.3.1/../../../../arm-none-eabi/lib/thumb/v7e-m+dp/hard\libc_nano.a(libc_a-strtol.o)
                0x0800da2c                _strtol_r
 .text.__ssputs_r
                0x0800da30       0xb6 C:/ST/STM32CubeIDE_1.19.0/STM32CubeIDE/plugins/com.st.stm32cube.ide.mcu.externaltools.gnu-tools-for-stm32.13.3.rel1.win32_1.0.0.202411081344/tools/bin/../lib/gcc/arm-none-eabi/13.3.1/../../../../arm-none-eabi/lib/thumb/v7e-m+dp/hard\libc_nano.a(libc_a-nano-svfprintf.o)
                0x0800da30                __ssputs_r
 *fill*         0x0800dae6        0x2 
 .text._svfprintf_r
                0x0800dae8      0x1f8 C:/ST/STM32CubeIDE_1.19.0/STM32CubeIDE/plugins/com.st.stm32cube.ide.mcu.externaltools.gnu-tools-for-stm32.13.3.rel1.win32_1.0.0.202411081344/tools/bin/../lib/gcc/arm-none-eabi/13.3.1/../../../../arm-none-eabi/lib/thumb/v7e-m+dp/hard\libc_nano.a(libc_a-nano-svfprintf.o)
                0x0800dae8                _svfiprintf_r
                0x0800dae8                _svfprintf_r
 .text.__sflush_r
                0x0800dce0      0x108 C:/ST/STM32CubeIDE_1.19.0/STM32CubeIDE/plugins/com.st.stm32cube.ide.mcu.externaltools.gnu-tools-for-stm32.13.3.rel1.win32_1.0.0.202411081344/tools/bin/../lib/gcc/arm-none-eabi/13.3.1/../../../../arm-none-eabi/lib/thumb/v7e-m+dp/hard\libc_nano.a(libc_a-fflush.o)
                0x0800dce0                __sflush_r
 .text._fflush_r
                0x0800dde8       0x50 C:/ST/STM32CubeIDE_1.19.0/STM32CubeIDE/plugins/com.st.stm32cube.ide.mcu.externaltools.gnu-tools-for-stm32.13.3.rel1.win32_1.0.0.202411081344/tools/bin/../lib/gcc/arm-none-eabi/13.3.1/../../../../arm-none-eabi/lib/thumb/v7e-m+dp/hard\libc_nano.a(libc_a-fflush.o)
                0x0800dde8                _fflush_r
 .text.strncmp  0x0800de38       0x24 C:/ST/STM32CubeIDE_1.19.0/STM32CubeIDE/plugins/com.st.stm32cube.ide.mcu.externaltools.gnu-tools-for-stm32.13.3.rel1.win32_1.0.0.202411081344/tools/bin/../lib/gcc/arm-none-eabi/13.3.1/../../../../arm-none-eabi/lib/thumb/v7e-m+dp/hard\libc_nano.a(libc_a-strncmp.o)
                0x0800de38                strncmp
 *fill*         0x0800de5c        0x4 
 .text.nan      0x0800de60       0x10 C:/ST/STM32CubeIDE_1.19.0/STM32CubeIDE/plugins/com.st.stm32cube.ide.mcu.externaltools.gnu-tools-for-stm32.13.3.rel1.win32_1.0.0.202411081344/tools/bin/../lib/gcc/arm-none-eabi/13.3.1/../../../../arm-none-eabi/lib/thumb/v7e-m+dp/hard\libc_nano.a(libm_a-s_nan.o)
                0x0800de60                nan
 .text.__assert_func
                0x0800de70       0x3c C:/ST/STM32CubeIDE_1.19.0/STM32CubeIDE/plugins/com.st.stm32cube.ide.mcu.externaltools.gnu-tools-for-stm32.13.3.rel1.win32_1.0.0.202411081344/tools/bin/../lib/gcc/arm-none-eabi/13.3.1/../../../../arm-none-eabi/lib/thumb/v7e-m+dp/hard\libc_nano.a(libc_a-assert.o)
                0x0800de70                __assert_func
 .text._calloc_r
                0x0800deac       0x28 C:/ST/STM32CubeIDE_1.19.0/STM32CubeIDE/plugins/com.st.stm32cube.ide.mcu.externaltools.gnu-tools-for-stm32.13.3.rel1.win32_1.0.0.202411081344/tools/bin/../lib/gcc/arm-none-eabi/13.3.1/../../../../arm-none-eabi/lib/thumb/v7e-m+dp/hard\libc_nano.a(libc_a-callocr.o)
                0x0800deac                _calloc_r