Archive member included to satisfy reference by file (symbol)

C:/ST/STM32CubeIDE_1.19.0/STM32CubeIDE/plugins/com.st.stm32cube.ide.mcu.externaltools.gnu-tools-for-stm32.13.3.rel1.win32_1.0.0.202411081344/tools/bin/../lib/gcc/arm-none-eabi/13.3.1/../../../../arm-none-eabi/lib/thumb/v7e-m+dp/hard\libc_nano.a(libc_a-exit.o)
                              C:/ST/STM32CubeIDE_1.19.0/STM32CubeIDE/plugins/com.st.stm32cube.ide.mcu.externaltools.gnu-tools-for-stm32.13.3.rel1.win32_1.0.0.202411081344/tools/bin/../lib/gcc/arm-none-eabi/13.3.1/../../../../arm-none-eabi/lib/thumb/v7e-m+dp/hard/crt0.o (exit)
C:/ST/STM32CubeIDE_1.19.0/STM32CubeIDE/plugins/com.st.stm32cube.ide.mcu.externaltools.gnu-tools-for-stm32.13.3.rel1.win32_1.0.0.202411081344/tools/bin/../lib/gcc/arm-none-eabi/13.3.1/../../../../arm-none-eabi/lib/thumb/v7e-m+dp/hard\libc_nano.a(libc_a-malloc.o)
                              ./Core/Src/fc/dsp/CircularQueue.o (malloc)
C:/ST/STM32CubeIDE_1.19.0/STM32CubeIDE/plugins/com.st.stm32cube.ide.mcu.externaltools.gnu-tools-for-stm32.13.3.rel1.win32_1.0.0.202411081344/tools/bin/../lib/gcc/arm-none-eabi/13.3.1/../../../../arm-none-eabi/lib/thumb/v7e-m+dp/hard\libc_nano.a(libc_a-mallocr.o)
                              C:/ST/STM32CubeIDE_1.19.0/STM32CubeIDE/plugins/com.st.stm32cube.ide.mcu.externaltools.gnu-tools-for-stm32.13.3.rel1.win32_1.0.0.202411081344/tools/bin/../lib/gcc/arm-none-eabi/13.3.1/../../../../arm-none-eabi/lib/thumb/v7e-m+dp/hard\libc_nano.a(libc_a-malloc.o) (_malloc_r)
C:/ST/STM32CubeIDE_1.19.0/STM32CubeIDE/plugins/com.st.stm32cube.ide.mcu.externaltools.gnu-tools-for-stm32.13.3.rel1.win32_1.0.0.202411081344/tools/bin/../lib/gcc/arm-none-eabi/13.3.1/../../../../arm-none-eabi/lib/thumb/v7e-m+dp/hard\libc_nano.a(libc_a-mlock.o)
                              C:/ST/STM32CubeIDE_1.19.0/STM32CubeIDE/plugins/com.st.stm32cube.ide.mcu.externaltools.gnu-tools-for-stm32.13.3.rel1.win32_1.0.0.202411081344/tools/bin/../lib/gcc/arm-none-eabi/13.3.1/../../../../arm-none-eabi/lib/thumb/v7e-m+dp/hard\libc_nano.a(libc_a-mallocr.o) (__malloc_lock)
C:/ST/STM32CubeIDE_1.19.0/STM32CubeIDE/plugins/com.st.stm32cube.ide.mcu.externaltools.gnu-tools-for-stm32.13.3.rel1.win32_1.0.0.202411081344/tools/bin/../lib/gcc/arm-none-eabi/13.3.1/../../../../arm-none-eabi/lib/thumb/v7e-m+dp/hard\libc_nano.a(libc_a-nano-vfprintf_float.o)
                              (_printf_float)
C:/ST/STM32CubeIDE_1.19.0/STM32CubeIDE/plugins/com.st.stm32cube.ide.mcu.externaltools.gnu-tools-for-stm32.13.3.rel1.win32_1.0.0.202411081344/tools/bin/../lib/gcc/arm-none-eabi/13.3.1/../../../../arm-none-eabi/lib/thumb/v7e-m+dp/hard\libc_nano.a(libc_a-nano-vfprintf_i.o)
                              C:/ST/STM32CubeIDE_1.19.0/STM32CubeIDE/plugins/com.st.stm32cube.ide.mcu.externaltools.gnu-tools-for-stm32.13.3.rel1.win32_1.0.0.202411081344/tools/bin/../lib/gcc/arm-none-eabi/13.3.1/../../../../arm-none-eabi/lib/thumb/v7e-m+dp/hard\libc_nano.a(libc_a-nano-vfprintf_float.o) (_printf_common)
C:/ST/STM32CubeIDE_1.19.0/STM32CubeIDE/plugins/com.st.stm32cube.ide.mcu.externaltools.gnu-tools-for-stm32.13.3.rel1.win32_1.0.0.202411081344/tools/bin/../lib/gcc/arm-none-eabi/13.3.1/../../../../arm-none-eabi/lib/thumb/v7e-m+dp/hard\libc_nano.a(libc_a-nano-vfscanf_float.o)
                              (_scanf_float)
C:/ST/STM32CubeIDE_1.19.0/STM32CubeIDE/plugins/com.st.stm32cube.ide.mcu.externaltools.gnu-tools-for-stm32.13.3.rel1.win32_1.0.0.202411081344/tools/bin/../lib/gcc/arm-none-eabi/13.3.1/../../../../arm-none-eabi/lib/thumb/v7e-m+dp/hard\libc_nano.a(libc_a-findfp.o)
                              C:/ST/STM32CubeIDE_1.19.0/STM32CubeIDE/plugins/com.st.stm32cube.ide.mcu.externaltools.gnu-tools-for-stm32.13.3.rel1.win32_1.0.0.202411081344/tools/bin/../lib/gcc/arm-none-eabi/13.3.1/../../../../arm-none-eabi/lib/thumb/v7e-m+dp/hard\libc_nano.a(libc_a-exit.o) (__stdio_exit_handler)
C:/ST/STM32CubeIDE_1.19.0/STM32CubeIDE/plugins/com.st.stm32cube.ide.mcu.externaltools.gnu-tools-for-stm32.13.3.rel1.win32_1.0.0.202411081344/tools/bin/../lib/gcc/arm-none-eabi/13.3.1/../../../../arm-none-eabi/lib/thumb/v7e-m+dp/hard\libc_nano.a(libc_a-fwalk.o)
                              C:/ST/STM32CubeIDE_1.19.0/STM32CubeIDE/plugins/com.st.stm32cube.ide.mcu.externaltools.gnu-tools-for-stm32.13.3.rel1.win32_1.0.0.202411081344/tools/bin/../lib/gcc/arm-none-eabi/13.3.1/../../../../arm-none-eabi/lib/thumb/v7e-m+dp/hard\libc_nano.a(libc_a-findfp.o) (_fwalk_sglue)
C:/ST/STM32CubeIDE_1.19.0/STM32CubeIDE/plugins/com.st.stm32cube.ide.mcu.externaltools.gnu-tools-for-stm32.13.3.rel1.win32_1.0.0.202411081344/tools/bin/../lib/gcc/arm-none-eabi/13.3.1/../../../../arm-none-eabi/lib/thumb/v7e-m+dp/hard\libc_nano.a(libc_a-sprintf.o)
                              ./Core/Src/fc/sensors/altitude/devices/bmp390/BMP390.o (sprintf)
[...]
Memory Configuration

Name             Origin             Length             Attributes
ITCMRAM          0x00000000         0x00010000         xrw
DTCMRAM          0x20000000         0x00020000         xrw
FLASH            0x08000000         0x00100000         xr
RAM_D1           0x24000000         0x00050000         xrw
RAM_D2           0x30000000         0x00008000         xrw
RAM_D3           0x38000000         0x00004000         xrw
*default*        0x00000000         0xffffffff

Linker script and memory map

LOAD C:/ST/STM32CubeIDE_1.19.0/STM32CubeIDE/plugins/com.st.stm32cube.ide.mcu.externaltools.gnu-tools-for-stm32.13.3.rel1.win32_1.0.0.202411081344/tools/bin/../lib/gcc/arm-none-eabi/13.3.1/thumb/v7e-m+dp/hard/crti.o
LOAD C:/ST/STM32CubeIDE_1.19.0/STM32CubeIDE/plugins/com.st.stm32cube.ide.mcu.externaltools.gnu-tools-for-stm32.13.3.rel1.win32_1.0.0.202411081344/tools/bin/../lib/gcc/arm-none-eabi/13.3.1/thumb/v7e-m+dp/hard/crtbegin.o
LOAD C:/ST/STM32CubeIDE_1.19.0/STM32CubeIDE/plugins/com.st.stm32cube.ide.mcu.externaltools.gnu-tools-for-stm32.13.3.rel1.win32_1.0.0.202411081344/tools/bin/../lib/gcc/arm-none-eabi/13.3.1/../../../../arm-none-eabi/lib/thumb/v7e-m+dp/hard/crt0.o
LOAD ./Core/Src/fc/calibration/Calibration.o
LOAD ./Core/Src/fc/control/ControlData.o
LOAD ./Core/Src/fc/control/Pid.o
LOAD ./Core/Src/fc/control/altitude/AltitudeControl.o
LOAD ./Core/Src/fc/control/attitude/AttitudeControl.o
LOAD ./Core/Src/fc/dsp/BiQuadFilter.o
LOAD ./Core/Src/fc/dsp/CircularQueue.o
LOAD ./Core/Src/fc/dsp/CircularQueue2D.o
LOAD ./Core/Src/fc/dsp/FFT.o
LOAD ./Core/Src/fc/dsp/HighPassFilter.o
LOAD ./Core/Src/fc/dsp/LeakyIntegrationFilter.o
LOAD ./Core/Src/fc/dsp/LowPassFilter.o
LOAD ./Core/Src/fc/dsp/TimeDecayFilter.o
LOAD ./Core/Src/fc/imu/IMU.o
LOAD ./Core/Src/fc/imu/MadgwickFilter.o
LOAD ./Core/Src/fc/imu/MahonyFilter.o
LOAD ./Core/Src/fc/io/indicator/Indicator.o
LOAD ./Core/Src/fc/io/indicator/led/LED.o
LOAD ./Core/Src/fc/io/pwm/PWM.o
LOAD ./Core/Src/fc/io/spi/SPI2.o
LOAD ./Core/Src/fc/io/spi/SPI4.o
LOAD ./Core/Src/fc/io/spi/SPI6.o
LOAD ./Core/Src/fc/io/uart/UART4.o
LOAD ./Core/Src/fc/io/uart/UART5.o
LOAD ./Core/Src/fc/io/uart/UART7.o
LOAD ./Core/Src/fc/logger/Logger.o
LOAD ./Core/Src/fc/managers/FCManager.o
LOAD ./Core/Src/fc/managers/altitude/AltitudeManager.o
LOAD ./Core/Src/fc/managers/attitude/AttitudeManager.o
LOAD ./Core/Src/fc/managers/config/ConfigHelper.o
LOAD ./Core/Src/fc/managers/config/ConfigManager.o
LOAD ./Core/Src/fc/managers/debug/DebugManager.o
LOAD ./Core/Src/fc/managers/indicator/IndicatorManager.o
LOAD ./Core/Src/fc/managers/output/OutputManager.o
LOAD ./Core/Src/fc/managers/position/PositionManager.o
LOAD ./Core/Src/fc/managers/position/estimator/PositionEstimator.o
LOAD ./Core/Src/fc/managers/position/estimator/VenturiBiasEstimator.o
LOAD ./Core/Src/fc/managers/rc/RCManager.o
LOAD ./Core/Src/fc/memory/Memory.o
LOAD ./Core/Src/fc/sensors/altitude/AltitudeSensor.o
LOAD ./Core/Src/fc/sensors/altitude/devices/AltitudeDevice.o
LOAD ./Core/Src/fc/sensors/altitude/devices/bmp390/BMP390.o
LOAD ./Core/Src/fc/sensors/altitude/devices/bmp581/BMP581.o
LOAD ./Core/Src/fc/sensors/attitude/AttitudeSensor.o
LOAD ./Core/Src/fc/sensors/attitude/devices/AttitudeDevice.o
LOAD ./Core/Src/fc/sensors/attitude/devices/ism330/ISM330.o
LOAD ./Core/Src/fc/sensors/attitude/devices/rm3100/RM3100.o
LOAD ./Core/Src/fc/sensors/attitude/noisefilter/AdaptiveNotchFilter.o
LOAD ./Core/Src/fc/sensors/attitude/noisefilter/AttitudeNoiseFilter.o
LOAD ./Core/Src/fc/sensors/rc/RCSensor.o
LOAD ./Core/Src/fc/sensors/rc/devices/FSIA.o
LOAD ./Core/Src/fc/status/FCStatus.o
LOAD ./Core/Src/fc/storage/flash/Flash.o
LOAD ./Core/Src/fc/timers/DWTTimer.o
LOAD ./Core/Src/fc/timers/DelayTimer.o
LOAD ./Core/Src/fc/timers/DeltaTimer.o
LOAD ./Core/Src/fc/timers/GPTimer24.o
LOAD ./Core/Src/fc/timers/GPTimer3.o
LOAD ./Core/Src/fc/timers/GPTimer4.o
LOAD ./Core/Src/fc/timers/GPTimer6.o
LOAD ./Core/Src/fc/timers/GPTimer7.o
LOAD ./Core/Src/fc/timers/Scheduler.o
LOAD ./Core/Src/fc/util/CommonUtil.o
LOAD ./Core/Src/fc/util/MathUtil.o
LOAD ./Core/Src/main.o
LOAD ./Core/Src/stm32h7xx_hal_msp.o
LOAD ./Core/Src/stm32h7xx_hal_timebase_tim.o
LOAD ./Core/Src/stm32h7xx_it.o
LOAD ./Core/Src/syscalls.o
LOAD ./Core/Src/sysmem.o
LOAD ./Core/Src/system_stm32h7xx.o
LOAD ./Core/Startup/startup_stm32h723vgtx.o
LOAD ./Core/ThreadSafe/newlib_lock_glue.o
LOAD ./Drivers/STM32H7xx_HAL_Driver/Src/stm32h7xx_hal.o
LOAD ./Drivers/STM32H7xx_HAL_Driver/Src/stm32h7xx_hal_cortex.o
LOAD ./Drivers/STM32H7xx_HAL_Driver/Src/stm32h7xx_hal_dma.o
LOAD ./Drivers/STM32H7xx_HAL_Driver/Src/stm32h7xx_hal_dma_ex.o
LOAD ./Drivers/STM32H7xx_HAL_Driver/Src/stm32h7xx_hal_exti.o
LOAD ./Drivers/STM32H7xx_HAL_Driver/Src/stm32h7xx_hal_flash.o
LOAD ./Drivers/STM32H7xx_HAL_Driver/Src/stm32h7xx_hal_flash_ex.o
LOAD ./Drivers/STM32H7xx_HAL_Driver/Src/stm32h7xx_hal_gpio.o
LOAD ./Drivers/STM32H7xx_HAL_Driver/Src/stm32h7xx_hal_hsem.o
LOAD ./Drivers/STM32H7xx_HAL_Driver/Src/stm32h7xx_hal_i2c.o
LOAD ./Drivers/STM32H7xx_HAL_Driver/Src/stm32h7xx_hal_i2c_ex.o
LOAD ./Drivers/STM32H7xx_HAL_Driver/Src/stm32h7xx_hal_mdma.o
LOAD ./Drivers/STM32H7xx_HAL_Driver/Src/stm32h7xx_hal_pwr.o
LOAD ./Drivers/STM32H7xx_HAL_Driver/Src/stm32h7xx_hal_pwr_ex.o
LOAD ./Drivers/STM32H7xx_HAL_Driver/Src/stm32h7xx_hal_rcc.o
LOAD ./Drivers/STM32H7xx_HAL_Driver/Src/stm32h7xx_hal_rcc_ex.o
LOAD ./Drivers/STM32H7xx_HAL_Driver/Src/stm32h7xx_hal_tim.o
LOAD ./Drivers/STM32H7xx_HAL_Driver/Src/stm32h7xx_hal_tim_ex.o
LOAD ./Drivers/STM32H7xx_HAL_Driver/Src/stm32h7xx_ll_bdma.o
LOAD ./Drivers/STM32H7xx_HAL_Driver/Src/stm32h7xx_ll_dma.o
LOAD ./Drivers/STM32H7xx_HAL_Driver/Src/stm32h7xx_ll_exti.o
LOAD ./Drivers/STM32H7xx_HAL_Driver/Src/stm32h7xx_ll_gpio.o
LOAD ./Drivers/STM32H7xx_HAL_Driver/Src/stm32h7xx_ll_rcc.o
LOAD ./Drivers/STM32H7xx_HAL_Driver/Src/stm32h7xx_ll_spi.o
LOAD ./Drivers/STM32H7xx_HAL_Driver/Src/stm32h7xx_ll_tim.o
LOAD ./Drivers/STM32H7xx_HAL_Driver/Src/stm32h7xx_ll_usart.o
LOAD ./Drivers/STM32H7xx_HAL_Driver/Src/stm32h7xx_ll_utils.o
START GROUP
LOAD C:/ST/STM32CubeIDE_1.19.0/STM32CubeIDE/plugins/com.st.stm32cube.ide.mcu.externaltools.gnu-tools-for-stm32.13.3.rel1.win32_1.0.0.202411081344/tools/bin/../lib/gcc/arm-none-eabi/13.3.1/../../../../arm-none-eabi/lib/thumb/v7e-m+dp/hard\libc_nano.a
LOAD C:/ST/STM32CubeIDE_1.19.0/STM32CubeIDE/plugins/com.st.stm32cube.ide.mcu.externaltools.gnu-tools-for-stm32.13.3.rel1.win32_1.0.0.202411081344/tools/bin/../lib/gcc/arm-none-eabi/13.3.1/../../../../arm-none-eabi/lib/thumb/v7e-m+dp/hard\libm.a
END GROUP
START GROUP
LOAD C:/ST/STM32CubeIDE_1.19.0/STM32CubeIDE/plugins/com.st.stm32cube.ide.mcu.externaltools.gnu-tools-for-stm32.13.3.rel1.win32_1.0.0.202411081344/tools/bin/../lib/gcc/arm-none-eabi/13.3.1/thumb/v7e-m+dp/hard\libgcc.a
LOAD C:/ST/STM32CubeIDE_1.19.0/STM32CubeIDE/plugins/com.st.stm32cube.ide.mcu.externaltools.gnu-tools-for-stm32.13.3.rel1.win32_1.0.0.202411081344/tools/bin/../lib/gcc/arm-none-eabi/13.3.1/../../../../arm-none-eabi/lib/thumb/v7e-m+dp/hard\libc_nano.a
END GROUP
START GROUP
LOAD C:/ST/STM32CubeIDE_1.19.0/STM32CubeIDE/plugins/com.st.stm32cube.ide.mcu.externaltools.gnu-tools-for-stm32.13.3.rel1.win32_1.0.0.202411081344/tools/bin/../lib/gcc/arm-none-eabi/13.3.1/thumb/v7e-m+dp/hard\libgcc.a
LOAD C:/ST/STM32CubeIDE_1.19.0/STM32CubeIDE/plugins/com.st.stm32cube.ide.mcu.externaltools.gnu-tools-for-stm32.13.3.rel1.win32_1.0.0.202411081344/tools/bin/../lib/gcc/arm-none-eabi/13.3.1/../../../../arm-none-eabi/lib/thumb/v7e-m+dp/hard\libc_nano.a
LOAD C:/ST/STM32CubeIDE_1.19.0/STM32CubeIDE/plugins/com.st.stm32cube.ide.mcu.externaltools.gnu-tools-for-stm32.13.3.rel1.win32_1.0.0.202411081344/tools/bin/../lib/gcc/arm-none-eabi/13.3.1/../../../../arm-none-eabi/lib/thumb/v7e-m+dp/hard\libnosys.a
END GROUP
START GROUP
LOAD C:/ST/STM32CubeIDE_1.19.0/STM32CubeIDE/plugins/com.st.stm32cube.ide.mcu.externaltools.gnu-tools-for-stm32.13.3.rel1.win32_1.0.0.202411081344/tools/bin/../lib/gcc/arm-none-eabi/13.3.1/thumb/v7e-m+dp/hard\libgcc.a
LOAD C:/ST/STM32CubeIDE_1.19.0/STM32CubeIDE/plugins/com.st.stm32cube.ide.mcu.externaltools.gnu-tools-for-stm32.13.3.rel1.win32_1.0.0.202411081344/tools/bin/../lib/gcc/arm-none-eabi/13.3.1/../../../../arm-none-eabi/lib/thumb/v7e-m+dp/hard\libc_nano.a
LOAD C:/ST/STM32CubeIDE_1.19.0/STM32CubeIDE/plugins/com.st.stm32cube.ide.mcu.externaltools.gnu-tools-for-stm32.13.3.rel1.win32_1.0.0.202411081344/tools/bin/../lib/gcc/arm-none-eabi/13.3.1/../../../../arm-none-eabi/lib/thumb/v7e-m+dp/hard\libnosys.a
END GROUP
LOAD C:/ST/STM32CubeIDE_1.19.0/STM32CubeIDE/plugins/com.st.stm32cube.ide.mcu.externaltools.gnu-tools-for-stm32.13.3.rel1.win32_1.0.0.202411081344/tools/bin/../lib/gcc/arm-none-eabi/13.3.1/thumb/v7e-m+dp/hard/crtend.o
LOAD C:/ST/STM32CubeIDE_1.19.0/STM32CubeIDE/plugins/com.st.stm32cube.ide.mcu.externaltools.gnu-tools-for-stm32.13.3.rel1.win32_1.0.0.202411081344/tools/bin/../lib/gcc/arm-none-eabi/13.3.1/thumb/v7e-m+dp/hard/crtn.o
                0x24050000                        _estack = (ORIGIN (RAM_D1) + LENGTH (RAM_D1))
                0x00001000                        _Min_Heap_Size = 0x1000
                0x00002000                        _Min_Stack_Size = 0x2000

.isr_vector     0x08000000      0x2cc
                0x08000000                        . = ALIGN (0x4)
 *(.isr_vector)
 .isr_vector    0x08000000      0x2cc ./Core/Startup/startup_stm32h723vgtx.o
                0x08000000                g_pfnVectors
                0x080002cc                        . = ALIGN (0x4)

.text           0x080002d0     0xf4a0
                0x080002d0                        . = ALIGN (0x4)
 *(.text)
 .text          0x080002d0       0x40 C:/ST/STM32CubeIDE_1.19.0/STM32CubeIDE/plugins/com.st.stm32cube.ide.mcu.externaltools.gnu-tools-for-stm32.13.3.rel1.win32_1.0.0.202411081344/tools/bin/../lib/gcc/arm-none-eabi/13.3.1/thumb/v7e-m+dp/hard/crtbegin.o
 .text          0x08000310       0xa0 C:/ST/STM32CubeIDE_1.19.0/STM32CubeIDE/plugins/com.st.stm32cube.ide.mcu.externaltools.gnu-tools-for-stm32.13.3.rel1.win32_1.0.0.202411081344/tools/bin/../lib/gcc/arm-none-eabi/13.3.1/../../../../arm-none-eabi/lib/thumb/v7e-m+dp/hard\libc_nano.a(libc_a-memchr.o)
                0x08000310                memchr
 .text          0x080003b0       0x10 C:/ST/STM32CubeIDE_1.19.0/STM32CubeIDE/plugins/com.st.stm32cube.ide.mcu.externaltools.gnu-tools-for-stm32.13.3.rel1.win32_1.0.0.202411081344/tools/bin/../lib/gcc/arm-none-eabi/13.3.1/../../../../arm-none-eabi/lib/thumb/v7e-m+dp/hard\libc_nano.a(libc_a-strlen.o)
                0x080003b0                strlen
 .text          0x080003c0      0x378 C:/ST/STM32CubeIDE_1.19.0/STM32CubeIDE/plugins/com.st.stm32cube.ide.mcu.externaltools.gnu-tools-for-stm32.13.3.rel1.win32_1.0.0.202411081344/tools/bin/../lib/gcc/arm-none-eabi/13.3.1/thumb/v7e-m+dp/hard\libgcc.a(_arm_addsubdf3.o)
                0x080003c0                __aeabi_drsub
                0x080003c8                __aeabi_dsub
                0x080003c8                __subdf3
                0x080003cc                __aeabi_dadd
                0x080003cc                __adddf3
                0x08000644                __floatunsidf
                0x08000644                __aeabi_ui2d
                0x08000664                __floatsidf
                0x08000664                __aeabi_i2d
                0x08000688                __aeabi_f2d
                0x08000688                __extendsfdf2
                0x080006cc                __floatundidf
                0x080006cc                __aeabi_ul2d
                0x080006dc                __floatdidf
                0x080006dc                __aeabi_l2d
 .text          0x08000738       0x30 C:/ST/STM32CubeIDE_1.19.0/STM32CubeIDE/plugins/com.st.stm32cube.ide.mcu.externaltools.gnu-tools-for-stm32.13.3.rel1.win32_1.0.0.202411081344/tools/bin/../lib/gcc/arm-none-eabi/13.3.1/thumb/v7e-m+dp/hard\libgcc.a(_fixdfdi.o)
                0x08000738                __fixdfdi
                0x08000738                __aeabi_d2lz
 .text          0x08000768       0x40 C:/ST/STM32CubeIDE_1.19.0/STM32CubeIDE/plugins/com.st.stm32cube.ide.mcu.externaltools.gnu-tools-for-stm32.13.3.rel1.win32_1.0.0.202411081344/tools/bin/../lib/gcc/arm-none-eabi/13.3.1/thumb/v7e-m+dp/hard\libgcc.a(_fixunsdfdi.o)
                0x08000768                __fixunsdfdi
                0x08000768                __aeabi_d2ulz
 *(.text*)
 .text.initCalibration
                0x080007a8        0x4 ./Core/Src/fc/calibration/Calibration.o
                0x080007a8                initCalibration
 .text.getCalibrationScalableValue
                0x080007ac       0x18 ./Core/Src/fc/calibration/Calibration.o
                0x080007ac                getCalibrationScalableValue
 .text.getCalibrationData
                0x080007c4        0x8 ./Core/Src/fc/calibration/Calibration.o
                0x080007c4                getCalibrationData
 .text.getCalibrationValue
                0x080007cc        0xc ./Core/Src/fc/calibration/Calibration.o
                0x080007cc                getCalibrationValue
 .text.setCalibrationValue
                0x080007d8        0xc ./Core/Src/fc/calibration/Calibration.o
                0x080007d8                setCalibrationValue
 .text.getScaledCalibrationValue
                0x080007e4       0x24 ./Core/Src/fc/calibration/Calibration.o
                0x080007e4                getScaledCalibrationValue
 .text.setDefaultCalibration
                0x08000808      0x224 ./Core/Src/fc/calibration/Calibration.o
                0x08000808                setDefaultCalibration
 .text.saveCalibration
                0x08000a2c       0x14 ./Core/Src/fc/calibration/Calibration.o
                0x08000a2c                saveCalibration
 .text.loadCalibration
                0x08000a40       0x1c ./Core/Src/fc/calibration/Calibration.o
                0x08000a40                loadCalibration
 .text.isCalibrated
                0x08000a5c       0x14 ./Core/Src/fc/calibration/Calibration.o
                0x08000a5c                isCalibrated
 .text.pidInit  0x08000a70       0x3c ./Core/Src/fc/control/Pid.o
                0x08000a70                pidInit
 .text.pidSetPIDOutputLimits
                0x08000aac       0x24 ./Core/Src/fc/control/Pid.o
                0x08000aac                pidSetPIDOutputLimits
 .text.pidSetPOutputLimits
                0x08000ad0        0xc ./Core/Src/fc/control/Pid.o
                0x08000ad0                pidSetPOutputLimits
 .text.pidSetIOutputLimits
                0x08000adc        0xc ./Core/Src/fc/control/Pid.o
                0x08000adc                pidSetIOutputLimits
 .text.pidSetDOutputLimits
                0x08000ae8        0xc ./Core/Src/fc/control/Pid.o
                0x08000ae8                pidSetDOutputLimits
 .text.pidReset
                0x08000af4       0x20 ./Core/Src/fc/control/Pid.o
                0x08000af4                pidReset
 .text.pidResetI
                0x08000b14        0x8 ./Core/Src/fc/control/Pid.o
                0x08000b14                pidResetI
 .text.initAltitudeControl
                0x08000b1c      0x234 ./Core/Src/fc/control/altitude/AltitudeControl.o
                0x08000b1c                initAltitudeControl
 .text.resetAltitudeControl
                0x08000d50       0x44 ./Core/Src/fc/control/altitude/AltitudeControl.o
                0x08000d50                resetAltitudeControl
 .text.resetAltitudeRIControl
                0x08000d94        0xc ./Core/Src/fc/control/altitude/AltitudeControl.o
                0x08000d94                resetAltitudeRIControl
 .text.initAttitudeControl
                0x08000da0      0x3c8 ./Core/Src/fc/control/attitude/AttitudeControl.o
                0x08000da0                initAttitudeControl
 .text.resetAttitudeControl
                0x08001168       0x78 ./Core/Src/fc/control/attitude/AttitudeControl.o
                0x08001168                resetAttitudeControl
 .text.biQuadFilterReset
                0x080011e0        0xc ./Core/Src/fc/dsp/BiQuadFilter.o
                0x080011e0                biQuadFilterReset
 .text.biQuadCalculateCoeffs
                0x080011ec      0x294 ./Core/Src/fc/dsp/BiQuadFilter.o
                0x080011ec                biQuadCalculateCoeffs
 .text.biQuadFilterInit
                0x08001480       0x34 ./Core/Src/fc/dsp/BiQuadFilter.o
                0x08001480                biQuadFilterInit
 .text.biQuadFilterSetCenterFreq
                0x080014b4        0x8 ./Core/Src/fc/dsp/BiQuadFilter.o
                0x080014b4                biQuadFilterSetCenterFreq
 .text.biQuadFilterUpdate
                0x080014bc       0x54 ./Core/Src/fc/dsp/BiQuadFilter.o
                0x080014bc                biQuadFilterUpdate
 .text.circularQueueInit
                0x08001510       0x30 ./Core/Src/fc/dsp/CircularQueue.o
                0x08001510                circularQueueInit
 .text.circularQueueWrite
                0x08001540       0x64 ./Core/Src/fc/dsp/CircularQueue.o
                0x08001540                circularQueueWrite
 .text.circularQueueRead
                0x080015a4       0x54 ./Core/Src/fc/dsp/CircularQueue.o
                0x080015a4                circularQueueRead
 .text.circularQueueAvailableData
                0x080015f8        0x8 ./Core/Src/fc/dsp/CircularQueue.o
                0x080015f8                circularQueueAvailableData
 .text.initFFT  0x08001600       0xe0 ./Core/Src/fc/dsp/FFT.o
                0x08001600                initFFT
 .text.initFFTContext
                0x080016e0       0xd4 ./Core/Src/fc/dsp/FFT.o
                0x080016e0                initFFTContext
 .text.lowPassFilterInit
                0x080017b4       0x1c ./Core/Src/fc/dsp/LowPassFilter.o
                0x080017b4                lowPassFilterInit
 .text.lowPassFilterSetCutOff
                0x080017d0       0x18 ./Core/Src/fc/dsp/LowPassFilter.o
                0x080017d0                lowPassFilterSetCutOff
 .text.lowPassFilterReset
                0x080017e8        0x8 ./Core/Src/fc/dsp/LowPassFilter.o
                0x080017e8                lowPassFilterReset
 .text.lowPassFilterResetToValue
                0x080017f0        0x8 ./Core/Src/fc/dsp/LowPassFilter.o
                0x080017f0                lowPassFilterResetToValue
 .text.lowPassFilterUpdate
                0x080017f8       0x24 ./Core/Src/fc/dsp/LowPassFilter.o
                0x080017f8                lowPassFilterUpdate
 .text.imuInit  0x0800181c       0x68 ./Core/Src/fc/imu/IMU.o
                0x0800181c                imuInit
 .text.imuSetMode
                0x08001884        0x4 ./Core/Src/fc/imu/IMU.o
                0x08001884                imuSetMode
 .text.imuFilterSetMode
                0x08001888       0x3c ./Core/Src/fc/imu/MahonyFilter.o
                0x08001888                imuFilterSetMode
 .text.imuFilterInit
                0x080018c4       0x7c ./Core/Src/fc/imu/MahonyFilter.o
                0x080018c4                imuFilterInit
 .text.imuFilterReset
                0x08001940       0x28 ./Core/Src/fc/imu/MahonyFilter.o
                0x08001940                imuFilterReset
 .text.initIndicators
                0x08001968        0x4 ./Core/Src/fc/io/indicator/Indicator.o
                0x08001968                initIndicators
 .text.startUpIndicatorBlink
                0x0800196c        0x4 ./Core/Src/fc/io/indicator/Indicator.o
                0x0800196c                startUpIndicatorBlink
 .text.startUpIndicatorOn
                0x08001970        0x4 ./Core/Src/fc/io/indicator/Indicator.o
                0x08001970                startUpIndicatorOn
 .text.processingIndicatorOff
                0x08001974        0x4 ./Core/Src/fc/io/indicator/Indicator.o
                0x08001974                processingIndicatorOff
 .text.processingIndicatorBlink
                0x08001978        0x4 ./Core/Src/fc/io/indicator/Indicator.o
                0x08001978                processingIndicatorBlink
 .text.processingIndicatorOn
                0x0800197c        0x4 ./Core/Src/fc/io/indicator/Indicator.o
                0x0800197c                processingIndicatorOn
 .text.errorIndicatorOff
                0x08001980        0x4 ./Core/Src/fc/io/indicator/Indicator.o
                0x08001980                errorIndicatorOff
 .text.errorIndicatorBlink
                0x08001984        0x4 ./Core/Src/fc/io/indicator/Indicator.o
                0x08001984                errorIndicatorBlink
 .text.errorIndicatorOn
                0x08001988        0x4 ./Core/Src/fc/io/indicator/Indicator.o
                0x08001988                errorIndicatorOn
 .text.deviceLedsInit
                0x0800198c       0xa4 ./Core/Src/fc/io/indicator/led/LED.o
                0x0800198c                deviceLedsInit
 .text.deviceLed1On
                0x08001a30        0xc ./Core/Src/fc/io/indicator/led/LED.o
                0x08001a30                deviceLed1On
 .text.deviceLed1Toggle
                0x08001a3c       0x1c ./Core/Src/fc/io/indicator/led/LED.o
                0x08001a3c                deviceLed1Toggle
 .text.deviceLed2On
                0x08001a58        0xc ./Core/Src/fc/io/indicator/led/LED.o
                0x08001a58                deviceLed2On
 .text.deviceLed2Off
                0x08001a64       0x10 ./Core/Src/fc/io/indicator/led/LED.o
                0x08001a64                deviceLed2Off
 .text.deviceLed2Toggle
                0x08001a74       0x1c ./Core/Src/fc/io/indicator/led/LED.o
                0x08001a74                deviceLed2Toggle
 .text.deviceLed3On
                0x08001a90        0xc ./Core/Src/fc/io/indicator/led/LED.o
                0x08001a90                deviceLed3On
 .text.deviceLed3Off
                0x08001a9c       0x10 ./Core/Src/fc/io/indicator/led/LED.o
                0x08001a9c                deviceLed3Off
 .text.deviceLed3Toggle
                0x08001aac       0x1c ./Core/Src/fc/io/indicator/led/LED.o
                0x08001aac                deviceLed3Toggle
 .text.initPWM  0x08001ac8      0x198 ./Core/Src/fc/io/pwm/PWM.o
                0x08001ac8                initPWM
 .text.spi2ClearDMAFlags
                0x08001c60       0x98 ./Core/Src/fc/io/spi/SPI2.o
 .text.spi2InitDMA
                0x08001cf8      0x174 ./Core/Src/fc/io/spi/SPI2.o
                0x08001cf8                spi2InitDMA
 .text.spi2Init
                0x08001e6c      0x12c ./Core/Src/fc/io/spi/SPI2.o
                0x08001e6c                spi2Init
 .text.DMA1_Stream6_IRQHandler
                0x08001f98      0x108 ./Core/Src/fc/io/spi/SPI2.o
                0x08001f98                DMA1_Stream6_IRQHandler
 .text.spi2ReadRegisterAsync
                0x080020a0      0x118 ./Core/Src/fc/io/spi/SPI2.o
                0x080020a0                spi2ReadRegisterAsync
 .text.spi2ReadRegister
                0x080021b8       0x80 ./Core/Src/fc/io/spi/SPI2.o
                0x080021b8                spi2ReadRegister
 .text.spi2WriteRegister
                0x08002238      0x160 ./Core/Src/fc/io/spi/SPI2.o
                0x08002238                spi2WriteRegister
 .text.spi4ClearDMAFlags
                0x08002398       0x84 ./Core/Src/fc/io/spi/SPI4.o
 .text.DMA1_Stream0_IRQHandler
                0x0800241c       0xf0 ./Core/Src/fc/io/spi/SPI4.o
                0x0800241c                DMA1_Stream0_IRQHandler
 .text.spi4Init
                0x0800250c      0x248 ./Core/Src/fc/io/spi/SPI4.o
                0x0800250c                spi4Init
 .text.spi4ReadRegisterAsync
                0x08002754       0xfc ./Core/Src/fc/io/spi/SPI4.o
                0x08002754                spi4ReadRegisterAsync
 .text.spi4ReadRegister
                0x08002850       0x80 ./Core/Src/fc/io/spi/SPI4.o
                0x08002850                spi4ReadRegister
 .text.spi4WriteRegister
                0x080028d0      0x13c ./Core/Src/fc/io/spi/SPI4.o
                0x080028d0                spi4WriteRegister
 .text.BDMA_Channel0_IRQHandler
                0x08002a0c       0xe4 ./Core/Src/fc/io/spi/SPI6.o
                0x08002a0c                BDMA_Channel0_IRQHandler
 .text.spi6InitDMA
                0x08002af0      0x14c ./Core/Src/fc/io/spi/SPI6.o
                0x08002af0                spi6InitDMA
 .text.spi6Init
                0x08002c3c      0x120 ./Core/Src/fc/io/spi/SPI6.o
                0x08002c3c                spi6Init
 .text.spi6ReadRegisterAsync
                0x08002d5c      0x144 ./Core/Src/fc/io/spi/SPI6.o
                0x08002d5c                spi6ReadRegisterAsync
 .text.spi6ReadRegister
                0x08002ea0       0x80 ./Core/Src/fc/io/spi/SPI6.o
                0x08002ea0                spi6ReadRegister
 .text.spi6WriteRegister
                0x08002f20      0x170 ./Core/Src/fc/io/spi/SPI6.o
                0x08002f20                spi6WriteRegister
 .text.DMA2_Stream1_IRQHandler
                0x08003090       0x2c ./Core/Src/fc/io/uart/UART4.o
                0x08003090                DMA2_Stream1_IRQHandler
 .text.DMA2_Stream0_IRQHandler
                0x080030bc       0xec ./Core/Src/fc/io/uart/UART4.o
                0x080030bc                DMA2_Stream0_IRQHandler
 .text.uart4DMAConfigTX
                0x080031a8       0xf4 ./Core/Src/fc/io/uart/UART4.o
                0x080031a8                uart4DMAConfigTX
 .text.uart4DMAConfigRX
                0x0800329c       0xf0 ./Core/Src/fc/io/uart/UART4.o
                0x0800329c                uart4DMAConfigRX
 .text.uart4Config
                0x0800338c      0x100 ./Core/Src/fc/io/uart/UART4.o
                0x0800338c                uart4Config
 .text.uart4Init
                0x0800348c       0x7c ./Core/Src/fc/io/uart/UART4.o
                0x0800348c                uart4Init
 .text.uart4ReadStart
                0x08003508       0xec ./Core/Src/fc/io/uart/UART4.o
                0x08003508                uart4ReadStart
 .text.DMA1_Stream3_IRQHandler
                0x080035f4       0x2c ./Core/Src/fc/io/uart/UART5.o
                0x080035f4                DMA1_Stream3_IRQHandler
 .text.DMA1_Stream2_IRQHandler
                0x08003620       0xf8 ./Core/Src/fc/io/uart/UART5.o
                0x08003620                DMA1_Stream2_IRQHandler
 .text.uart5DMAConfigTX
                0x08003718       0xdc ./Core/Src/fc/io/uart/UART5.o
                0x08003718                uart5DMAConfigTX
 .text.uart5DMAConfigRX
                0x080037f4       0xe4 ./Core/Src/fc/io/uart/UART5.o
                0x080037f4                uart5DMAConfigRX
 .text.uart5Config
                0x080038d8       0xfc ./Core/Src/fc/io/uart/UART5.o
                0x080038d8                uart5Config
 .text.uart5Init
                0x080039d4       0x7c ./Core/Src/fc/io/uart/UART5.o
                0x080039d4                uart5Init
 .text.uart5WriteDMA
                0x08003a50       0x68 ./Core/Src/fc/io/uart/UART5.o
                0x08003a50                uart5WriteDMA
 .text.uart5Write
                0x08003ab8       0x24 ./Core/Src/fc/io/uart/UART5.o
                0x08003ab8                uart5Write
 .text.uart5ReadStart
                0x08003adc       0xf4 ./Core/Src/fc/io/uart/UART5.o
                0x08003adc                uart5ReadStart
 .text.DMA1_Stream5_IRQHandler
                0x08003bd0       0x24 ./Core/Src/fc/io/uart/UART7.o
                0x08003bd0                DMA1_Stream5_IRQHandler
 .text.DMA1_Stream4_IRQHandler
                0x08003bf4       0xec ./Core/Src/fc/io/uart/UART7.o
                0x08003bf4                DMA1_Stream4_IRQHandler
 .text.initLogger
                0x08003ce0       0x20 ./Core/Src/fc/logger/Logger.o
                0x08003ce0                initLogger
 .text.logString
                0x08003d00       0x18 ./Core/Src/fc/logger/Logger.o
                0x08003d00                logString
 .text.runFC    0x08003d18       0x2c ./Core/Src/fc/managers/FCManager.o
                0x08003d18                runFC
 .text.initManagers
                0x08003d44      0x108 ./Core/Src/fc/managers/FCManager.o
                0x08003d44                initManagers
 .text.initFC   0x08003e4c       0xbc ./Core/Src/fc/managers/FCManager.o
                0x08003e4c                initFC
 .text.initAltitudeManager
                0x08003f08       0xfc ./Core/Src/fc/managers/altitude/AltitudeManager.o
                0x08003f08                initAltitudeManager
 .text.initAttitudeManager
                0x08004004       0xa8 ./Core/Src/fc/managers/attitude/AttitudeManager.o
                0x08004004                initAttitudeManager
 .text.initConfigHelper
                0x080040ac       0x54 ./Core/Src/fc/managers/config/ConfigHelper.o
                0x080040ac                initConfigHelper
 .text.unmarshalConfigDataPacket
                0x08004100       0xa4 ./Core/Src/fc/managers/config/ConfigHelper.o
                0x08004100                unmarshalConfigDataPacket
 .text.updateConfigPacketData
                0x080041a4      0x144 ./Core/Src/fc/managers/config/ConfigHelper.o
                0x080041a4                updateConfigPacketData
 .text._processConfigData
                0x080042e8        0x8 ./Core/Src/fc/managers/config/ConfigHelper.o
                0x080042e8                _processConfigData
 .text.marshalConfigDataPacket
                0x080042f0      0x130 ./Core/Src/fc/managers/config/ConfigHelper.o
                0x080042f0                marshalConfigDataPacket
 .text.hasConfigDataPacket
                0x08004420       0x14 ./Core/Src/fc/managers/config/ConfigHelper.o
                0x08004420                hasConfigDataPacket
 .text.getConfigDataPacket
                0x08004434       0x48 ./Core/Src/fc/managers/config/ConfigHelper.o
                0x08004434                getConfigDataPacket
 .text.sendConfigData
                0x0800447c       0x5c ./Core/Src/fc/managers/config/ConfigHelper.o
                0x0800447c                sendConfigData
 .text.initConfigManager
                0x080044d8       0x98 ./Core/Src/fc/managers/config/ConfigManager.o
                0x080044d8                initConfigManager
 .text.manageConfigDataPacket
                0x08004570      0x108 ./Core/Src/fc/managers/config/ConfigManager.o
                0x08004570                manageConfigDataPacket
 .text.doConfigManagement
                0x08004678       0x14 ./Core/Src/fc/managers/config/ConfigManager.o
                0x08004678                doConfigManagement
 .text.debugTask
                0x0800468c       0xc0 ./Core/Src/fc/managers/debug/DebugManager.o
                0x0800468c                debugTask
 .text.initDebugManager
                0x0800474c       0x18 ./Core/Src/fc/managers/debug/DebugManager.o
                0x0800474c                initDebugManager
 .text.updateIndictors
                0x08004764       0xd8 ./Core/Src/fc/managers/indicator/IndicatorManager.o
                0x08004764                updateIndictors
 .text.initIndicatorManager
                0x0800483c       0x30 ./Core/Src/fc/managers/indicator/IndicatorManager.o
                0x0800483c                initIndicatorManager
 .text.indicateStartUpSuccess
                0x0800486c       0x10 ./Core/Src/fc/managers/indicator/IndicatorManager.o
                0x0800486c                indicateStartUpSuccess
 .text.indicateStartUpFailed
                0x0800487c       0x10 ./Core/Src/fc/managers/indicator/IndicatorManager.o
                0x0800487c                indicateStartUpFailed
 .text.initOutputManager
                0x0800488c       0x98 ./Core/Src/fc/managers/output/OutputManager.o
                0x0800488c                initOutputManager
 .text.initPositionManager
                0x08004924       0x88 ./Core/Src/fc/managers/position/PositionManager.o
                0x08004924                initPositionManager
 .text._axisVelocityUpdate.constprop.0
                0x080049ac      0x1cc ./Core/Src/fc/managers/position/estimator/PositionEstimator.o
 .text.positionEKFInit
                0x08004b78       0xa8 ./Core/Src/fc/managers/position/estimator/PositionEstimator.o
                0x08004b78                positionEKFInit
 .text.positionEKFPredict
                0x08004c20      0x3dc ./Core/Src/fc/managers/position/estimator/PositionEstimator.o
                0x08004c20                positionEKFPredict
 .text.positionEKFUpdateZMeasureWithBias
                0x08004ffc      0x144 ./Core/Src/fc/managers/position/estimator/PositionEstimator.o
                0x08004ffc                positionEKFUpdateZMeasureWithBias
 .text.positionEKFUpdateXYMeasure
                0x08005140      0x250 ./Core/Src/fc/managers/position/estimator/PositionEstimator.o
                0x08005140                positionEKFUpdateXYMeasure
 .text.positionEKFApplyXYDamping
                0x08005390       0x20 ./Core/Src/fc/managers/position/estimator/PositionEstimator.o
                0x08005390                positionEKFApplyXYDamping
 .text.updateVenturiBiasEstimatePhysical.part.0
                0x080053b0      0x16c ./Core/Src/fc/managers/position/estimator/VenturiBiasEstimator.o
 *fill*         0x0800551c        0x4 
 .text.initVenturiBiasEstimator
                0x08005520       0xa4 ./Core/Src/fc/managers/position/estimator/VenturiBiasEstimator.o
                0x08005520                initVenturiBiasEstimator
 .text.updateVenturiBiasEstimate
                0x080055c4       0x7c ./Core/Src/fc/managers/position/estimator/VenturiBiasEstimator.o
                0x080055c4                updateVenturiBiasEstimate
 .text.rcTask   0x08005640       0x78 ./Core/Src/fc/managers/rc/RCManager.o
                0x08005640                rcTask
 .text.initRCManager
                0x080056b8       0xc0 ./Core/Src/fc/managers/rc/RCManager.o
                0x080056b8                initRCManager
 .text.determineFCState
                0x08005778       0x98 ./Core/Src/fc/managers/rc/RCManager.o
                0x08005778                determineFCState
 .text.loadRCStickDelta
                0x08005810       0xa0 ./Core/Src/fc/managers/rc/RCManager.o
                0x08005810                loadRCStickDelta
 .text.processRCData
                0x080058b0      0x208 ./Core/Src/fc/managers/rc/RCManager.o
                0x080058b0                processRCData
 .text.doRCManagement
                0x08005ab8       0x2c ./Core/Src/fc/managers/rc/RCManager.o
                0x08005ab8                doRCManagement
 .text.initMemory
                0x08005ae4       0x70 ./Core/Src/fc/memory/Memory.o
                0x08005ae4                initMemory
 .text.initAltitudeSensors
                0x08005b54       0x44 ./Core/Src/fc/sensors/altitude/AltitudeSensor.o
                0x08005b54                initAltitudeSensors
 .text.readAltitudeSensors
                0x08005b98        0x4 ./Core/Src/fc/sensors/altitude/AltitudeSensor.o
                0x08005b98                readAltitudeSensors
 .text.__deviceBaroBMP390Callback
                0x08005b9c       0x48 ./Core/Src/fc/sensors/altitude/devices/bmp390/BMP390.o
                0x08005b9c                __deviceBaroBMP390Callback
 *fill*         0x08005be4        0x4 
 .text.bmpReadCalib
                0x08005be8      0x190 ./Core/Src/fc/sensors/altitude/devices/bmp390/BMP390.o
                0x08005be8                bmpReadCalib
 .text.bmp390Configure
                0x08005d78       0x78 ./Core/Src/fc/sensors/altitude/devices/bmp390/BMP390.o
                0x08005d78                bmp390Configure
 .text.deviceBaroInit
                0x08005df0       0xe4 ./Core/Src/fc/sensors/altitude/devices/bmp390/BMP390.o
                0x08005df0                deviceBaroInit
 *fill*         0x08005ed4        0x4 
 .text.bmp390CalculatePressure
                0x08005ed8       0x98 ./Core/Src/fc/sensors/altitude/devices/bmp390/BMP390.o
                0x08005ed8                bmp390CalculatePressure
 .text.deviceBaroLoadData
                0x08005f70      0x110 ./Core/Src/fc/sensors/altitude/devices/bmp390/BMP390.o
                0x08005f70                deviceBaroLoadData
 .text.deviceBaroRead
                0x08006080       0x1c ./Core/Src/fc/sensors/altitude/devices/bmp390/BMP390.o
                0x08006080                deviceBaroRead
 .text.resetAttitudeSensors
                0x0800609c       0x2c ./Core/Src/fc/sensors/attitude/AttitudeSensor.o
                0x0800609c                resetAttitudeSensors
 .text.loadAttitudeSensorConfig
                0x080060c8      0x354 ./Core/Src/fc/sensors/attitude/AttitudeSensor.o
                0x080060c8                loadAttitudeSensorConfig
 .text.initAttitudeSensors
                0x0800641c      0x15c ./Core/Src/fc/sensors/attitude/AttitudeSensor.o
                0x0800641c                initAttitudeSensors
 .text.getMaxValidG
                0x08006578        0x4 ./Core/Src/fc/sensors/attitude/AttitudeSensor.o
                0x08006578                getMaxValidG
 .text.updateGyroSensorData
                0x0800657c       0x88 ./Core/Src/fc/sensors/attitude/AttitudeSensor.o
                0x0800657c                updateGyroSensorData
 .text.updateAGTSensorData
                0x08006604       0x38 ./Core/Src/fc/sensors/attitude/AttitudeSensor.o
                0x08006604                updateAGTSensorData
 .text.updateMagSensorData
                0x0800663c       0x40 ./Core/Src/fc/sensors/attitude/AttitudeSensor.o
                0x0800663c                updateMagSensorData
 .text.loadAccGyroTempSensorData
                0x0800667c        0x4 ./Core/Src/fc/sensors/attitude/AttitudeSensor.o
                0x0800667c                loadAccGyroTempSensorData
 .text.loadMagSensorData
                0x08006680        0x4 ./Core/Src/fc/sensors/attitude/AttitudeSensor.o
                0x08006680                loadMagSensorData
 .text.calculateAccAndGyroBias
                0x08006684      0x224 ./Core/Src/fc/sensors/attitude/AttitudeSensor.o
                0x08006684                calculateAccAndGyroBias
 .text.calculateMagBias
                0x080068a8      0x1cc ./Core/Src/fc/sensors/attitude/AttitudeSensor.o
                0x080068a8                calculateMagBias
 .text.calculateAccAndGyroTempCoeff
                0x08006a74      0x2a4 ./Core/Src/fc/sensors/attitude/AttitudeSensor.o
                0x08006a74                calculateAccAndGyroTempCoeff
 .text.__deviceAGTCallback
                0x08006d18       0x24 ./Core/Src/fc/sensors/attitude/devices/ism330/ISM330.o
                0x08006d18                __deviceAGTCallback
 .text.deviceAGInit
                0x08006d3c      0x130 ./Core/Src/fc/sensors/attitude/devices/ism330/ISM330.o
                0x08006d3c                deviceAGInit
 .text.deviceAccRead
                0x08006e6c       0x30 ./Core/Src/fc/sensors/attitude/devices/ism330/ISM330.o
                0x08006e6c                deviceAccRead
 .text.deviceGyroRead
                0x08006e9c       0x2c ./Core/Src/fc/sensors/attitude/devices/ism330/ISM330.o
                0x08006e9c                deviceGyroRead
 .text.deviceTempRead
                0x08006ec8       0x28 ./Core/Src/fc/sensors/attitude/devices/ism330/ISM330.o
                0x08006ec8                deviceTempRead
 .text.deviceTempApplyDataScaling
                0x08006ef0       0x28 ./Core/Src/fc/sensors/attitude/devices/ism330/ISM330.o
                0x08006ef0                deviceTempApplyDataScaling
 .text.deviceAccGetMaxValidG
                0x08006f18       0x18 ./Core/Src/fc/sensors/attitude/devices/ism330/ISM330.o
                0x08006f18                deviceAccGetMaxValidG
 .text.deviceGyroGetMaxValidDS
                0x08006f30       0x18 ./Core/Src/fc/sensors/attitude/devices/ism330/ISM330.o
                0x08006f30                deviceGyroGetMaxValidDS
 .text.__deviceRM3100Callback
                0x08006f48       0x24 ./Core/Src/fc/sensors/attitude/devices/rm3100/RM3100.o
                0x08006f48                __deviceRM3100Callback
 .text.deviceMAGInit
                0x08006f6c       0xd4 ./Core/Src/fc/sensors/attitude/devices/rm3100/RM3100.o
                0x08006f6c                deviceMAGInit
 .text.deviceMagReadOffset
                0x08007040        0x4 ./Core/Src/fc/sensors/attitude/devices/rm3100/RM3100.o
                0x08007040                deviceMagReadOffset
 .text.deviceMagRead
                0x08007044       0x1c ./Core/Src/fc/sensors/attitude/devices/rm3100/RM3100.o
                0x08007044                deviceMagRead
 .text.deviceMagApplyOrientationForImu
                0x08007060       0x14 ./Core/Src/fc/sensors/attitude/devices/rm3100/RM3100.o
                0x08007060                deviceMagApplyOrientationForImu
 .text.deviceMagApplyOffsetCorrection
                0x08007074       0x50 ./Core/Src/fc/sensors/attitude/devices/rm3100/RM3100.o
                0x08007074                deviceMagApplyOffsetCorrection
 .text.deviceMagApplyDataScaling
                0x080070c4       0x3c ./Core/Src/fc/sensors/attitude/devices/rm3100/RM3100.o
                0x080070c4                deviceMagApplyDataScaling
 .text.processAdaptiveNotchFilter
                0x08007100      0x178 ./Core/Src/fc/sensors/attitude/noisefilter/AdaptiveNotchFilter.o
                0x08007100                processAdaptiveNotchFilter
 .text.initAttitudeNoiseFilter
                0x08007278      0x160 ./Core/Src/fc/sensors/attitude/noisefilter/AttitudeNoiseFilter.o
                0x08007278                initAttitudeNoiseFilter
 .text.resetNoiseFilter
                0x080073d8       0xd4 ./Core/Src/fc/sensors/attitude/noisefilter/AttitudeNoiseFilter.o
                0x080073d8                resetNoiseFilter
 .text.initRCSensor
                0x080074ac       0x28 ./Core/Src/fc/sensors/rc/RCSensor.o
                0x080074ac                initRCSensor
 .text.readRCSensor
                0x080074d4        0x4 ./Core/Src/fc/sensors/rc/RCSensor.o
                0x080074d4                readRCSensor
 .text.isRCTXxActive
                0x080074d8        0x4 ./Core/Src/fc/sensors/rc/RCSensor.o
                0x080074d8                isRCTXxActive
 .text.getRCValue
                0x080074dc        0x4 ./Core/Src/fc/sensors/rc/RCSensor.o
                0x080074dc                getRCValue
 .text.calibrateRCSensor
                0x080074e0       0x8c ./Core/Src/fc/sensors/rc/RCSensor.o
                0x080074e0                calibrateRCSensor
 .text._processFSAIData
                0x0800756c       0x1c ./Core/Src/fc/sensors/rc/devices/FSIA.o
                0x0800756c                _processFSAIData
 .text.initFSIA
                0x08007588       0x64 ./Core/Src/fc/sensors/rc/devices/FSIA.o
                0x08007588                initFSIA
 .text.updateFSIAData
                0x080075ec      0x120 ./Core/Src/fc/sensors/rc/devices/FSIA.o
                0x080075ec                updateFSIAData
 .text.readFSIA
                0x0800770c       0x2c ./Core/Src/fc/sensors/rc/devices/FSIA.o
                0x0800770c                readFSIA
 .text.getFSIAChannelValue
                0x08007738        0xc ./Core/Src/fc/sensors/rc/devices/FSIA.o
                0x08007738                getFSIAChannelValue
 .text.isFSIAActive
                0x08007744       0x18 ./Core/Src/fc/sensors/rc/devices/FSIA.o
                0x08007744                isFSIAActive
 .text.initFlash
                0x0800775c        0x4 ./Core/Src/fc/storage/flash/Flash.o
                0x0800775c                initFlash
 .text.writeWordsToFlash
                0x08007760       0xc8 ./Core/Src/fc/storage/flash/Flash.o
                0x08007760                writeWordsToFlash
 .text.readWordFromFlash
                0x08007828       0x10 ./Core/Src/fc/storage/flash/Flash.o
                0x08007828                readWordFromFlash
 .text.initDeltaTimer
                0x08007838       0x8c ./Core/Src/fc/timers/DWTTimer.o
                0x08007838                initDeltaTimer
 .text.getDeltaTime
                0x080078c4       0x44 ./Core/Src/fc/timers/DWTTimer.o
                0x080078c4                getDeltaTime
 .text.resetAllDeltaTimes
                0x08007908       0x30 ./Core/Src/fc/timers/DWTTimer.o
                0x08007908                resetAllDeltaTimes
 .text.delayMs  0x08007938        0x4 ./Core/Src/fc/timers/DelayTimer.o
                0x08007938                delayMs
 .text.initDelayTimer
                0x0800793c        0x4 ./Core/Src/fc/timers/DelayTimer.o
                0x0800793c                initDelayTimer
 .text.initGPTimer24
                0x08007940       0xb0 ./Core/Src/fc/timers/GPTimer24.o
                0x08007940                initGPTimer24
 .text.startGPTimer24
                0x080079f0       0x14 ./Core/Src/fc/timers/GPTimer24.o
                0x080079f0                startGPTimer24
 .text.TIM24_IRQHandler
                0x08007a04       0x20 ./Core/Src/fc/timers/GPTimer24.o
                0x08007a04                TIM24_IRQHandler
 .text.initGPTimer3
                0x08007a24       0xb0 ./Core/Src/fc/timers/GPTimer3.o
                0x08007a24                initGPTimer3
 .text.startGPTimer3
                0x08007ad4       0x14 ./Core/Src/fc/timers/GPTimer3.o
                0x08007ad4                startGPTimer3
 .text.TIM3_IRQHandler
                0x08007ae8       0x20 ./Core/Src/fc/timers/GPTimer3.o
                0x08007ae8                TIM3_IRQHandler
 .text.initGPTimer4
                0x08007b08       0xb0 ./Core/Src/fc/timers/GPTimer4.o
                0x08007b08                initGPTimer4
 .text.startGPTimer4
                0x08007bb8       0x14 ./Core/Src/fc/timers/GPTimer4.o
                0x08007bb8                startGPTimer4
 .text.TIM4_IRQHandler
                0x08007bcc       0x20 ./Core/Src/fc/timers/GPTimer4.o
                0x08007bcc                TIM4_IRQHandler
 .text.initGPTimer6
                0x08007bec       0xac ./Core/Src/fc/timers/GPTimer6.o
                0x08007bec                initGPTimer6
 .text.startGPTimer6
                0x08007c98       0x14 ./Core/Src/fc/timers/GPTimer6.o
                0x08007c98                startGPTimer6
 .text.TIM6_DAC_IRQHandler
                0x08007cac       0x20 ./Core/Src/fc/timers/GPTimer6.o
                0x08007cac                TIM6_DAC_IRQHandler
 .text.TIM7_IRQHandler
                0x08007ccc       0x20 ./Core/Src/fc/timers/GPTimer7.o
                0x08007ccc                TIM7_IRQHandler
 .text.schedulerInit
                0x08007cec       0xbc ./Core/Src/fc/timers/Scheduler.o
                0x08007cec                schedulerInit
 .text.TIM5_IRQHandler
                0x08007da8       0x20 ./Core/Src/fc/timers/Scheduler.o
                0x08007da8                TIM5_IRQHandler
 .text.schedulerAddTask
                0x08007dc8      0x2c4 ./Core/Src/fc/timers/Scheduler.o
                0x08007dc8                schedulerAddTask
 .text.dispatchScheduler
                0x0800808c       0x40 ./Core/Src/fc/timers/Scheduler.o
                0x0800808c                dispatchScheduler
 .text.sinApprox
                0x080080cc       0xd8 ./Core/Src/fc/util/MathUtil.o
                0x080080cc                sinApprox
 .text.cosApprox
                0x080081a4       0xe4 ./Core/Src/fc/util/MathUtil.o
                0x080081a4                cosApprox
 .text.atan2Approx
                0x08008288       0xd8 ./Core/Src/fc/util/MathUtil.o
                0x08008288                atan2Approx
 .text.asinApproxFast
                0x08008360       0xac ./Core/Src/fc/util/MathUtil.o
                0x08008360                asinApproxFast
 .text.fastInvSqrtf
                0x0800840c       0x40 ./Core/Src/fc/util/MathUtil.o
                0x0800840c                fastInvSqrtf
 .text.fastSqrtf
                0x0800844c       0x44 ./Core/Src/fc/util/MathUtil.o
                0x0800844c                fastSqrtf
 .text.constrainToRange
                0x08008490       0x10 ./Core/Src/fc/util/MathUtil.o
                0x08008490                constrainToRange
 .text.constrainToRangeF
                0x080084a0       0x18 ./Core/Src/fc/util/MathUtil.o
                0x080084a0                constrainToRangeF
 .text.applyDeadBandInt16
                0x080084b8       0x2c ./Core/Src/fc/util/MathUtil.o
                0x080084b8                applyDeadBandInt16
 .text.applyDeadBandFloat
                0x080084e4       0x2c ./Core/Src/fc/util/MathUtil.o
                0x080084e4                applyDeadBandFloat
 .text.convertRadToDeg
                0x08008510       0x10 ./Core/Src/fc/util/MathUtil.o
                0x08008510                convertRadToDeg
 .text.convertDegToRad
                0x08008520       0x10 ./Core/Src/fc/util/MathUtil.o
                0x08008520                convertDegToRad
 .text.shiftBitsLeft32
                0x08008530        0x4 ./Core/Src/fc/util/MathUtil.o
                0x08008530                shiftBitsLeft32
 .text.MPU_Config_D2_NoCache
                0x08008534       0x34 ./Core/Src/main.o
                0x08008534                MPU_Config_D2_NoCache
 .text.SystemClock_Config
                0x08008568      0x16c ./Core/Src/main.o
                0x08008568                SystemClock_Config
 .text.startup.main
                0x080086d4       0xc4 ./Core/Src/main.o
                0x080086d4                main
 .text.HAL_TIM_PeriodElapsedCallback
                0x08008798       0x10 ./Core/Src/main.o
                0x08008798                HAL_TIM_PeriodElapsedCallback
 .text.Error_Handler
                0x080087a8        0x4 ./Core/Src/main.o
                0x080087a8                Error_Handler
 .text.HAL_MspInit
                0x080087ac       0x24 ./Core/Src/stm32h7xx_hal_msp.o
                0x080087ac                HAL_MspInit
 .text.HAL_InitTick
                0x080087d0       0x9c ./Core/Src/stm32h7xx_hal_timebase_tim.o
                0x080087d0                HAL_InitTick
 .text.NMI_Handler
                0x0800886c        0x4 ./Core/Src/stm32h7xx_it.o
                0x0800886c                NMI_Handler
 .text.HardFault_Handler
                0x08008870        0x4 ./Core/Src/stm32h7xx_it.o
                0x08008870                HardFault_Handler
 .text.MemManage_Handler
                0x08008874        0x4 ./Core/Src/stm32h7xx_it.o
                0x08008874                MemManage_Handler
 .text.BusFault_Handler
                0x08008878        0x4 ./Core/Src/stm32h7xx_it.o
                0x08008878                BusFault_Handler
 .text.UsageFault_Handler
                0x0800887c        0x4 ./Core/Src/stm32h7xx_it.o
                0x0800887c                UsageFault_Handler
 .text.SVC_Handler
                0x08008880        0x4 ./Core/Src/stm32h7xx_it.o
                0x08008880                SVC_Handler
 .text.DebugMon_Handler
                0x08008884        0x4 ./Core/Src/stm32h7xx_it.o
                0x08008884                DebugMon_Handler
 .text.PendSV_Handler
                0x08008888        0x4 ./Core/Src/stm32h7xx_it.o
                0x08008888                PendSV_Handler
 .text.SysTick_Handler
                0x0800888c        0x4 ./Core/Src/stm32h7xx_it.o
                0x0800888c                SysTick_Handler
 .text.TIM2_IRQHandler
                0x08008890        0xc ./Core/Src/stm32h7xx_it.o
                0x08008890                TIM2_IRQHandler
 .text._getpid  0x0800889c        0x4 ./Core/Src/syscalls.o
                0x0800889c                _getpid
 .text._kill    0x080088a0       0x14 ./Core/Src/syscalls.o
                0x080088a0                _kill
 .text._exit    0x080088b4        0xc ./Core/Src/syscalls.o
                0x080088b4                _exit
 .text._read    0x080088c0       0x1c ./Core/Src/syscalls.o
                0x080088c0                _read
 .text._write   0x080088dc       0x1c ./Core/Src/syscalls.o
                0x080088dc                _write
 .text._close   0x080088f8        0x8 ./Core/Src/syscalls.o
                0x080088f8                _close
 .text._fstat   0x08008900        0xc ./Core/Src/syscalls.o
                0x08008900                _fstat
 .text._isatty  0x0800890c        0x4 ./Core/Src/syscalls.o
                0x0800890c                _isatty
 .text._lseek   0x08008910        0x4 ./Core/Src/syscalls.o
                0x08008910                _lseek
 .text._sbrk    0x08008914       0x48 ./Core/Src/sysmem.o
                0x08008914                _sbrk
 .text.SystemInit
                0x0800895c       0xcc ./Core/Src/system_stm32h7xx.o
                0x0800895c                SystemInit
 .text.ExitRun0Mode
                0x08008a28       0x18 ./Core/Src/system_stm32h7xx.o
                0x08008a28                ExitRun0Mode
 .text.Reset_Handler
                0x08008a40       0x54 ./Core/Startup/startup_stm32h723vgtx.o
                0x08008a40                Reset_Handler
 .text.Default_Handler
                0x08008a94        0x2 ./Core/Startup/startup_stm32h723vgtx.o
                0x08008a94                RTC_Alarm_IRQHandler
                0x08008a94                EXTI2_IRQHandler
                0x08008a94                TIM8_CC_IRQHandler
                0x08008a94                UART8_IRQHandler
                0x08008a94                SPI4_IRQHandler
                0x08008a94                FDCAN3_IT0_IRQHandler
                0x08008a94                TIM1_CC_IRQHandler
                0x08008a94                BDMA_Channel6_IRQHandler
                0x08008a94                DMA2_Stream5_IRQHandler
                0x08008a94                CORDIC_IRQHandler
                0x08008a94                BDMA_Channel1_IRQHandler
                0x08008a94                TAMP_STAMP_IRQHandler
                0x08008a94                EXTI3_IRQHandler
                0x08008a94                LPTIM4_IRQHandler
                0x08008a94                TIM8_TRG_COM_TIM14_IRQHandler
                0x08008a94                LPTIM2_IRQHandler
                0x08008a94                DFSDM1_FLT1_IRQHandler
                0x08008a94                DMAMUX2_OVR_IRQHandler
                0x08008a94                TIM8_UP_TIM13_IRQHandler
                0x08008a94                I2C3_ER_IRQHandler
                0x08008a94                DFSDM1_FLT2_IRQHandler
                0x08008a94                I2C5_EV_IRQHandler
                0x08008a94                USART10_IRQHandler
                0x08008a94                MDMA_IRQHandler
                0x08008a94                LPTIM3_IRQHandler
                0x08008a94                HSEM1_IRQHandler
                0x08008a94                EXTI0_IRQHandler
                0x08008a94                I2C2_EV_IRQHandler
                0x08008a94                FPU_IRQHandler
                0x08008a94                OTG_HS_WKUP_IRQHandler
                0x08008a94                FDCAN1_IT1_IRQHandler
                0x08008a94                LTDC_ER_IRQHandler
                0x08008a94                DMA2_Stream2_IRQHandler
                0x08008a94                SPI1_IRQHandler
                0x08008a94                OCTOSPI1_IRQHandler
                0x08008a94                DMA2_Stream3_IRQHandler
                0x08008a94                OCTOSPI2_IRQHandler
                0x08008a94                DFSDM1_FLT3_IRQHandler
                0x08008a94                TIM23_IRQHandler
                0x08008a94                USART6_IRQHandler
                0x08008a94                TIM17_IRQHandler
                0x08008a94                USART3_IRQHandler
                0x08008a94                BDMA_Channel7_IRQHandler
                0x08008a94                LPTIM5_IRQHandler
                0x08008a94                UART5_IRQHandler
                0x08008a94                ADC3_IRQHandler
                0x08008a94                BDMA_Channel2_IRQHandler
                0x08008a94                I2C1_EV_IRQHandler
                0x08008a94                DMAMUX1_OVR_IRQHandler
                0x08008a94                DMA1_Stream1_IRQHandler
                0x08008a94                TIM16_IRQHandler
                0x08008a94                UART4_IRQHandler
                0x08008a94                BDMA_Channel5_IRQHandler
                0x08008a94                RCC_IRQHandler
                0x08008a94                UART9_IRQHandler
                0x08008a94                TIM8_BRK_TIM12_IRQHandler
                0x08008a94                TIM1_TRG_COM_IRQHandler
                0x08008a94                Default_Handler
                0x08008a94                ECC_IRQHandler
                0x08008a94                FMAC_IRQHandler
                0x08008a94                CEC_IRQHandler
                0x08008a94                EXTI15_10_IRQHandler
                0x08008a94                ADC_IRQHandler
                0x08008a94                I2C5_ER_IRQHandler
                0x08008a94                DMA1_Stream7_IRQHandler
                0x08008a94                SPI5_IRQHandler
                0x08008a94                FDCAN3_IT1_IRQHandler
                0x08008a94                SDMMC1_IRQHandler
                0x08008a94                DMA2_Stream7_IRQHandler
                0x08008a94                TIM15_IRQHandler
                0x08008a94                PVD_AVD_IRQHandler
                0x08008a94                I2C3_EV_IRQHandler
                0x08008a94                EXTI9_5_IRQHandler
                0x08008a94                RTC_WKUP_IRQHandler
                0x08008a94                LTDC_IRQHandler
                0x08008a94                ETH_WKUP_IRQHandler
                0x08008a94                SPDIF_RX_IRQHandler
                0x08008a94                SPI2_IRQHandler
                0x08008a94                OTG_HS_EP1_IN_IRQHandler
                0x08008a94                CRS_IRQHandler
                0x08008a94                EXTI4_IRQHandler
                0x08008a94                RNG_IRQHandler
                0x08008a94                FDCAN2_IT1_IRQHandler
                0x08008a94                ETH_IRQHandler
                0x08008a94                TIM1_UP_IRQHandler
                0x08008a94                BDMA_Channel4_IRQHandler
                0x08008a94                OTG_HS_EP1_OUT_IRQHandler
                0x08008a94                WWDG_IRQHandler
                0x08008a94                SPI6_IRQHandler
                0x08008a94                MDIOS_IRQHandler
                0x08008a94                I2C4_EV_IRQHandler
                0x08008a94                FDCAN2_IT0_IRQHandler
                0x08008a94                LPUART1_IRQHandler
                0x08008a94                FDCAN1_IT0_IRQHandler
                0x08008a94                OTG_HS_IRQHandler
                0x08008a94                DMA2D_IRQHandler
                0x08008a94                TIM1_BRK_IRQHandler
                0x08008a94                EXTI1_IRQHandler
                0x08008a94                SDMMC2_IRQHandler
                0x08008a94                BDMA_Channel3_IRQHandler
                0x08008a94                DTS_IRQHandler
                0x08008a94                UART7_IRQHandler
                0x08008a94                MDIOS_WKUP_IRQHandler
                0x08008a94                USART2_IRQHandler
                0x08008a94                DFSDM1_FLT0_IRQHandler
                0x08008a94                SAI4_IRQHandler
                0x08008a94                I2C2_ER_IRQHandler
                0x08008a94                FLASH_IRQHandler
                0x08008a94                DMA2_Stream4_IRQHandler
                0x08008a94                USART1_IRQHandler
                0x08008a94                SPI3_IRQHandler
                0x08008a94                WAKEUP_PIN_IRQHandler
                0x08008a94                I2C1_ER_IRQHandler
                0x08008a94                FMC_IRQHandler
                0x08008a94                FDCAN_CAL_IRQHandler
                0x08008a94                SWPMI1_IRQHandler
                0x08008a94                COMP1_IRQHandler
                0x08008a94                LPTIM1_IRQHandler
                0x08008a94                DCMI_PSSI_IRQHandler
                0x08008a94                I2C4_ER_IRQHandler
                0x08008a94                DMA2_Stream6_IRQHandler
                0x08008a94                SAI1_IRQHandler
 *fill*         0x08008a96        0x2 
 .text.__retarget_lock_init_recursive
                0x08008a98       0x28 ./Core/ThreadSafe/newlib_lock_glue.o
                0x08008a98                __retarget_lock_init_recursive
 .text.__retarget_lock_acquire_recursive
                0x08008ac0       0x3c ./Core/ThreadSafe/newlib_lock_glue.o
                0x08008ac0                __retarget_lock_acquire_recursive
 .text.__retarget_lock_release_recursive
                0x08008afc       0x28 ./Core/ThreadSafe/newlib_lock_glue.o
                0x08008afc                __retarget_lock_release_recursive
 .text.HAL_Init
                0x08008b24       0x60 ./Drivers/STM32H7xx_HAL_Driver/Src/stm32h7xx_hal.o
                0x08008b24                HAL_Init
 .text.HAL_IncTick
                0x08008b84       0x18 ./Drivers/STM32H7xx_HAL_Driver/Src/stm32h7xx_hal.o
                0x08008b84                HAL_IncTick
 .text.HAL_GetTick
                0x08008b9c        0xc ./Drivers/STM32H7xx_HAL_Driver/Src/stm32h7xx_hal.o
                0x08008b9c                HAL_GetTick
 .text.HAL_NVIC_SetPriorityGrouping
                0x08008ba8       0x24 ./Drivers/STM32H7xx_HAL_Driver/Src/stm32h7xx_hal_cortex.o
                0x08008ba8                HAL_NVIC_SetPriorityGrouping
 .text.HAL_NVIC_SetPriority
                0x08008bcc       0x78 ./Drivers/STM32H7xx_HAL_Driver/Src/stm32h7xx_hal_cortex.o
                0x08008bcc                HAL_NVIC_SetPriority
 .text.HAL_NVIC_EnableIRQ
                0x08008c44       0x1c ./Drivers/STM32H7xx_HAL_Driver/Src/stm32h7xx_hal_cortex.o
                0x08008c44                HAL_NVIC_EnableIRQ
 .text.HAL_MPU_Disable
                0x08008c60       0x1c ./Drivers/STM32H7xx_HAL_Driver/Src/stm32h7xx_hal_cortex.o
                0x08008c60                HAL_MPU_Disable
 .text.HAL_MPU_Enable
                0x08008c7c       0x20 ./Drivers/STM32H7xx_HAL_Driver/Src/stm32h7xx_hal_cortex.o
                0x08008c7c                HAL_MPU_Enable
 .text.HAL_MPU_ConfigRegion
                0x08008c9c       0x60 ./Drivers/STM32H7xx_HAL_Driver/Src/stm32h7xx_hal_cortex.o
                0x08008c9c                HAL_MPU_ConfigRegion
 .text.HAL_FLASH_Program
                0x08008cfc      0x12c ./Drivers/STM32H7xx_HAL_Driver/Src/stm32h7xx_hal_flash.o
                0x08008cfc                HAL_FLASH_Program
 .text.HAL_FLASH_Unlock
                0x08008e28       0x28 ./Drivers/STM32H7xx_HAL_Driver/Src/stm32h7xx_hal_flash.o
                0x08008e28                HAL_FLASH_Unlock
 .text.HAL_FLASH_Lock
                0x08008e50       0x18 ./Drivers/STM32H7xx_HAL_Driver/Src/stm32h7xx_hal_flash.o
                0x08008e50                HAL_FLASH_Lock
 .text.FLASH_WaitForLastOperation
                0x08008e68       0x6c ./Drivers/STM32H7xx_HAL_Driver/Src/stm32h7xx_hal_flash.o
                0x08008e68                FLASH_WaitForLastOperation
 .text.HAL_FLASHEx_Erase
                0x08008ed4       0xec ./Drivers/STM32H7xx_HAL_Driver/Src/stm32h7xx_hal_flash_ex.o
                0x08008ed4                HAL_FLASHEx_Erase
 .text.HAL_RCC_GetSysClockFreq.part.0
                0x08008fc0       0xe4 ./Drivers/STM32H7xx_HAL_Driver/Src/stm32h7xx_hal_rcc.o
 .text.HAL_RCC_GetSysClockFreq
                0x080090a4      0x11c ./Drivers/STM32H7xx_HAL_Driver/Src/stm32h7xx_hal_rcc.o
                0x080090a4                HAL_RCC_GetSysClockFreq
 .text.HAL_RCC_GetPCLK1Freq
                0x080091c0       0x90 ./Drivers/STM32H7xx_HAL_Driver/Src/stm32h7xx_hal_rcc.o
                0x080091c0                HAL_RCC_GetPCLK1Freq
 .text.HAL_RCC_GetClockConfig
                0x08009250       0x58 ./Drivers/STM32H7xx_HAL_Driver/Src/stm32h7xx_hal_rcc.o
                0x08009250                HAL_RCC_GetClockConfig
 .text.HAL_TIM_Base_MspInit
                0x080092a8        0x4 ./Drivers/STM32H7xx_HAL_Driver/Src/stm32h7xx_hal_tim.o
                0x080092a8                HAL_TIM_Base_MspInit
 .text.HAL_TIM_PeriodElapsedHalfCpltCallback
                0x080092ac        0x4 ./Drivers/STM32H7xx_HAL_Driver/Src/stm32h7xx_hal_tim.o
                0x080092ac                HAL_TIM_PeriodElapsedHalfCpltCallback
 .text.HAL_TIM_OC_DelayElapsedCallback
                0x080092b0        0x4 ./Drivers/STM32H7xx_HAL_Driver/Src/stm32h7xx_hal_tim.o
                0x080092b0                HAL_TIM_OC_DelayElapsedCallback
 .text.HAL_TIM_IC_CaptureCallback
                0x080092b4        0x4 ./Drivers/STM32H7xx_HAL_Driver/Src/stm32h7xx_hal_tim.o
                0x080092b4                HAL_TIM_IC_CaptureCallback
 .text.HAL_TIM_IC_CaptureHalfCpltCallback
                0x080092b8        0x4 ./Drivers/STM32H7xx_HAL_Driver/Src/stm32h7xx_hal_tim.o
                0x080092b8                HAL_TIM_IC_CaptureHalfCpltCallback
 .text.HAL_TIM_PWM_PulseFinishedCallback
                0x080092bc        0x4 ./Drivers/STM32H7xx_HAL_Driver/Src/stm32h7xx_hal_tim.o
                0x080092bc                HAL_TIM_PWM_PulseFinishedCallback
 .text.HAL_TIM_PWM_PulseFinishedHalfCpltCallback
                0x080092c0        0x4 ./Drivers/STM32H7xx_HAL_Driver/Src/stm32h7xx_hal_tim.o
                0x080092c0                HAL_TIM_PWM_PulseFinishedHalfCpltCallback
 .text.HAL_TIM_TriggerCallback
                0x080092c4        0x4 ./Drivers/STM32H7xx_HAL_Driver/Src/stm32h7xx_hal_tim.o
                0x080092c4                HAL_TIM_TriggerCallback
 .text.HAL_TIM_TriggerHalfCpltCallback
                0x080092c8        0x4 ./Drivers/STM32H7xx_HAL_Driver/Src/stm32h7xx_hal_tim.o
                0x080092c8                HAL_TIM_TriggerHalfCpltCallback
 .text.HAL_TIM_ErrorCallback
                0x080092cc        0x4 ./Drivers/STM32H7xx_HAL_Driver/Src/stm32h7xx_hal_tim.o
                0x080092cc                HAL_TIM_ErrorCallback
 .text.HAL_TIM_Base_Init
                0x080092d0      0x1e0 ./Drivers/STM32H7xx_HAL_Driver/Src/stm32h7xx_hal_tim.o
                0x080092d0                HAL_TIM_Base_Init
 .text.HAL_TIM_Base_Start_IT
                0x080094b0       0xbc ./Drivers/STM32H7xx_HAL_Driver/Src/stm32h7xx_hal_tim.o
                0x080094b0                HAL_TIM_Base_Start_IT
 .text.HAL_TIM_IRQHandler
                0x0800956c      0x184 ./Drivers/STM32H7xx_HAL_Driver/Src/stm32h7xx_hal_tim.o
                0x0800956c                HAL_TIM_IRQHandler
 .text.HAL_TIMEx_CommutCallback
                0x080096f0        0x4 ./Drivers/STM32H7xx_HAL_Driver/Src/stm32h7xx_hal_tim_ex.o
                0x080096f0                HAL_TIMEx_CommutCallback
 .text.HAL_TIMEx_CommutHalfCpltCallback
                0x080096f4        0x4 ./Drivers/STM32H7xx_HAL_Driver/Src/stm32h7xx_hal_tim_ex.o
                0x080096f4                HAL_TIMEx_CommutHalfCpltCallback
 .text.HAL_TIMEx_BreakCallback
                0x080096f8        0x4 ./Drivers/STM32H7xx_HAL_Driver/Src/stm32h7xx_hal_tim_ex.o
                0x080096f8                HAL_TIMEx_BreakCallback
 .text.HAL_TIMEx_Break2Callback
                0x080096fc        0x4 ./Drivers/STM32H7xx_HAL_Driver/Src/stm32h7xx_hal_tim_ex.o
                0x080096fc                HAL_TIMEx_Break2Callback
 .text.LL_BDMA_DeInit
                0x08009700      0x210 ./Drivers/STM32H7xx_HAL_Driver/Src/stm32h7xx_ll_bdma.o
                0x08009700                LL_BDMA_DeInit
 .text.LL_DMA_DeInit
                0x08009910      0x1e8 ./Drivers/STM32H7xx_HAL_Driver/Src/stm32h7xx_ll_dma.o
                0x08009910                LL_DMA_DeInit
 .text.LL_GPIO_Init
                0x08009af8       0xf4 ./Drivers/STM32H7xx_HAL_Driver/Src/stm32h7xx_ll_gpio.o
                0x08009af8                LL_GPIO_Init
 .text.LL_RCC_GetPLL1ClockFreq
                0x08009bec      0x190 ./Drivers/STM32H7xx_HAL_Driver/Src/stm32h7xx_ll_rcc.o
                0x08009bec                LL_RCC_GetPLL1ClockFreq
 .text.LL_RCC_GetPLL2ClockFreq
                0x08009d7c      0x190 ./Drivers/STM32H7xx_HAL_Driver/Src/stm32h7xx_ll_rcc.o
                0x08009d7c                LL_RCC_GetPLL2ClockFreq
 .text.LL_RCC_GetPLL3ClockFreq
                0x08009f0c      0x184 ./Drivers/STM32H7xx_HAL_Driver/Src/stm32h7xx_ll_rcc.o
                0x08009f0c                LL_RCC_GetPLL3ClockFreq
 .text.LL_RCC_GetUSARTClockFreq
                0x0800a090      0x1f4 ./Drivers/STM32H7xx_HAL_Driver/Src/stm32h7xx_ll_rcc.o
                0x0800a090                LL_RCC_GetUSARTClockFreq
 .text.LL_SPI_DeInit
                0x0800a284       0xf4 ./Drivers/STM32H7xx_HAL_Driver/Src/stm32h7xx_ll_spi.o
                0x0800a284                LL_SPI_DeInit
 .text.LL_SPI_Init
                0x0800a378       0xb0 ./Drivers/STM32H7xx_HAL_Driver/Src/stm32h7xx_ll_spi.o
                0x0800a378                LL_SPI_Init
 .text.LL_TIM_Init
                0x0800a428       0xfc ./Drivers/STM32H7xx_HAL_Driver/Src/stm32h7xx_ll_tim.o
                0x0800a428                LL_TIM_Init
 .text.LL_TIM_OC_Init
                0x0800a524      0x310 ./Drivers/STM32H7xx_HAL_Driver/Src/stm32h7xx_ll_tim.o
                0x0800a524                LL_TIM_OC_Init
 .text.LL_TIM_BDTR_Init
                0x0800a834       0x8c ./Drivers/STM32H7xx_HAL_Driver/Src/stm32h7xx_ll_tim.o
                0x0800a834                LL_TIM_BDTR_Init
 .text.LL_USART_Init
                0x0800a8c0      0x118 ./Drivers/STM32H7xx_HAL_Driver/Src/stm32h7xx_ll_usart.o
                0x0800a8c0                LL_USART_Init
 .text.LL_mDelay
                0x0800a9d8       0x24 ./Drivers/STM32H7xx_HAL_Driver/Src/stm32h7xx_ll_utils.o
                0x0800a9d8                LL_mDelay
 .text.LL_SetSystemCoreClock
                0x0800a9fc        0xc ./Drivers/STM32H7xx_HAL_Driver/Src/stm32h7xx_ll_utils.o
                0x0800a9fc                LL_SetSystemCoreClock
 .text.malloc   0x0800aa08       0x10 C:/ST/STM32CubeIDE_1.19.0/STM32CubeIDE/plugins/com.st.stm32cube.ide.mcu.externaltools.gnu-tools-for-stm32.13.3.rel1.win32_1.0.0.202411081344/tools/bin/../lib/gcc/arm-none-eabi/13.3.1/../../../../arm-none-eabi/lib/thumb/v7e-m+dp/hard\libc_nano.a(libc_a-malloc.o)
                0x0800aa08                malloc
 .text.sbrk_aligned
                0x0800aa18       0x44 C:/ST/STM32CubeIDE_1.19.0/STM32CubeIDE/plugins/com.st.stm32cube.ide.mcu.externaltools.gnu-tools-for-stm32.13.3.rel1.win32_1.0.0.202411081344/tools/bin/../lib/gcc/arm-none-eabi/13.3.1/../../../../arm-none-eabi/lib/thumb/v7e-m+dp/hard\libc_nano.a(libc_a-mallocr.o)
 .text._malloc_r
                0x0800aa5c      0x100 C:/ST/STM32CubeIDE_1.19.0/STM32CubeIDE/plugins/com.st.stm32cube.ide.mcu.externaltools.gnu-tools-for-stm32.13.3.rel1.win32_1.0.0.202411081344/tools/bin/../lib/gcc/arm-none-eabi/13.3.1/../../../../arm-none-eabi/lib/thumb/v7e-m+dp/hard\libc_nano.a(libc_a-mallocr.o)
                0x0800aa5c                _malloc_r
 .text.__malloc_lock
                0x0800ab5c        0xc C:/ST/STM32CubeIDE_1.19.0/STM32CubeIDE/plugins/com.st.stm32cube.ide.mcu.externaltools.gnu-tools-for-stm32.13.3.rel1.win32_1.0.0.202411081344/tools/bin/../lib/gcc/arm-none-eabi/13.3.1/../../../../arm-none-eabi/lib/thumb/v7e-m+dp/hard\libc_nano.a(libc_a-mlock.o)
                0x0800ab5c                __malloc_lock
 .text.__malloc_unlock
                0x0800ab68        0xc C:/ST/STM32CubeIDE_1.19.0/STM32CubeIDE/plugins/com.st.stm32cube.ide.mcu.externaltools.gnu-tools-for-stm32.13.3.rel1.win32_1.0.0.202411081344/tools/bin/../lib/gcc/arm-none-eabi/13.3.1/../../../../arm-none-eabi/lib/thumb/v7e-m+dp/hard\libc_nano.a(libc_a-mlock.o)
                0x0800ab68                __malloc_unlock
 .text.__cvt    0x0800ab74       0xa8 C:/ST/STM32CubeIDE_1.19.0/STM32CubeIDE/plugins/com.st.stm32cube.ide.mcu.externaltools.gnu-tools-for-stm32.13.3.rel1.win32_1.0.0.202411081344/tools/bin/../lib/gcc/arm-none-eabi/13.3.1/../../../../arm-none-eabi/lib/thumb/v7e-m+dp/hard\libc_nano.a(libc_a-nano-vfprintf_float.o)
                0x0800ab74                __cvt
 .text.__exponent
                0x0800ac1c       0x74 C:/ST/STM32CubeIDE_1.19.0/STM32CubeIDE/plugins/com.st.stm32cube.ide.mcu.externaltools.gnu-tools-for-stm32.13.3.rel1.win32_1.0.0.202411081344/tools/bin/../lib/gcc/arm-none-eabi/13.3.1/../../../../arm-none-eabi/lib/thumb/v7e-m+dp/hard\libc_nano.a(libc_a-nano-vfprintf_float.o)
                0x0800ac1c                __exponent
 .text._printf_float
                0x0800ac90      0x434 C:/ST/STM32CubeIDE_1.19.0/STM32CubeIDE/plugins/com.st.stm32cube.ide.mcu.externaltools.gnu-tools-for-stm32.13.3.rel1.win32_1.0.0.202411081344/tools/bin/../lib/gcc/arm-none-eabi/13.3.1/../../../../arm-none-eabi/lib/thumb/v7e-m+dp/hard\libc_nano.a(libc_a-nano-vfprintf_float.o)
                0x0800ac90                _printf_float
 .text._printf_common
                0x0800b0c4       0xda C:/ST/STM32CubeIDE_1.19.0/STM32CubeIDE/plugins/com.st.stm32cube.ide.mcu.externaltools.gnu-tools-for-stm32.13.3.rel1.win32_1.0.0.202411081344/tools/bin/../lib/gcc/arm-none-eabi/13.3.1/../../../../arm-none-eabi/lib/thumb/v7e-m+dp/hard\libc_nano.a(libc_a-nano-vfprintf_i.o)
                0x0800b0c4                _printf_common
 *fill*         0x0800b19e        0x2 
 .text._printf_i
                0x0800b1a0      0x23c C:/ST/STM32CubeIDE_1.19.0/STM32CubeIDE/plugins/com.st.stm32cube.ide.mcu.externaltools.gnu-tools-for-stm32.13.3.rel1.win32_1.0.0.202411081344/tools/bin/../lib/gcc/arm-none-eabi/13.3.1/../../../../arm-none-eabi/lib/thumb/v7e-m+dp/hard\libc_nano.a(libc_a-nano-vfprintf_i.o)
                0x0800b1a0                _printf_i
 .text._scanf_float
                0x0800b3dc      0x40c C:/ST/STM32CubeIDE_1.19.0/STM32CubeIDE/plugins/com.st.stm32cube.ide.mcu.externaltools.gnu-tools-for-stm32.13.3.rel1.win32_1.0.0.202411081344/tools/bin/../lib/gcc/arm-none-eabi/13.3.1/../../../../arm-none-eabi/lib/thumb/v7e-m+dp/hard\libc_nano.a(libc_a-nano-vfscanf_float.o)
                0x0800b3dc                _scanf_float
 .text.std      0x0800b7e8       0x6c C:/ST/STM32CubeIDE_1.19.0/STM32CubeIDE/plugins/com.st.stm32cube.ide.mcu.externaltools.gnu-tools-for-stm32.13.3.rel1.win32_1.0.0.202411081344/tools/bin/../lib/gcc/arm-none-eabi/13.3.1/../../../../arm-none-eabi/lib/thumb/v7e-m+dp/hard\libc_nano.a(libc_a-findfp.o)
 .text.stdio_exit_handler
                0x0800b854       0x18 C:/ST/STM32CubeIDE_1.19.0/STM32CubeIDE/plugins/com.st.stm32cube.ide.mcu.externaltools.gnu-tools-for-stm32.13.3.rel1.win32_1.0.0.202411081344/tools/bin/../lib/gcc/arm-none-eabi/13.3.1/../../../../arm-none-eabi/lib/thumb/v7e-m+dp/hard\libc_nano.a(libc_a-findfp.o)
 .text.cleanup_stdio
                0x0800b86c       0x40 C:/ST/STM32CubeIDE_1.19.0/STM32CubeIDE/plugins/com.st.stm32cube.ide.mcu.externaltools.gnu-tools-for-stm32.13.3.rel1.win32_1.0.0.202411081344/tools/bin/../lib/gcc/arm-none-eabi/13.3.1/../../../../arm-none-eabi/lib/thumb/v7e-m+dp/hard\libc_nano.a(libc_a-findfp.o)
 .text.global_stdio_init.part.0
                0x0800b8ac       0x3c C:/ST/STM32CubeIDE_1.19.0/STM32CubeIDE/plugins/com.st.stm32cube.ide.mcu.externaltools.gnu-tools-for-stm32.13.3.rel1.win32_1.0.0.202411081344/tools/bin/../lib/gcc/arm-none-eabi/13.3.1/../../../../arm-none-eabi/lib/thumb/v7e-m+dp/hard\libc_nano.a(libc_a-findfp.o)
 .text.__sfp_lock_acquire
                0x0800b8e8        0xc C:/ST/STM32CubeIDE_1.19.0/STM32CubeIDE/plugins/com.st.stm32cube.ide.mcu.externaltools.gnu-tools-for-stm32.13.3.rel1.win32_1.0.0.202411081344/tools/bin/../lib/gcc/arm-none-eabi/13.3.1/../../../../arm-none-eabi/lib/thumb/v7e-m+dp/hard\libc_nano.a(libc_a-findfp.o)
                0x0800b8e8                __sfp_lock_acquire
 .text.__sfp_lock_release
                0x0800b8f4        0xc C:/ST/STM32CubeIDE_1.19.0/STM32CubeIDE/plugins/com.st.stm32cube.ide.mcu.externaltools.gnu-tools-for-stm32.13.3.rel1.win32_1.0.0.202411081344/tools/bin/../lib/gcc/arm-none-eabi/13.3.1/../../../../arm-none-eabi/lib/thumb/v7e-m+dp/hard\libc_nano.a(libc_a-findfp.o)
                0x0800b8f4                __sfp_lock_release
 .text.__sinit  0x0800b900       0x30 C:/ST/STM32CubeIDE_1.19.0/STM32CubeIDE/plugins/com.st.stm32cube.ide.mcu.externaltools.gnu-tools-for-stm32.13.3.rel1.win32_1.0.0.202411081344/tools/bin/../lib/gcc/arm-none-eabi/13.3.1/../../../../arm-none-eabi/lib/thumb/v7e-m+dp/hard\libc_nano.a(libc_a-findfp.o)
                0x0800b900                __sinit
 .text._fwalk_sglue
                0x0800b930       0x3c C:/ST/STM32CubeIDE_1.19.0/STM32CubeIDE/plugins/com.st.stm32cube.ide.mcu.externaltools.gnu-tools-for-stm32.13.3.rel1.win32_1.0.0.202411081344/tools/bin/../lib/gcc/arm-none-eabi/13.3.1/../../../../arm-none-eabi/lib/thumb/v7e-m+dp/hard\libc_nano.a(libc_a-fwalk.o)
                0x0800b930                _fwalk_sglue
 .text.sprintf  0x0800b96c       0x44 C:/ST/STM32CubeIDE_1.19.0/STM32CubeIDE/plugins/com.st.stm32cube.ide.mcu.externaltools.gnu-tools-for-stm32.13.3.rel1.win32_1.0.0.202411081344/tools/bin/../lib/gcc/arm-none-eabi/13.3.1/../../../../arm-none-eabi/lib/thumb/v7e-m+dp/hard\libc_nano.a(libc_a-sprintf.o)
                0x0800b96c                siprintf
                0x0800b96c                sprintf
 .text.__sread  0x0800b9b0       0x22 C:/ST/STM32CubeIDE_1.19.0/STM32CubeIDE/plugins/com.st.stm32cube.ide.mcu.externaltools.gnu-tools-for-stm32.13.3.rel1.win32_1.0.0.202411081344/tools/bin/../lib/gcc/arm-none-eabi/13.3.1/../../../../arm-none-eabi/lib/thumb/v7e-m+dp/hard\libc_nano.a(libc_a-stdio.o)
                0x0800b9b0                __sread
 .text.__swrite
                0x0800b9d2       0x38 C:/ST/STM32CubeIDE_1.19.0/STM32CubeIDE/plugins/com.st.stm32cube.ide.mcu.externaltools.gnu-tools-for-stm32.13.3.rel1.win32_1.0.0.202411081344/tools/bin/../lib/gcc/arm-none-eabi/13.3.1/../../../../arm-none-eabi/lib/thumb/v7e-m+dp/hard\libc_nano.a(libc_a-stdio.o)
                0x0800b9d2                __swrite
 .text.__sseek  0x0800ba0a       0x24 C:/ST/STM32CubeIDE_1.19.0/STM32CubeIDE/plugins/com.st.stm32cube.ide.mcu.externaltools.gnu-tools-for-stm32.13.3.rel1.win32_1.0.0.202411081344/tools/bin/../lib/gcc/arm-none-eabi/13.3.1/../../../../arm-none-eabi/lib/thumb/v7e-m+dp/hard\libc_nano.a(libc_a-stdio.o)
                0x0800ba0a                __sseek
 .text.__sclose
                0x0800ba2e        0x8 C:/ST/STM32CubeIDE_1.19.0/STM32CubeIDE/plugins/com.st.stm32cube.ide.mcu.externaltools.gnu-tools-for-stm32.13.3.rel1.win32_1.0.0.202411081344/tools/bin/../lib/gcc/arm-none-eabi/13.3.1/../../../../arm-none-eabi/lib/thumb/v7e-m+dp/hard\libc_nano.a(libc_a-stdio.o)
                0x0800ba2e                __sclose
 .text.memmove  0x0800ba36       0x34 C:/ST/STM32CubeIDE_1.19.0/STM32CubeIDE/plugins/com.st.stm32cube.ide.mcu.externaltools.gnu-tools-for-stm32.13.3.rel1.win32_1.0.0.202411081344/tools/bin/../lib/gcc/arm-none-eabi/13.3.1/../../../../arm-none-eabi/lib/thumb/v7e-m+dp/hard\libc_nano.a(libc_a-memmove.o)
                0x0800ba36                memmove
 .text.memset   0x0800ba6a       0x10 C:/ST/STM32CubeIDE_1.19.0/STM32CubeIDE/plugins/com.st.stm32cube.ide.mcu.externaltools.gnu-tools-for-stm32.13.3.rel1.win32_1.0.0.202411081344/tools/bin/../lib/gcc/arm-none-eabi/13.3.1/../../../../arm-none-eabi/lib/thumb/v7e-m+dp/hard\libc_nano.a(libc_a-memset.o)
                0x0800ba6a                memset
 *fill*         0x0800ba7a        0x2 
 .text._localeconv_r
                0x0800ba7c        0x8 C:/ST/STM32CubeIDE_1.19.0/STM32CubeIDE/plugins/com.st.stm32cube.ide.mcu.externaltools.gnu-tools-for-stm32.13.3.rel1.win32_1.0.0.202411081344/tools/bin/../lib/gcc/arm-none-eabi/13.3.1/../../../../arm-none-eabi/lib/thumb/v7e-m+dp/hard\libc_nano.a(libc_a-localeconv.o)
                0x0800ba7c                _localeconv_r
 .text._close_r
                0x0800ba84       0x20 C:/ST/STM32CubeIDE_1.19.0/STM32CubeIDE/plugins/com.st.stm32cube.ide.mcu.externaltools.gnu-tools-for-stm32.13.3.rel1.win32_1.0.0.202411081344/tools/bin/../lib/gcc/arm-none-eabi/13.3.1/../../../../arm-none-eabi/lib/thumb/v7e-m+dp/hard\libc_nano.a(libc_a-closer.o)
                0x0800ba84                _close_r
 .text._lseek_r
                0x0800baa4       0x24 C:/ST/STM32CubeIDE_1.19.0/STM32CubeIDE/plugins/com.st.stm32cube.ide.mcu.externaltools.gnu-tools-for-stm32.13.3.rel1.win32_1.0.0.202411081344/tools/bin/../lib/gcc/arm-none-eabi/13.3.1/../../../../arm-none-eabi/lib/thumb/v7e-m+dp/hard\libc_nano.a(libc_a-lseekr.o)
                0x0800baa4                _lseek_r
 .text._read_r  0x0800bac8       0x24 C:/ST/STM32CubeIDE_1.19.0/STM32CubeIDE/plugins/com.st.stm32cube.ide.mcu.externaltools.gnu-tools-for-stm32.13.3.rel1.win32_1.0.0.202411081344/tools/bin/../lib/gcc/arm-none-eabi/13.3.1/../../../../arm-none-eabi/lib/thumb/v7e-m+dp/hard\libc_nano.a(libc_a-readr.o)
                0x0800bac8                _read_r
 .text._sbrk_r  0x0800baec       0x20 C:/ST/STM32CubeIDE_1.19.0/STM32CubeIDE/plugins/com.st.stm32cube.ide.mcu.externaltools.gnu-tools-for-stm32.13.3.rel1.win32_1.0.0.202411081344/tools/bin/../lib/gcc/arm-none-eabi/13.3.1/../../../../arm-none-eabi/lib/thumb/v7e-m+dp/hard\libc_nano.a(libc_a-sbrkr.o)
                0x0800baec                _sbrk_r
 .text._write_r
                0x0800bb0c       0x24 C:/ST/STM32CubeIDE_1.19.0/STM32CubeIDE/plugins/com.st.stm32cube.ide.mcu.externaltools.gnu-tools-for-stm32.13.3.rel1.win32_1.0.0.202411081344/tools/bin/../lib/gcc/arm-none-eabi/13.3.1/../../../../arm-none-eabi/lib/thumb/v7e-m+dp/hard\libc_nano.a(libc_a-writer.o)
                0x0800bb0c                _write_r
 .text.__errno  0x0800bb30        0xc C:/ST/STM32CubeIDE_1.19.0/STM32CubeIDE/plugins/com.st.stm32cube.ide.mcu.externaltools.gnu-tools-for-stm32.13.3.rel1.win32_1.0.0.202411081344/tools/bin/../lib/gcc/arm-none-eabi/13.3.1/../../../../arm-none-eabi/lib/thumb/v7e-m+dp/hard\libc_nano.a(libc_a-errno.o)
                0x0800bb30                __errno
 .text.__libc_init_array
                0x0800bb3c       0x48 C:/ST/STM32CubeIDE_1.19.0/STM32CubeIDE/plugins/com.st.stm32cube.ide.mcu.externaltools.gnu-tools-for-stm32.13.3.rel1.win32_1.0.0.202411081344/tools/bin/../lib/gcc/arm-none-eabi/13.3.1/../../../../arm-none-eabi/lib/thumb/v7e-m+dp/hard\libc_nano.a(libc_a-init.o)
                0x0800bb3c                __libc_init_array
 .text.memcpy   0x0800bb84       0x1c C:/ST/STM32CubeIDE_1.19.0/STM32CubeIDE/plugins/com.st.stm32cube.ide.mcu.externaltools.gnu-tools-for-stm32.13.3.rel1.win32_1.0.0.202411081344/tools/bin/../lib/gcc/arm-none-eabi/13.3.1/../../../../arm-none-eabi/lib/thumb/v7e-m+dp/hard\libc_nano.a(libc_a-memcpy-stub.o)
                0x0800bb84                memcpy
 .text.nanf     0x0800bba0        0xc C:/ST/STM32CubeIDE_1.19.0/STM32CubeIDE/plugins/com.st.stm32cube.ide.mcu.externaltools.gnu-tools-for-stm32.13.3.rel1.win32_1.0.0.202411081344/tools/bin/../lib/gcc/arm-none-eabi/13.3.1/../../../../arm-none-eabi/lib/thumb/v7e-m+dp/hard\libc_nano.a(libm_a-sf_nan.o)
                0x0800bba0                nanf
 .text.quorem   0x0800bbac      0x110 C:/ST/STM32CubeIDE_1.19.0/STM32CubeIDE/plugins/com.st.stm32cube.ide.mcu.externaltools.gnu-tools-for-stm32.13.3.rel1.win32_1.0.0.202411081344/tools/bin/../lib/gcc/arm-none-eabi/13.3.1/../../../../arm-none-eabi/lib/thumb/v7e-m+dp/hard\libc_nano.a(libc_a-dtoa.o)
 *fill*         0x0800bcbc        0x4 
 .text._dtoa_r  0x0800bcc0      0xabc C:/ST/STM32CubeIDE_1.19.0/STM32CubeIDE/plugins/com.st.stm32cube.ide.mcu.externaltools.gnu-tools-for-stm32.13.3.rel1.win32_1.0.0.202411081344/tools/bin/../lib/gcc/arm-none-eabi/13.3.1/../../../../arm-none-eabi/lib/thumb/v7e-m+dp/hard\libc_nano.a(libc_a-dtoa.o)
                0x0800bcc0                _dtoa_r
 .text._free_r  0x0800c77c       0x94 C:/ST/STM32CubeIDE_1.19.0/STM32CubeIDE/plugins/com.st.stm32cube.ide.mcu.externaltools.gnu-tools-for-stm32.13.3.rel1.win32_1.0.0.202411081344/tools/bin/../lib/gcc/arm-none-eabi/13.3.1/../../../../arm-none-eabi/lib/thumb/v7e-m+dp/hard\libc_nano.a(libc_a-freer.o)
                0x0800c77c                _free_r
 .text._Balloc  0x0800c810       0x80 C:/ST/STM32CubeIDE_1.19.0/STM32CubeIDE/plugins/com.st.stm32cube.ide.mcu.externaltools.gnu-tools-for-stm32.13.3.rel1.win32_1.0.0.202411081344/tools/bin/../lib/gcc/arm-none-eabi/13.3.1/../../../../arm-none-eabi/lib/thumb/v7e-m+dp/hard\libc_nano.a(libc_a-mprec.o)
                0x0800c810                _Balloc
 .text._Bfree   0x0800c890       0x44 C:/ST/STM32CubeIDE_1.19.0/STM32CubeIDE/plugins/com.st.stm32cube.ide.mcu.externaltools.gnu-tools-for-stm32.13.3.rel1.win32_1.0.0.202411081344/tools/bin/../lib/gcc/arm-none-eabi/13.3.1/../../../../arm-none-eabi/lib/thumb/v7e-m+dp/hard\libc_nano.a(libc_a-mprec.o)
                0x0800c890                _Bfree
 .text.__multadd
                0x0800c8d4       0x8c C:/ST/STM32CubeIDE_1.19.0/STM32CubeIDE/plugins/com.st.stm32cube.ide.mcu.externaltools.gnu-tools-for-stm32.13.3.rel1.win32_1.0.0.202411081344/tools/bin/../lib/gcc/arm-none-eabi/13.3.1/../../../../arm-none-eabi/lib/thumb/v7e-m+dp/hard\libc_nano.a(libc_a-mprec.o)
                0x0800c8d4                __multadd
 .text.__s2b    0x0800c960       0x94 C:/ST/STM32CubeIDE_1.19.0/STM32CubeIDE/plugins/com.st.stm32cube.ide.mcu.externaltools.gnu-tools-for-stm32.13.3.rel1.win32_1.0.0.202411081344/tools/bin/../lib/gcc/arm-none-eabi/13.3.1/../../../../arm-none-eabi/lib/thumb/v7e-m+dp/hard\libc_nano.a(libc_a-mprec.o)
                0x0800c960                __s2b
 .text.__hi0bits
                0x0800c9f4       0x3e C:/ST/STM32CubeIDE_1.19.0/STM32CubeIDE/plugins/com.st.stm32cube.ide.mcu.externaltools.gnu-tools-for-stm32.13.3.rel1.win32_1.0.0.202411081344/tools/bin/../lib/gcc/arm-none-eabi/13.3.1/../../../../arm-none-eabi/lib/thumb/v7e-m+dp/hard\libc_nano.a(libc_a-mprec.o)
                0x0800c9f4                __hi0bits
 .text.__lo0bits
                0x0800ca32       0x5a C:/ST/STM32CubeIDE_1.19.0/STM32CubeIDE/plugins/com.st.stm32cube.ide.mcu.externaltools.gnu-tools-for-stm32.13.3.rel1.win32_1.0.0.202411081344/tools/bin/../lib/gcc/arm-none-eabi/13.3.1/../../../../arm-none-eabi/lib/thumb/v7e-m+dp/hard\libc_nano.a(libc_a-mprec.o)
                0x0800ca32                __lo0bits
 .text.__i2b    0x0800ca8c       0x2c C:/ST/STM32CubeIDE_1.19.0/STM32CubeIDE/plugins/com.st.stm32cube.ide.mcu.externaltools.gnu-tools-for-stm32.13.3.rel1.win32_1.0.0.202411081344/tools/bin/../lib/gcc/arm-none-eabi/13.3.1/../../../../arm-none-eabi/lib/thumb/v7e-m+dp/hard\libc_nano.a(libc_a-mprec.o)
                0x0800ca8c                __i2b
 .text.__multiply
                0x0800cab8      0x144 C:/ST/STM32CubeIDE_1.19.0/STM32CubeIDE/plugins/com.st.stm32cube.ide.mcu.externaltools.gnu-tools-for-stm32.13.3.rel1.win32_1.0.0.202411081344/tools/bin/../lib/gcc/arm-none-eabi/13.3.1/../../../../arm-none-eabi/lib/thumb/v7e-m+dp/hard\libc_nano.a(libc_a-mprec.o)
                0x0800cab8                __multiply
 .text.__pow5mult
                0x0800cbfc       0xb4 C:/ST/STM32CubeIDE_1.19.0/STM32CubeIDE/plugins/com.st.stm32cube.ide.mcu.externaltools.gnu-tools-for-stm32.13.3.rel1.win32_1.0.0.202411081344/tools/bin/../lib/gcc/arm-none-eabi/13.3.1/../../../../arm-none-eabi/lib/thumb/v7e-m+dp/hard\libc_nano.a(libc_a-mprec.o)
                0x0800cbfc                __pow5mult
 .text.__lshift
                0x0800ccb0       0xd8 C:/ST/STM32CubeIDE_1.19.0/STM32CubeIDE/plugins/com.st.stm32cube.ide.mcu.externaltools.gnu-tools-for-stm32.13.3.rel1.win32_1.0.0.202411081344/tools/bin/../lib/gcc/arm-none-eabi/13.3.1/../../../../arm-none-eabi/lib/thumb/v7e-m+dp/hard\libc_nano.a(libc_a-mprec.o)
                0x0800ccb0                __lshift
 .text.__mcmp   0x0800cd88       0x36 C:/ST/STM32CubeIDE_1.19.0/STM32CubeIDE/plugins/com.st.stm32cube.ide.mcu.externaltools.gnu-tools-for-stm32.13.3.rel1.win32_1.0.0.202411081344/tools/bin/../lib/gcc/arm-none-eabi/13.3.1/../../../../arm-none-eabi/lib/thumb/v7e-m+dp/hard\libc_nano.a(libc_a-mprec.o)
                0x0800cd88                __mcmp
 *fill*         0x0800cdbe        0x2 
 .text.__mdiff  0x0800cdc0      0x128 C:/ST/STM32CubeIDE_1.19.0/STM32CubeIDE/plugins/com.st.stm32cube.ide.mcu.externaltools.gnu-tools-for-stm32.13.3.rel1.win32_1.0.0.202411081344/tools/bin/../lib/gcc/arm-none-eabi/13.3.1/../../../../arm-none-eabi/lib/thumb/v7e-m+dp/hard\libc_nano.a(libc_a-mprec.o)
                0x0800cdc0                __mdiff
 .text.__ulp    0x0800cee8       0x4c C:/ST/STM32CubeIDE_1.19.0/STM32CubeIDE/plugins/com.st.stm32cube.ide.mcu.externaltools.gnu-tools-for-stm32.13.3.rel1.win32_1.0.0.202411081344/tools/bin/../lib/gcc/arm-none-eabi/13.3.1/../../../../arm-none-eabi/lib/thumb/v7e-m+dp/hard\libc_nano.a(libc_a-mprec.o)
                0x0800cee8                __ulp
 .text.__b2d    0x0800cf34       0x94 C:/ST/STM32CubeIDE_1.19.0/STM32CubeIDE/plugins/com.st.stm32cube.ide.mcu.externaltools.gnu-tools-for-stm32.13.3.rel1.win32_1.0.0.202411081344/tools/bin/../lib/gcc/arm-none-eabi/13.3.1/../../../../arm-none-eabi/lib/thumb/v7e-m+dp/hard\libc_nano.a(libc_a-mprec.o)
                0x0800cf34                __b2d
 .text.__d2b    0x0800cfc8       0xb0 C:/ST/STM32CubeIDE_1.19.0/STM32CubeIDE/plugins/com.st.stm32cube.ide.mcu.externaltools.gnu-tools-for-stm32.13.3.rel1.win32_1.0.0.202411081344/tools/bin/../lib/gcc/arm-none-eabi/13.3.1/../../../../arm-none-eabi/lib/thumb/v7e-m+dp/hard\libc_nano.a(libc_a-mprec.o)
                0x0800cfc8                __d2b
 .text.__ratio  0x0800d078       0x5e C:/ST/STM32CubeIDE_1.19.0/STM32CubeIDE/plugins/com.st.stm32cube.ide.mcu.externaltools.gnu-tools-for-stm32.13.3.rel1.win32_1.0.0.202411081344/tools/bin/../lib/gcc/arm-none-eabi/13.3.1/../../../../arm-none-eabi/lib/thumb/v7e-m+dp/hard\libc_nano.a(libc_a-mprec.o)
                0x0800d078                __ratio
 .text.__copybits
                0x0800d0d6       0x46 C:/ST/STM32CubeIDE_1.19.0/STM32CubeIDE/plugins/com.st.stm32cube.ide.mcu.externaltools.gnu-tools-for-stm32.13.3.rel1.win32_1.0.0.202411081344/tools/bin/../lib/gcc/arm-none-eabi/13.3.1/../../../../arm-none-eabi/lib/thumb/v7e-m+dp/hard\libc_nano.a(libc_a-mprec.o)
                0x0800d0d6                __copybits
 .text.__any_on
                0x0800d11c       0x42 C:/ST/STM32CubeIDE_1.19.0/STM32CubeIDE/plugins/com.st.stm32cube.ide.mcu.externaltools.gnu-tools-for-stm32.13.3.rel1.win32_1.0.0.202411081344/tools/bin/../lib/gcc/arm-none-eabi/13.3.1/../../../../arm-none-eabi/lib/thumb/v7e-m+dp/hard\libc_nano.a(libc_a-mprec.o)
                0x0800d11c                __any_on
 .text.sulp     0x0800d15e       0x34 C:/ST/STM32CubeIDE_1.19.0/STM32CubeIDE/plugins/com.st.stm32cube.ide.mcu.externaltools.gnu-tools-for-stm32.13.3.rel1.win32_1.0.0.202411081344/tools/bin/../lib/gcc/arm-none-eabi/13.3.1/../../../../arm-none-eabi/lib/thumb/v7e-m+dp/hard\libc_nano.a(libc_a-strtod.o)
 *fill*         0x0800d192        0x6 
 .text._strtod_l
                0x0800d198      0xb34 C:/ST/STM32CubeIDE_1.19.0/STM32CubeIDE/plugins/com.st.stm32cube.ide.mcu.externaltools.gnu-tools-for-stm32.13.3.rel1.win32_1.0.0.202411081344/tools/bin/../lib/gcc/arm-none-eabi/13.3.1/../../../../arm-none-eabi/lib/thumb/v7e-m+dp/hard\libc_nano.a(libc_a-strtod.o)
                0x0800d198                _strtod_l
 .text._strtod_r
                0x0800dccc        0xc C:/ST/STM32CubeIDE_1.19.0/STM32CubeIDE/plugins/com.st.stm32cube.ide.mcu.externaltools.gnu-tools-for-stm32.13.3.rel1.win32_1.0.0.202411081344/tools/bin/../lib/gcc/arm-none-eabi/13.3.1/../../../../arm-none-eabi/lib/thumb/v7e-m+dp/hard\libc_nano.a(libc_a-strtod.o)
                0x0800dccc                _strtod_r
 .text._strtol_l.isra.0
                0x0800dcd8       0xf4 C:/ST/STM32CubeIDE_1.19.0/STM32CubeIDE/plugins/com.st.stm32cube.ide.mcu.externaltools.gnu-tools-for-stm32.13.3.rel1.win32_1.0.0.202411081344/tools/bin/../lib/gcc/arm-none-eabi/13.3.1/../../../../arm-none-eabi/lib/thumb/v7e-m+dp/hard\libc_nano.a(libc_a-strtol.o)
 .text._strtol_r
                0x0800ddcc        0x4 C:/ST/STM32CubeIDE_1.19.0/STM32CubeIDE/plugins/com.st.stm32cube.ide.mcu.externaltools.gnu-tools-for-stm32.13.3.rel1.win32_1.0.0.202411081344/tools/bin/../lib/gcc/arm-none-eabi/13.3.1/../../../../arm-none-eabi/lib/thumb/v7e-m+dp/hard\libc_nano.a(libc_a-strtol.o)
                0x0800ddcc                _strtol_r
 .text.__ssputs_r
                0x0800ddd0       0xb6 C:/ST/STM32CubeIDE_1.19.0/STM32CubeIDE/plugins/com.st.stm32cube.ide.mcu.externaltools.gnu-tools-for-stm32.13.3.rel1.win32_1.0.0.202411081344/tools/bin/../lib/gcc/arm-none-eabi/13.3.1/../../../../arm-none-eabi/lib/thumb/v7e-m+dp/hard\libc_nano.a(libc_a-nano-svfprintf.o)
                0x0800ddd0                __ssputs_r
 *fill*         0x0800de86        0x2 
 .text._svfprintf_r
                0x0800de88      0x1f8 C:/ST/STM32CubeIDE_1.19.0/STM32CubeIDE/plugins/com.st.stm32cube.ide.mcu.externaltools.gnu-tools-for-stm32.13.3.rel1.win32_1.0.0.202411081344/tools/bin/../lib/gcc/arm-none-eabi/13.3.1/../../../../arm-none-eabi/lib/thumb/v7e-m+dp/hard\libc_nano.a(libc_a-nano-svfprintf.o)
                0x0800de88                _svfiprintf_r
                0x0800de88                _svfprintf_r
 .text.__sflush_r
                0x0800e080      0x108 C:/ST/STM32CubeIDE_1.19.0/STM32CubeIDE/plugins/com.st.stm32cube.ide.mcu.externaltools.gnu-tools-for-stm32.13.3.rel1.win32_1.0.0.202411081344/tools/bin/../lib/gcc/arm-none-eabi/13.3.1/../../../../arm-none-eabi/lib/thumb/v7e-m+dp/hard\libc_nano.a(libc_a-fflush.o)
                0x0800e080                __sflush_r
 .text._fflush_r
                0x0800e188       0x50 C:/ST/STM32CubeIDE_1.19.0/STM32CubeIDE/plugins/com.st.stm32cube.ide.mcu.externaltools.gnu-tools-for-stm32.13.3.rel1.win32_1.0.0.202411081344/tools/bin/../lib/gcc/arm-none-eabi/13.3.1/../../../../arm-none-eabi/lib/thumb/v7e-m+dp/hard\libc_nano.a(libc_a-fflush.o)
                0x0800e188                _fflush_r
 .text.strncmp  0x0800e1d8       0x24 C:/ST/STM32CubeIDE_1.19.0/STM32CubeIDE/plugins/com.st.stm32cube.ide.mcu.externaltools.gnu-tools-for-stm32.13.3.rel1.win32_1.0.0.202411081344/tools/bin/../lib/gcc/arm-none-eabi/13.3.1/../../../../arm-none-eabi/lib/thumb/v7e-m+dp/hard\libc_nano.a(libc_a-strncmp.o)
                0x0800e1d8                strncmp
 *fill*         0x0800e1fc        0x4 