../Core/Src/fc/control/Pid.c:8:6:pidInit	8	static
../Core/Src/fc/control/Pid.c:25:6:pidSetKP	0	static
../Core/Src/fc/control/Pid.c:32:6:pidSetKI	0	static
../Core/Src/fc/control/Pid.c:39:6:pidSetKD	0	static
../Core/Src/fc/control/Pid.c:46:6:pidSetPIDOutputLimits	0	static
../Core/Src/fc/control/Pid.c:63:6:pidSetPOutputLimits	0	static
../Core/Src/fc/control/Pid.c:71:6:pidSetIOutputLimits	0	static
../Core/Src/fc/control/Pid.c:79:6:pidSetDOutputLimits	0	static
../Core/Src/fc/control/Pid.c:87:6:pidReset	0	static
../Core/Src/fc/control/Pid.c:99:6:pidResetI	0	static
../Core/Src/fc/control/Pid.c:106:6:pidResetD	0	static
../Core/Src/fc/control/Pid.c:115:6:pidUpdateWithGains	32	static
../Core/Src/fc/control/Pid.c:159:6:pidUpdate	24	static
