../Core/Src/fc/managers/position/estimator/PositionEstimator.c:234:13:_axisVelocityUpdate.constprop	32	static
../Core/Src/fc/managers/position/estimator/PositionEstimator.c:6:9:positionEKFInit	8	static
../Core/Src/fc/managers/position/estimator/PositionEstimator.c:36:6:positionEKFPredict	16	static
../Core/Src/fc/managers/position/estimator/PositionEstimator.c:91:6:positionEKFReset	0	static
../Core/Src/fc/managers/position/estimator/PositionEstimator.c:284:6:positionEKFUpdateZMeasure	0	static
../Core/Src/fc/managers/position/estimator/PositionEstimator.c:289:6:positionEKFUpdateZMeasureWithBias	0	static
../Core/Src/fc/managers/position/estimator/PositionEstimator.c:294:6:positionEKFUpdateXYMeasure	8	static
../Core/Src/fc/managers/position/estimator/PositionEstimator.c:303:6:positionEKFApplyXYDamping	8	static
../Core/Src/fc/managers/position/estimator/PositionEstimator.c:313:6:positionEKFApplyZDamping	0	static
