../Core/Src/fc/managers/position/estimator/PositionEstimator.c:179:13:_axisVelocityUpdate.constprop	32	static
../Core/Src/fc/managers/position/estimator/PositionEstimator.c:6:9:positionEKFInit	8	static
../Core/Src/fc/managers/position/estimator/PositionEstimator.c:36:6:positionEKFPredict	16	static
../Core/Src/fc/managers/position/estimator/PositionEstimator.c:91:6:positionEKFReset	0	static
../Core/Src/fc/managers/position/estimator/PositionEstimator.c:229:6:positionEKFUpdateZMeasure	0	static
../Core/Src/fc/managers/position/estimator/PositionEstimator.c:234:6:positionEKFUpdateXYMeasure	8	static
../Core/Src/fc/managers/position/estimator/PositionEstimator.c:243:6:positionEKFApplyXYDamping	8	static
../Core/Src/fc/managers/position/estimator/PositionEstimator.c:253:6:positionEKFApplyZDamping	0	static
