../Core/Src/fc/sensors/altitude/devices/bmp581/BMP581.c:330:6:__deviceBaroBMP581Callback	8	static
../Core/Src/fc/sensors/altitude/devices/bmp581/BMP581.c:28:9:baroCheckConnection	80	static
../Core/Src/fc/sensors/altitude/devices/bmp581/BMP581.c:46:9:baroCheckDataReady	16	static
../Core/Src/fc/sensors/altitude/devices/bmp581/BMP581.c:55:6:deviceBaroReadIntStatus	8	static
../Core/Src/fc/sensors/altitude/devices/bmp581/BMP581.c:64:9:deviceBaroReset	16	static
../Core/Src/fc/sensors/altitude/devices/bmp581/BMP581.c:117:9:bmp581Configure	8	static
../Core/Src/fc/sensors/altitude/devices/bmp581/BMP581.c:77:9:deviceBaroInit	80	static
../Core/Src/fc/sensors/altitude/devices/bmp581/BMP581.c:234:9:bmp581ConfigureOld	16	static
../Core/Src/fc/sensors/altitude/devices/bmp581/BMP581.c:277:6:bmp581Caliberate	0	static
../Core/Src/fc/sensors/altitude/devices/bmp581/BMP581.c:286:6:bmp581CalculateAltitude	8	static
../Core/Src/fc/sensors/altitude/devices/bmp581/BMP581.c:296:6:deviceBaroDataProcess	8	static
../Core/Src/fc/sensors/altitude/devices/bmp581/BMP581.c:313:9:deviceBaroLoadData	16	static
../Core/Src/fc/sensors/altitude/devices/bmp581/BMP581.c:340:9:deviceBaroRead	8	static
