../Core/Src/fc/sensors/attitude/devices/rm3100/RM3100.c:84:6:__deviceRM3100Callback	8	static
../Core/Src/fc/sensors/attitude/devices/rm3100/RM3100.c:20:9:memsMCheckConnection	64	static
../Core/Src/fc/sensors/attitude/devices/rm3100/RM3100.c:31:6:rm3100_reset	0	static
../Core/Src/fc/sensors/attitude/devices/rm3100/RM3100.c:37:9:deviceMAGInit	64	static
../Core/Src/fc/sensors/attitude/devices/rm3100/RM3100.c:78:9:rm3100SetMode	0	static
../Core/Src/fc/sensors/attitude/devices/rm3100/RM3100.c:92:9:deviceMagLoadData	4	static
../Core/Src/fc/sensors/attitude/devices/rm3100/RM3100.c:118:9:rm3100Read	8	static
../Core/Src/fc/sensors/attitude/devices/rm3100/RM3100.c:142:6:rm3100ApplyScaling	0	static
../Core/Src/fc/sensors/attitude/devices/rm3100/RM3100.c:148:9:rm3100SetCycleCount	0	static
../Core/Src/fc/sensors/attitude/devices/rm3100/RM3100.c:170:9:deviceMagReadOffset	0	static
../Core/Src/fc/sensors/attitude/devices/rm3100/RM3100.c:175:9:deviceMagRead	8	static
../Core/Src/fc/sensors/attitude/devices/rm3100/RM3100.c:179:6:deviceMagApplyOrientationForImu	0	static
../Core/Src/fc/sensors/attitude/devices/rm3100/RM3100.c:183:6:deviceMagApplyOffsetCorrection	0	static
../Core/Src/fc/sensors/attitude/devices/rm3100/RM3100.c:202:6:deviceMagApplyDataScaling	0	static
