../Core/Src/fc/managers/rc/RCManager.c:71:6:rcTask	16	static
../Core/Src/fc/managers/rc/RCManager.c:31:6:loadRCStickMids	8	static
../Core/Src/fc/managers/rc/RCManager.c:41:9:initRCManager	8	static
../Core/Src/fc/managers/rc/RCManager.c:56:6:rcCheckActive	16	static
../Core/Src/fc/managers/rc/RCManager.c:116:6:determineFCState	0	static
../Core/Src/fc/managers/rc/RCManager.c:140:6:resetFCStatus	0	static
../Core/Src/fc/managers/rc/RCManager.c:148:6:resetRCManager	4	static
../Core/Src/fc/managers/rc/RCManager.c:175:6:configureRCStickControl	8	static
../Core/Src/fc/managers/rc/RCManager.c:182:9:getThrottleChannelValue	0	static
../Core/Src/fc/managers/rc/RCManager.c:186:9:getPitchChannelValue	0	static
../Core/Src/fc/managers/rc/RCManager.c:190:9:getRollChannelValue	0	static
../Core/Src/fc/managers/rc/RCManager.c:194:9:getYawChannelValue	0	static
../Core/Src/fc/managers/rc/RCManager.c:201:6:applyRCStickEffectiveness	0	static
../Core/Src/fc/managers/rc/RCManager.c:211:6:loadRCStickDelta	8	static
../Core/Src/fc/managers/rc/RCManager.c:87:6:processRCData	16	static
../Core/Src/fc/managers/rc/RCManager.c:76:6:doRCManagement	8	static
../Core/Src/fc/managers/rc/RCManager.c:231:9:isThrottleCentered	8	static
../Core/Src/fc/managers/rc/RCManager.c:242:9:isYawCentered	8	static
../Core/Src/fc/managers/rc/RCManager.c:253:9:isRollCentered	8	static
../Core/Src/fc/managers/rc/RCManager.c:264:9:isPitchCentered	8	static
../Core/Src/fc/managers/rc/RCManager.c:275:9:isHeadLessModeActive	0	static
../Core/Src/fc/managers/rc/RCManager.c:279:9:isTerrainAltModeActive	0	static
../Core/Src/fc/managers/rc/RCManager.c:285:9:canEnableAltHold	0	static
../Core/Src/fc/managers/rc/RCManager.c:297:9:isGlobalPosHoldModeActive	0	static
../Core/Src/fc/managers/rc/RCManager.c:304:9:canEnableGlobalPosHold	0	static
../Core/Src/fc/managers/rc/RCManager.c:317:9:isRTHModeActive	0	static
../Core/Src/fc/managers/rc/RCManager.c:324:9:canEnableLandingMode	0	static
../Core/Src/fc/managers/rc/RCManager.c:331:9:canEnableRTH	0	static
../Core/Src/fc/managers/rc/RCManager.c:343:9:canStartModel	8	static
../Core/Src/fc/managers/rc/RCManager.c:354:9:canArmModel	8	static
../Core/Src/fc/managers/rc/RCManager.c:365:9:applyStickDeadBand	0	static
