../Core/Src/fc/sensors/attitude/devices/ism330/ISM330.c:172:6:__deviceAGTCallback	8	static
../Core/Src/fc/sensors/attitude/devices/ism330/ISM330.c:29:9:memsAGTCheckConnection	64	static
../Core/Src/fc/sensors/attitude/devices/ism330/ISM330.c:42:9:deviceAGInit	72	static
../Core/Src/fc/sensors/attitude/devices/ism330/ISM330.c:81:6:ism330Reset	0	static
../Core/Src/fc/sensors/attitude/devices/ism330/ISM330.c:91:6:ism330ConfigureAcc	0	static
../Core/Src/fc/sensors/attitude/devices/ism330/ISM330.c:102:6:ism330ConfigureGyro	16	static
../Core/Src/fc/sensors/attitude/devices/ism330/ISM330.c:122:6:memsDeriveGyroSensitivity	0	static
../Core/Src/fc/sensors/attitude/devices/ism330/ISM330.c:151:6:memsDeriveAccSensitivity	0	static
../Core/Src/fc/sensors/attitude/devices/ism330/ISM330.c:180:9:deviceAccGyroTempLoadData	8	static
../Core/Src/fc/sensors/attitude/devices/ism330/ISM330.c:202:9:deviceAccGyroTempRead	8	static
../Core/Src/fc/sensors/attitude/devices/ism330/ISM330.c:224:9:deviceAccRead	8	static
../Core/Src/fc/sensors/attitude/devices/ism330/ISM330.c:234:9:deviceGyroRead	8	static
../Core/Src/fc/sensors/attitude/devices/ism330/ISM330.c:244:9:deviceTempRead	8	static
../Core/Src/fc/sensors/attitude/devices/ism330/ISM330.c:253:6:deviceAccApplyOrientationForImu	0	static
../Core/Src/fc/sensors/attitude/devices/ism330/ISM330.c:257:6:deviceGyroApplyOrientationForImu	0	static
../Core/Src/fc/sensors/attitude/devices/ism330/ISM330.c:261:6:deviceGyroApplyTempOffsetCorrection	0	static
../Core/Src/fc/sensors/attitude/devices/ism330/ISM330.c:270:6:deviceAccApplyTempOffsetCorrection	0	static
../Core/Src/fc/sensors/attitude/devices/ism330/ISM330.c:279:6:deviceAccApplyOffsetCorrection	0	static
../Core/Src/fc/sensors/attitude/devices/ism330/ISM330.c:286:6:deviceGyroApplyOffsetCorrection	0	static
../Core/Src/fc/sensors/attitude/devices/ism330/ISM330.c:293:6:deviceAccApplyDataScaling	0	static
../Core/Src/fc/sensors/attitude/devices/ism330/ISM330.c:300:6:deviceGyroApplyDataScaling	0	static
../Core/Src/fc/sensors/attitude/devices/ism330/ISM330.c:306:6:deviceTempApplyDataScaling	0	static
../Core/Src/fc/sensors/attitude/devices/ism330/ISM330.c:310:7:deviceAccGetMaxValidG	0	static
../Core/Src/fc/sensors/attitude/devices/ism330/ISM330.c:314:7:deviceGyroGetMaxValidDS	0	static
