../Core/Src/fc/sensors/attitude/AttitudeSensor.c:99:6:resetAttitudeSensors	0	static
../Core/Src/fc/sensors/attitude/AttitudeSensor.c:119:6:loadAttitudeSensorConfig	24	static
../Core/Src/fc/sensors/attitude/AttitudeSensor.c:46:9:initAttitudeSensors	16	static
../Core/Src/fc/sensors/attitude/AttitudeSensor.c:176:6:updateAccSensorData	16	static
../Core/Src/fc/sensors/attitude/AttitudeSensor.c:194:7:getMaxValidG	0	static
../Core/Src/fc/sensors/attitude/AttitudeSensor.c:198:7:getMaxValidDS	0	static
../Core/Src/fc/sensors/attitude/AttitudeSensor.c:202:6:updateGyroSensorData	16	static
../Core/Src/fc/sensors/attitude/AttitudeSensor.c:219:6:updateTempSensorData	8	static
../Core/Src/fc/sensors/attitude/AttitudeSensor.c:225:6:updateAGTSensorData	16	static
../Core/Src/fc/sensors/attitude/AttitudeSensor.c:232:6:updateMagSensorData	16	static
../Core/Src/fc/sensors/attitude/AttitudeSensor.c:242:9:loadAccGyroTempSensorData	0	static
../Core/Src/fc/sensors/attitude/AttitudeSensor.c:247:9:readAccGyroTempSensor	8	static
../Core/Src/fc/sensors/attitude/AttitudeSensor.c:255:9:readMagSensor	8	static
../Core/Src/fc/sensors/attitude/AttitudeSensor.c:262:9:loadMagSensorData	0	static
../Core/Src/fc/sensors/attitude/AttitudeSensor.c:266:6:calculateAccAndGyroBias	32	static
../Core/Src/fc/sensors/attitude/AttitudeSensor.c:313:6:calculateMagBias	40	static
../Core/Src/fc/sensors/attitude/AttitudeSensor.c:387:6:sendAttitudeTempCalibData	0	static
../Core/Src/fc/sensors/attitude/AttitudeSensor.c:398:6:calculateAccAndGyroTempCoeff	32	static
